Archive member included to satisfy reference by file (symbol)

/home/lucho/st/stm32cubeide_1.4.0/plugins/com.st.stm32cube.ide.mcu.externaltools.gnu-tools-for-stm32.7-2018-q2-update.linux64_1.4.0.202007081208/tools/bin/../lib/gcc/arm-none-eabi/7.3.1/../../../../arm-none-eabi/lib/thumb/v7-m/libc_nano.a(lib_a-errno.o)
                              Core/Src/syscalls.o (__errno)
/home/lucho/st/stm32cubeide_1.4.0/plugins/com.st.stm32cube.ide.mcu.externaltools.gnu-tools-for-stm32.7-2018-q2-update.linux64_1.4.0.202007081208/tools/bin/../lib/gcc/arm-none-eabi/7.3.1/../../../../arm-none-eabi/lib/thumb/v7-m/libc_nano.a(lib_a-exit.o)
                              /home/lucho/st/stm32cubeide_1.4.0/plugins/com.st.stm32cube.ide.mcu.externaltools.gnu-tools-for-stm32.7-2018-q2-update.linux64_1.4.0.202007081208/tools/bin/../lib/gcc/arm-none-eabi/7.3.1/../../../../arm-none-eabi/lib/thumb/v7-m/crt0.o (exit)
/home/lucho/st/stm32cubeide_1.4.0/plugins/com.st.stm32cube.ide.mcu.externaltools.gnu-tools-for-stm32.7-2018-q2-update.linux64_1.4.0.202007081208/tools/bin/../lib/gcc/arm-none-eabi/7.3.1/../../../../arm-none-eabi/lib/thumb/v7-m/libc_nano.a(lib_a-impure.o)
                              /home/lucho/st/stm32cubeide_1.4.0/plugins/com.st.stm32cube.ide.mcu.externaltools.gnu-tools-for-stm32.7-2018-q2-update.linux64_1.4.0.202007081208/tools/bin/../lib/gcc/arm-none-eabi/7.3.1/../../../../arm-none-eabi/lib/thumb/v7-m/libc_nano.a(lib_a-exit.o) (_global_impure_ptr)
/home/lucho/st/stm32cubeide_1.4.0/plugins/com.st.stm32cube.ide.mcu.externaltools.gnu-tools-for-stm32.7-2018-q2-update.linux64_1.4.0.202007081208/tools/bin/../lib/gcc/arm-none-eabi/7.3.1/../../../../arm-none-eabi/lib/thumb/v7-m/libc_nano.a(lib_a-init.o)
                              /home/lucho/st/stm32cubeide_1.4.0/plugins/com.st.stm32cube.ide.mcu.externaltools.gnu-tools-for-stm32.7-2018-q2-update.linux64_1.4.0.202007081208/tools/bin/../lib/gcc/arm-none-eabi/7.3.1/../../../../arm-none-eabi/lib/thumb/v7-m/crt0.o (__libc_init_array)
/home/lucho/st/stm32cubeide_1.4.0/plugins/com.st.stm32cube.ide.mcu.externaltools.gnu-tools-for-stm32.7-2018-q2-update.linux64_1.4.0.202007081208/tools/bin/../lib/gcc/arm-none-eabi/7.3.1/../../../../arm-none-eabi/lib/thumb/v7-m/libc_nano.a(lib_a-memset.o)
                              /home/lucho/st/stm32cubeide_1.4.0/plugins/com.st.stm32cube.ide.mcu.externaltools.gnu-tools-for-stm32.7-2018-q2-update.linux64_1.4.0.202007081208/tools/bin/../lib/gcc/arm-none-eabi/7.3.1/../../../../arm-none-eabi/lib/thumb/v7-m/crt0.o (memset)
/home/lucho/st/stm32cubeide_1.4.0/plugins/com.st.stm32cube.ide.mcu.externaltools.gnu-tools-for-stm32.7-2018-q2-update.linux64_1.4.0.202007081208/tools/bin/../lib/gcc/arm-none-eabi/7.3.1/../../../../arm-none-eabi/lib/thumb/v7-m/libm.a(lib_a-w_sqrt.o)
                              Core/Src/main.o (sqrt)
/home/lucho/st/stm32cubeide_1.4.0/plugins/com.st.stm32cube.ide.mcu.externaltools.gnu-tools-for-stm32.7-2018-q2-update.linux64_1.4.0.202007081208/tools/bin/../lib/gcc/arm-none-eabi/7.3.1/../../../../arm-none-eabi/lib/thumb/v7-m/libm.a(lib_a-e_sqrt.o)
                              /home/lucho/st/stm32cubeide_1.4.0/plugins/com.st.stm32cube.ide.mcu.externaltools.gnu-tools-for-stm32.7-2018-q2-update.linux64_1.4.0.202007081208/tools/bin/../lib/gcc/arm-none-eabi/7.3.1/../../../../arm-none-eabi/lib/thumb/v7-m/libm.a(lib_a-w_sqrt.o) (__ieee754_sqrt)
/home/lucho/st/stm32cubeide_1.4.0/plugins/com.st.stm32cube.ide.mcu.externaltools.gnu-tools-for-stm32.7-2018-q2-update.linux64_1.4.0.202007081208/tools/bin/../lib/gcc/arm-none-eabi/7.3.1/../../../../arm-none-eabi/lib/thumb/v7-m/libm.a(lib_a-s_lib_ver.o)
                              /home/lucho/st/stm32cubeide_1.4.0/plugins/com.st.stm32cube.ide.mcu.externaltools.gnu-tools-for-stm32.7-2018-q2-update.linux64_1.4.0.202007081208/tools/bin/../lib/gcc/arm-none-eabi/7.3.1/../../../../arm-none-eabi/lib/thumb/v7-m/libm.a(lib_a-w_sqrt.o) (__fdlib_version)
/home/lucho/st/stm32cubeide_1.4.0/plugins/com.st.stm32cube.ide.mcu.externaltools.gnu-tools-for-stm32.7-2018-q2-update.linux64_1.4.0.202007081208/tools/bin/../lib/gcc/arm-none-eabi/7.3.1/../../../../arm-none-eabi/lib/thumb/v7-m/libm.a(lib_a-s_matherr.o)
                              /home/lucho/st/stm32cubeide_1.4.0/plugins/com.st.stm32cube.ide.mcu.externaltools.gnu-tools-for-stm32.7-2018-q2-update.linux64_1.4.0.202007081208/tools/bin/../lib/gcc/arm-none-eabi/7.3.1/../../../../arm-none-eabi/lib/thumb/v7-m/libm.a(lib_a-w_sqrt.o) (matherr)
/home/lucho/st/stm32cubeide_1.4.0/plugins/com.st.stm32cube.ide.mcu.externaltools.gnu-tools-for-stm32.7-2018-q2-update.linux64_1.4.0.202007081208/tools/bin/../lib/gcc/arm-none-eabi/7.3.1/thumb/v7-m/libgcc.a(_arm_addsubdf3.o)
                              /home/lucho/st/stm32cubeide_1.4.0/plugins/com.st.stm32cube.ide.mcu.externaltools.gnu-tools-for-stm32.7-2018-q2-update.linux64_1.4.0.202007081208/tools/bin/../lib/gcc/arm-none-eabi/7.3.1/../../../../arm-none-eabi/lib/thumb/v7-m/libm.a(lib_a-e_sqrt.o) (__aeabi_dsub)
[...]
Memory Configuration

Name             Origin             Length             Attributes
RAM              0x0000000020000000 0x0000000000005000 xrw
FLASH            0x0000000008000000 0x0000000000010000 xr
*default*        0x0000000000000000 0xffffffffffffffff

Linker script and memory map

LOAD /home/lucho/st/stm32cubeide_1.4.0/plugins/com.st.stm32cube.ide.mcu.externaltools.gnu-tools-for-stm32.7-2018-q2-update.linux64_1.4.0.202007081208/tools/bin/../lib/gcc/arm-none-eabi/7.3.1/thumb/v7-m/crti.o
LOAD /home/lucho/st/stm32cubeide_1.4.0/plugins/com.st.stm32cube.ide.mcu.externaltools.gnu-tools-for-stm32.7-2018-q2-update.linux64_1.4.0.202007081208/tools/bin/../lib/gcc/arm-none-eabi/7.3.1/thumb/v7-m/crtbegin.o
LOAD /home/lucho/st/stm32cubeide_1.4.0/plugins/com.st.stm32cube.ide.mcu.externaltools.gnu-tools-for-stm32.7-2018-q2-update.linux64_1.4.0.202007081208/tools/bin/../lib/gcc/arm-none-eabi/7.3.1/../../../../arm-none-eabi/lib/thumb/v7-m/crt0.o
LOAD Core/Src/adc.o
LOAD Core/Src/dma.o
LOAD Core/Src/gpio.o
LOAD Core/Src/lcd_fer.o
LOAD Core/Src/main.o
LOAD Core/Src/stm32f1xx_hal_msp.o
LOAD Core/Src/stm32f1xx_it.o
LOAD Core/Src/syscalls.o
LOAD Core/Src/sysmem.o
LOAD Core/Src/system_stm32f1xx.o
LOAD Core/Src/tim.o
LOAD Core/Src/usart.o
LOAD Core/Startup/startup_stm32f103c8tx.o
LOAD Drivers/STM32F1xx_HAL_Driver/Src/stm32f1xx_hal.o
LOAD Drivers/STM32F1xx_HAL_Driver/Src/stm32f1xx_hal_adc.o
LOAD Drivers/STM32F1xx_HAL_Driver/Src/stm32f1xx_hal_adc_ex.o
LOAD Drivers/STM32F1xx_HAL_Driver/Src/stm32f1xx_hal_cortex.o
LOAD Drivers/STM32F1xx_HAL_Driver/Src/stm32f1xx_hal_dma.o
LOAD Drivers/STM32F1xx_HAL_Driver/Src/stm32f1xx_hal_exti.o
LOAD Drivers/STM32F1xx_HAL_Driver/Src/stm32f1xx_hal_flash.o
LOAD Drivers/STM32F1xx_HAL_Driver/Src/stm32f1xx_hal_flash_ex.o
LOAD Drivers/STM32F1xx_HAL_Driver/Src/stm32f1xx_hal_gpio.o
LOAD Drivers/STM32F1xx_HAL_Driver/Src/stm32f1xx_hal_gpio_ex.o
LOAD Drivers/STM32F1xx_HAL_Driver/Src/stm32f1xx_hal_pwr.o
LOAD Drivers/STM32F1xx_HAL_Driver/Src/stm32f1xx_hal_rcc.o
LOAD Drivers/STM32F1xx_HAL_Driver/Src/stm32f1xx_hal_rcc_ex.o
LOAD Drivers/STM32F1xx_HAL_Driver/Src/stm32f1xx_hal_tim.o
LOAD Drivers/STM32F1xx_HAL_Driver/Src/stm32f1xx_hal_tim_ex.o
LOAD Drivers/STM32F1xx_HAL_Driver/Src/stm32f1xx_hal_uart.o
START GROUP
LOAD /home/lucho/st/stm32cubeide_1.4.0/plugins/com.st.stm32cube.ide.mcu.externaltools.gnu-tools-for-stm32.7-2018-q2-update.linux64_1.4.0.202007081208/tools/bin/../lib/gcc/arm-none-eabi/7.3.1/../../../../arm-none-eabi/lib/thumb/v7-m/libc_nano.a
LOAD /home/lucho/st/stm32cubeide_1.4.0/plugins/com.st.stm32cube.ide.mcu.externaltools.gnu-tools-for-stm32.7-2018-q2-update.linux64_1.4.0.202007081208/tools/bin/../lib/gcc/arm-none-eabi/7.3.1/../../../../arm-none-eabi/lib/thumb/v7-m/libm.a
END GROUP
START GROUP
LOAD /home/lucho/st/stm32cubeide_1.4.0/plugins/com.st.stm32cube.ide.mcu.externaltools.gnu-tools-for-stm32.7-2018-q2-update.linux64_1.4.0.202007081208/tools/bin/../lib/gcc/arm-none-eabi/7.3.1/thumb/v7-m/libgcc.a
LOAD /home/lucho/st/stm32cubeide_1.4.0/plugins/com.st.stm32cube.ide.mcu.externaltools.gnu-tools-for-stm32.7-2018-q2-update.linux64_1.4.0.202007081208/tools/bin/../lib/gcc/arm-none-eabi/7.3.1/../../../../arm-none-eabi/lib/thumb/v7-m/libc_nano.a
END GROUP
START GROUP
LOAD /home/lucho/st/stm32cubeide_1.4.0/plugins/com.st.stm32cube.ide.mcu.externaltools.gnu-tools-for-stm32.7-2018-q2-update.linux64_1.4.0.202007081208/tools/bin/../lib/gcc/arm-none-eabi/7.3.1/thumb/v7-m/libgcc.a
LOAD /home/lucho/st/stm32cubeide_1.4.0/plugins/com.st.stm32cube.ide.mcu.externaltools.gnu-tools-for-stm32.7-2018-q2-update.linux64_1.4.0.202007081208/tools/bin/../lib/gcc/arm-none-eabi/7.3.1/../../../../arm-none-eabi/lib/thumb/v7-m/libc_nano.a
LOAD /home/lucho/st/stm32cubeide_1.4.0/plugins/com.st.stm32cube.ide.mcu.externaltools.gnu-tools-for-stm32.7-2018-q2-update.linux64_1.4.0.202007081208/tools/bin/../lib/gcc/arm-none-eabi/7.3.1/../../../../arm-none-eabi/lib/thumb/v7-m/libnosys.a
END GROUP
START GROUP
LOAD /home/lucho/st/stm32cubeide_1.4.0/plugins/com.st.stm32cube.ide.mcu.externaltools.gnu-tools-for-stm32.7-2018-q2-update.linux64_1.4.0.202007081208/tools/bin/../lib/gcc/arm-none-eabi/7.3.1/thumb/v7-m/libgcc.a
LOAD /home/lucho/st/stm32cubeide_1.4.0/plugins/com.st.stm32cube.ide.mcu.externaltools.gnu-tools-for-stm32.7-2018-q2-update.linux64_1.4.0.202007081208/tools/bin/../lib/gcc/arm-none-eabi/7.3.1/../../../../arm-none-eabi/lib/thumb/v7-m/libc_nano.a
LOAD /home/lucho/st/stm32cubeide_1.4.0/plugins/com.st.stm32cube.ide.mcu.externaltools.gnu-tools-for-stm32.7-2018-q2-update.linux64_1.4.0.202007081208/tools/bin/../lib/gcc/arm-none-eabi/7.3.1/../../../../arm-none-eabi/lib/thumb/v7-m/libnosys.a
END GROUP
LOAD /home/lucho/st/stm32cubeide_1.4.0/plugins/com.st.stm32cube.ide.mcu.externaltools.gnu-tools-for-stm32.7-2018-q2-update.linux64_1.4.0.202007081208/tools/bin/../lib/gcc/arm-none-eabi/7.3.1/thumb/v7-m/crtend.o
LOAD /home/lucho/st/stm32cubeide_1.4.0/plugins/com.st.stm32cube.ide.mcu.externaltools.gnu-tools-for-stm32.7-2018-q2-update.linux64_1.4.0.202007081208/tools/bin/../lib/gcc/arm-none-eabi/7.3.1/thumb/v7-m/crtn.o
                0x0000000020005000                _estack = (ORIGIN (RAM) + LENGTH (RAM))
                0x0000000000000200                _Min_Heap_Size = 0x200
                0x0000000000000400                _Min_Stack_Size = 0x400

.isr_vector     0x0000000008000000      0x10c
                0x0000000008000000                . = ALIGN (0x4)
 *(.isr_vector)
 .isr_vector    0x0000000008000000      0x10c Core/Startup/startup_stm32f103c8tx.o
                0x0000000008000000                g_pfnVectors
                0x000000000800010c                . = ALIGN (0x4)

.text           0x0000000008000110     0x482c
                0x0000000008000110                . = ALIGN (0x4)
 *(.text)
 .text          0x0000000008000110       0x40 /home/lucho/st/stm32cubeide_1.4.0/plugins/com.st.stm32cube.ide.mcu.externaltools.gnu-tools-for-stm32.7-2018-q2-update.linux64_1.4.0.202007081208/tools/bin/../lib/gcc/arm-none-eabi/7.3.1/thumb/v7-m/crtbegin.o
 .text          0x0000000008000150      0x378 /home/lucho/st/stm32cubeide_1.4.0/plugins/com.st.stm32cube.ide.mcu.externaltools.gnu-tools-for-stm32.7-2018-q2-update.linux64_1.4.0.202007081208/tools/bin/../lib/gcc/arm-none-eabi/7.3.1/thumb/v7-m/libgcc.a(_arm_addsubdf3.o)
                0x0000000008000150                __aeabi_drsub
                0x0000000008000158                __aeabi_dsub
                0x0000000008000158                __subdf3
                0x000000000800015c                __adddf3
                0x000000000800015c                __aeabi_dadd
                0x00000000080003d4                __aeabi_ui2d
                0x00000000080003d4                __floatunsidf
                0x00000000080003f4                __floatsidf
                0x00000000080003f4                __aeabi_i2d
                0x0000000008000418                __extendsfdf2
                0x0000000008000418                __aeabi_f2d
                0x000000000800045c                __aeabi_ul2d
                0x000000000800045c                __floatundidf
                0x000000000800046c                __floatdidf
                0x000000000800046c                __aeabi_l2d
 .text          0x00000000080004c8      0x424 /home/lucho/st/stm32cubeide_1.4.0/plugins/com.st.stm32cube.ide.mcu.externaltools.gnu-tools-for-stm32.7-2018-q2-update.linux64_1.4.0.202007081208/tools/bin/../lib/gcc/arm-none-eabi/7.3.1/thumb/v7-m/libgcc.a(_arm_muldivdf3.o)
                0x00000000080004c8                __aeabi_dmul
                0x00000000080004c8                __muldf3
                0x000000000800071c                __aeabi_ddiv
                0x000000000800071c                __divdf3
 .text          0x00000000080008ec      0x110 /home/lucho/st/stm32cubeide_1.4.0/plugins/com.st.stm32cube.ide.mcu.externaltools.gnu-tools-for-stm32.7-2018-q2-update.linux64_1.4.0.202007081208/tools/bin/../lib/gcc/arm-none-eabi/7.3.1/thumb/v7-m/libgcc.a(_arm_cmpdf2.o)
                0x00000000080008ec                __gtdf2
                0x00000000080008ec                __gedf2
                0x00000000080008f4                __ltdf2
                0x00000000080008f4                __ledf2
                0x00000000080008fc                __cmpdf2
                0x00000000080008fc                __eqdf2
                0x00000000080008fc                __nedf2
                0x0000000008000978                __aeabi_cdrcmple
                0x0000000008000988                __aeabi_cdcmple
                0x0000000008000988                __aeabi_cdcmpeq
                0x0000000008000998                __aeabi_dcmpeq
                0x00000000080009ac                __aeabi_dcmplt
                0x00000000080009c0                __aeabi_dcmple
                0x00000000080009d4                __aeabi_dcmpge
                0x00000000080009e8                __aeabi_dcmpgt
 .text          0x00000000080009fc       0x2c /home/lucho/st/stm32cubeide_1.4.0/plugins/com.st.stm32cube.ide.mcu.externaltools.gnu-tools-for-stm32.7-2018-q2-update.linux64_1.4.0.202007081208/tools/bin/../lib/gcc/arm-none-eabi/7.3.1/thumb/v7-m/libgcc.a(_arm_unorddf2.o)
                0x00000000080009fc                __aeabi_dcmpun
                0x00000000080009fc                __unorddf2
 .text          0x0000000008000a28       0x40 /home/lucho/st/stm32cubeide_1.4.0/plugins/com.st.stm32cube.ide.mcu.externaltools.gnu-tools-for-stm32.7-2018-q2-update.linux64_1.4.0.202007081208/tools/bin/../lib/gcc/arm-none-eabi/7.3.1/thumb/v7-m/libgcc.a(_arm_fixunsdfsi.o)
                0x0000000008000a28                __fixunsdfsi
                0x0000000008000a28                __aeabi_d2uiz
 .text          0x0000000008000a68       0xa0 /home/lucho/st/stm32cubeide_1.4.0/plugins/com.st.stm32cube.ide.mcu.externaltools.gnu-tools-for-stm32.7-2018-q2-update.linux64_1.4.0.202007081208/tools/bin/../lib/gcc/arm-none-eabi/7.3.1/thumb/v7-m/libgcc.a(_arm_truncdfsf2.o)
                0x0000000008000a68                __aeabi_d2f
                0x0000000008000a68                __truncdfsf2
 *(.text*)
 .text.MX_ADC1_Init
                0x0000000008000b08       0x9c Core/Src/adc.o
                0x0000000008000b08                MX_ADC1_Init
 .text.HAL_ADC_MspInit
                0x0000000008000ba4       0xe0 Core/Src/adc.o
                0x0000000008000ba4                HAL_ADC_MspInit
 .text.MX_DMA_Init
                0x0000000008000c84       0x3c Core/Src/dma.o
                0x0000000008000c84                MX_DMA_Init
 .text.MX_GPIO_Init
                0x0000000008000cc0      0x16c Core/Src/gpio.o
                0x0000000008000cc0                MX_GPIO_Init
 .text.LCD_Init
                0x0000000008000e2c       0x78 Core/Src/lcd_fer.o
                0x0000000008000e2c                LCD_Init
 .text.LCD_SendNibble
                0x0000000008000ea4       0xcc Core/Src/lcd_fer.o
                0x0000000008000ea4                LCD_SendNibble
 .text.LCD_SendInstruction
                0x0000000008000f70       0x40 Core/Src/lcd_fer.o
                0x0000000008000f70                LCD_SendInstruction
 .text.LCD_SendByte
                0x0000000008000fb0       0x26 Core/Src/lcd_fer.o
                0x0000000008000fb0                LCD_SendByte
 *fill*         0x0000000008000fd6        0x2 
 .text.main     0x0000000008000fd8      0x384 Core/Src/main.o
                0x0000000008000fd8                main
 .text.SystemClock_Config
                0x000000000800135c       0xb6 Core/Src/main.o
                0x000000000800135c                SystemClock_Config
 *fill*         0x0000000008001412        0x2 
 .text.HAL_ADC_ConvHalfCpltCallback
                0x0000000008001414       0x1c Core/Src/main.o
                0x0000000008001414                HAL_ADC_ConvHalfCpltCallback
 .text.HAL_ADC_ConvCpltCallback
                0x0000000008001430       0x1c Core/Src/main.o
                0x0000000008001430                HAL_ADC_ConvCpltCallback
 .text.HAL_TIM_IC_CaptureCallback
                0x000000000800144c       0x4c Core/Src/main.o
                0x000000000800144c                HAL_TIM_IC_CaptureCallback
 .text.HAL_TIM_PeriodElapsedCallback
                0x0000000008001498       0x28 Core/Src/main.o
                0x0000000008001498                HAL_TIM_PeriodElapsedCallback
 .text.Error_Handler
                0x00000000080014c0        0xc Core/Src/main.o
                0x00000000080014c0                Error_Handler
 .text.HAL_MspInit
                0x00000000080014cc       0x64 Core/Src/stm32f1xx_hal_msp.o
                0x00000000080014cc                HAL_MspInit
 .text.NMI_Handler
                0x0000000008001530        0xc Core/Src/stm32f1xx_it.o
                0x0000000008001530                NMI_Handler
 .text.HardFault_Handler
                0x000000000800153c        0x6 Core/Src/stm32f1xx_it.o
                0x000000000800153c                HardFault_Handler
 .text.MemManage_Handler
                0x0000000008001542        0x6 Core/Src/stm32f1xx_it.o
                0x0000000008001542                MemManage_Handler
 .text.BusFault_Handler
                0x0000000008001548        0x6 Core/Src/stm32f1xx_it.o
                0x0000000008001548                BusFault_Handler
 .text.UsageFault_Handler
                0x000000000800154e        0x6 Core/Src/stm32f1xx_it.o
                0x000000000800154e                UsageFault_Handler
 .text.SVC_Handler
                0x0000000008001554        0xc Core/Src/stm32f1xx_it.o
                0x0000000008001554                SVC_Handler
 .text.DebugMon_Handler
                0x0000000008001560        0xc Core/Src/stm32f1xx_it.o
                0x0000000008001560                DebugMon_Handler
 .text.PendSV_Handler
                0x000000000800156c        0xc Core/Src/stm32f1xx_it.o
                0x000000000800156c                PendSV_Handler
 .text.SysTick_Handler
                0x0000000008001578        0xc Core/Src/stm32f1xx_it.o
                0x0000000008001578                SysTick_Handler
 .text.DMA1_Channel1_IRQHandler
                0x0000000008001584       0x14 Core/Src/stm32f1xx_it.o
                0x0000000008001584                DMA1_Channel1_IRQHandler
 .text.ADC1_2_IRQHandler
                0x0000000008001598       0x14 Core/Src/stm32f1xx_it.o
                0x0000000008001598                ADC1_2_IRQHandler
 .text.TIM2_IRQHandler
                0x00000000080015ac       0x14 Core/Src/stm32f1xx_it.o
                0x00000000080015ac                TIM2_IRQHandler
 .text.TIM4_IRQHandler
                0x00000000080015c0       0x14 Core/Src/stm32f1xx_it.o
                0x00000000080015c0                TIM4_IRQHandler
 .text.SystemInit
                0x00000000080015d4        0xc Core/Src/system_stm32f1xx.o
                0x00000000080015d4                SystemInit
 .text.MX_TIM2_Init
                0x00000000080015e0       0x9c Core/Src/tim.o
                0x00000000080015e0                MX_TIM2_Init
 .text.MX_TIM3_Init
                0x000000000800167c       0x98 Core/Src/tim.o
                0x000000000800167c                MX_TIM3_Init
 .text.MX_TIM4_Init
                0x0000000008001714       0xfc Core/Src/tim.o
                0x0000000008001714                MX_TIM4_Init
 .text.HAL_TIM_Base_MspInit
                0x0000000008001810       0xec Core/Src/tim.o
                0x0000000008001810                HAL_TIM_Base_MspInit
 .text.MX_USART2_UART_Init
                0x00000000080018fc       0x54 Core/Src/usart.o
                0x00000000080018fc                MX_USART2_UART_Init
 .text.HAL_UART_MspInit
                0x0000000008001950       0x94 Core/Src/usart.o
                0x0000000008001950                HAL_UART_MspInit
 .text.Reset_Handler
                0x00000000080019e4       0x48 Core/Startup/startup_stm32f103c8tx.o
                0x00000000080019e4                Reset_Handler
 .text.Default_Handler
                0x0000000008001a2c        0x2 Core/Startup/startup_stm32f103c8tx.o
                0x0000000008001a2c                RTC_Alarm_IRQHandler
                0x0000000008001a2c                EXTI2_IRQHandler
                0x0000000008001a2c                TIM1_CC_IRQHandler
                0x0000000008001a2c                PVD_IRQHandler
                0x0000000008001a2c                EXTI3_IRQHandler
                0x0000000008001a2c                EXTI0_IRQHandler
                0x0000000008001a2c                I2C2_EV_IRQHandler
                0x0000000008001a2c                SPI1_IRQHandler
                0x0000000008001a2c                TAMPER_IRQHandler
                0x0000000008001a2c                DMA1_Channel4_IRQHandler
                0x0000000008001a2c                USART3_IRQHandler
                0x0000000008001a2c                RTC_IRQHandler
                0x0000000008001a2c                DMA1_Channel7_IRQHandler
                0x0000000008001a2c                CAN1_RX1_IRQHandler
                0x0000000008001a2c                I2C1_EV_IRQHandler
                0x0000000008001a2c                DMA1_Channel6_IRQHandler
                0x0000000008001a2c                TIM3_IRQHandler
                0x0000000008001a2c                RCC_IRQHandler
                0x0000000008001a2c                TIM1_TRG_COM_IRQHandler
                0x0000000008001a2c                Default_Handler
                0x0000000008001a2c                EXTI15_10_IRQHandler
                0x0000000008001a2c                EXTI9_5_IRQHandler
                0x0000000008001a2c                SPI2_IRQHandler
                0x0000000008001a2c                DMA1_Channel5_IRQHandler
                0x0000000008001a2c                EXTI4_IRQHandler
                0x0000000008001a2c                USB_LP_CAN1_RX0_IRQHandler
                0x0000000008001a2c                USB_HP_CAN1_TX_IRQHandler
                0x0000000008001a2c                DMA1_Channel3_IRQHandler
                0x0000000008001a2c                TIM1_UP_IRQHandler
                0x0000000008001a2c                WWDG_IRQHandler
                0x0000000008001a2c                TIM1_BRK_IRQHandler
                0x0000000008001a2c                EXTI1_IRQHandler
                0x0000000008001a2c                USART2_IRQHandler
                0x0000000008001a2c                I2C2_ER_IRQHandler
                0x0000000008001a2c                DMA1_Channel2_IRQHandler
                0x0000000008001a2c                CAN1_SCE_IRQHandler
                0x0000000008001a2c                FLASH_IRQHandler
                0x0000000008001a2c                USART1_IRQHandler
                0x0000000008001a2c                I2C1_ER_IRQHandler
                0x0000000008001a2c                USBWakeUp_IRQHandler
 *fill*         0x0000000008001a2e        0x2 
 .text.HAL_Init
                0x0000000008001a30       0x2c Drivers/STM32F1xx_HAL_Driver/Src/stm32f1xx_hal.o
                0x0000000008001a30                HAL_Init
 .text.HAL_InitTick
                0x0000000008001a5c       0x60 Drivers/STM32F1xx_HAL_Driver/Src/stm32f1xx_hal.o
                0x0000000008001a5c                HAL_InitTick
 .text.HAL_IncTick
                0x0000000008001abc       0x24 Drivers/STM32F1xx_HAL_Driver/Src/stm32f1xx_hal.o
                0x0000000008001abc                HAL_IncTick
 .text.HAL_GetTick
                0x0000000008001ae0       0x14 Drivers/STM32F1xx_HAL_Driver/Src/stm32f1xx_hal.o
                0x0000000008001ae0                HAL_GetTick
 .text.HAL_Delay
                0x0000000008001af4       0x44 Drivers/STM32F1xx_HAL_Driver/Src/stm32f1xx_hal.o
                0x0000000008001af4                HAL_Delay
 .text.HAL_ADC_Init
                0x0000000008001b38      0x1b0 Drivers/STM32F1xx_HAL_Driver/Src/stm32f1xx_hal_adc.o
                0x0000000008001b38                HAL_ADC_Init
 .text.HAL_ADC_Start_DMA
                0x0000000008001ce8      0x1bc Drivers/STM32F1xx_HAL_Driver/Src/stm32f1xx_hal_adc.o
                0x0000000008001ce8                HAL_ADC_Start_DMA
 .text.HAL_ADC_IRQHandler
                0x0000000008001ea4      0x186 Drivers/STM32F1xx_HAL_Driver/Src/stm32f1xx_hal_adc.o
                0x0000000008001ea4                HAL_ADC_IRQHandler
 .text.HAL_ADC_LevelOutOfWindowCallback
                0x000000000800202a       0x12 Drivers/STM32F1xx_HAL_Driver/Src/stm32f1xx_hal_adc.o
                0x000000000800202a                HAL_ADC_LevelOutOfWindowCallback
 .text.HAL_ADC_ErrorCallback
                0x000000000800203c       0x12 Drivers/STM32F1xx_HAL_Driver/Src/stm32f1xx_hal_adc.o
                0x000000000800203c                HAL_ADC_ErrorCallback
 *fill*         0x000000000800204e        0x2 
 .text.HAL_ADC_ConfigChannel
                0x0000000008002050      0x1f0 Drivers/STM32F1xx_HAL_Driver/Src/stm32f1xx_hal_adc.o
                0x0000000008002050                HAL_ADC_ConfigChannel
 .text.ADC_Enable
                0x0000000008002240       0xb4 Drivers/STM32F1xx_HAL_Driver/Src/stm32f1xx_hal_adc.o
                0x0000000008002240                ADC_Enable
 .text.ADC_ConversionStop_Disable
                0x00000000080022f4       0x82 Drivers/STM32F1xx_HAL_Driver/Src/stm32f1xx_hal_adc.o
                0x00000000080022f4                ADC_ConversionStop_Disable
 .text.ADC_DMAConvCplt
                0x0000000008002376       0x7c Drivers/STM32F1xx_HAL_Driver/Src/stm32f1xx_hal_adc.o
                0x0000000008002376                ADC_DMAConvCplt
 .text.ADC_DMAHalfConvCplt
                0x00000000080023f2       0x1c Drivers/STM32F1xx_HAL_Driver/Src/stm32f1xx_hal_adc.o
                0x00000000080023f2                ADC_DMAHalfConvCplt
 .text.ADC_DMAError
                0x000000000800240e       0x34 Drivers/STM32F1xx_HAL_Driver/Src/stm32f1xx_hal_adc.o
                0x000000000800240e                ADC_DMAError
 .text.HAL_ADCEx_InjectedConvCpltCallback
                0x0000000008002442       0x12 Drivers/STM32F1xx_HAL_Driver/Src/stm32f1xx_hal_adc_ex.o
                0x0000000008002442                HAL_ADCEx_InjectedConvCpltCallback
 .text.__NVIC_SetPriorityGrouping
                0x0000000008002454       0x48 Drivers/STM32F1xx_HAL_Driver/Src/stm32f1xx_hal_cortex.o
 .text.__NVIC_GetPriorityGrouping
                0x000000000800249c       0x1c Drivers/STM32F1xx_HAL_Driver/Src/stm32f1xx_hal_cortex.o
 .text.__NVIC_EnableIRQ
                0x00000000080024b8       0x38 Drivers/STM32F1xx_HAL_Driver/Src/stm32f1xx_hal_cortex.o
 .text.__NVIC_SetPriority
                0x00000000080024f0       0x54 Drivers/STM32F1xx_HAL_Driver/Src/stm32f1xx_hal_cortex.o
 .text.NVIC_EncodePriority
                0x0000000008002544       0x64 Drivers/STM32F1xx_HAL_Driver/Src/stm32f1xx_hal_cortex.o
 .text.SysTick_Config
                0x00000000080025a8       0x44 Drivers/STM32F1xx_HAL_Driver/Src/stm32f1xx_hal_cortex.o
 .text.HAL_NVIC_SetPriorityGrouping
                0x00000000080025ec       0x16 Drivers/STM32F1xx_HAL_Driver/Src/stm32f1xx_hal_cortex.o
                0x00000000080025ec                HAL_NVIC_SetPriorityGrouping
 .text.HAL_NVIC_SetPriority
                0x0000000008002602       0x38 Drivers/STM32F1xx_HAL_Driver/Src/stm32f1xx_hal_cortex.o
                0x0000000008002602                HAL_NVIC_SetPriority
 .text.HAL_NVIC_EnableIRQ
                0x000000000800263a       0x1c Drivers/STM32F1xx_HAL_Driver/Src/stm32f1xx_hal_cortex.o
                0x000000000800263a                HAL_NVIC_EnableIRQ
 .text.HAL_SYSTICK_Config
                0x0000000008002656       0x18 Drivers/STM32F1xx_HAL_Driver/Src/stm32f1xx_hal_cortex.o
                0x0000000008002656                HAL_SYSTICK_Config
 *fill*         0x000000000800266e        0x2 
 .text.HAL_DMA_Init
                0x0000000008002670       0xb4 Drivers/STM32F1xx_HAL_Driver/Src/stm32f1xx_hal_dma.o
                0x0000000008002670                HAL_DMA_Init
 .text.HAL_DMA_Start_IT
                0x0000000008002724       0xbe Drivers/STM32F1xx_HAL_Driver/Src/stm32f1xx_hal_dma.o
                0x0000000008002724                HAL_DMA_Start_IT
 *fill*         0x00000000080027e2        0x2 
 .text.HAL_DMA_IRQHandler
                0x00000000080027e4      0x20c Drivers/STM32F1xx_HAL_Driver/Src/stm32f1xx_hal_dma.o
                0x00000000080027e4                HAL_DMA_IRQHandler
 .text.DMA_SetConfig
                0x00000000080029f0       0x5a Drivers/STM32F1xx_HAL_Driver/Src/stm32f1xx_hal_dma.o
 *fill*         0x0000000008002a4a        0x2 
 .text.HAL_GPIO_Init
                0x0000000008002a4c      0x2b4 Drivers/STM32F1xx_HAL_Driver/Src/stm32f1xx_hal_gpio.o
                0x0000000008002a4c                HAL_GPIO_Init
 .text.HAL_GPIO_ReadPin
                0x0000000008002d00       0x2e Drivers/STM32F1xx_HAL_Driver/Src/stm32f1xx_hal_gpio.o
                0x0000000008002d00                HAL_GPIO_ReadPin
 .text.HAL_GPIO_WritePin
                0x0000000008002d2e       0x30 Drivers/STM32F1xx_HAL_Driver/Src/stm32f1xx_hal_gpio.o
                0x0000000008002d2e                HAL_GPIO_WritePin
 *fill*         0x0000000008002d5e        0x2 
 .text.HAL_RCC_OscConfig
                0x0000000008002d60      0x500 Drivers/STM32F1xx_HAL_Driver/Src/stm32f1xx_hal_rcc.o
                0x0000000008002d60                HAL_RCC_OscConfig
 .text.HAL_RCC_ClockConfig
                0x0000000008003260      0x1d4 Drivers/STM32F1xx_HAL_Driver/Src/stm32f1xx_hal_rcc.o
                0x0000000008003260                HAL_RCC_ClockConfig
 .text.HAL_RCC_GetSysClockFreq
                0x0000000008003434       0xc4 Drivers/STM32F1xx_HAL_Driver/Src/stm32f1xx_hal_rcc.o
                0x0000000008003434                HAL_RCC_GetSysClockFreq
 .text.HAL_RCC_GetHCLKFreq
                0x00000000080034f8       0x14 Drivers/STM32F1xx_HAL_Driver/Src/stm32f1xx_hal_rcc.o
                0x00000000080034f8                HAL_RCC_GetHCLKFreq
 .text.HAL_RCC_GetPCLK1Freq
                0x000000000800350c       0x28 Drivers/STM32F1xx_HAL_Driver/Src/stm32f1xx_hal_rcc.o
                0x000000000800350c                HAL_RCC_GetPCLK1Freq
 .text.HAL_RCC_GetPCLK2Freq
                0x0000000008003534       0x28 Drivers/STM32F1xx_HAL_Driver/Src/stm32f1xx_hal_rcc.o
                0x0000000008003534                HAL_RCC_GetPCLK2Freq
 .text.RCC_Delay
                0x000000000800355c       0x3c Drivers/STM32F1xx_HAL_Driver/Src/stm32f1xx_hal_rcc.o
 .text.HAL_RCCEx_PeriphCLKConfig
                0x0000000008003598      0x16c Drivers/STM32F1xx_HAL_Driver/Src/stm32f1xx_hal_rcc_ex.o
                0x0000000008003598                HAL_RCCEx_PeriphCLKConfig
 .text.HAL_TIM_Base_Init
                0x0000000008003704       0x9e Drivers/STM32F1xx_HAL_Driver/Src/stm32f1xx_hal_tim.o
                0x0000000008003704                HAL_TIM_Base_Init
 *fill*         0x00000000080037a2        0x2 
 .text.HAL_TIM_Base_Start
                0x00000000080037a4       0x94 Drivers/STM32F1xx_HAL_Driver/Src/stm32f1xx_hal_tim.o
                0x00000000080037a4                HAL_TIM_Base_Start
 .text.HAL_TIM_IC_Init
                0x0000000008003838       0x9e Drivers/STM32F1xx_HAL_Driver/Src/stm32f1xx_hal_tim.o
                0x0000000008003838                HAL_TIM_IC_Init
 .text.HAL_TIM_IC_MspInit
                0x00000000080038d6       0x12 Drivers/STM32F1xx_HAL_Driver/Src/stm32f1xx_hal_tim.o
                0x00000000080038d6                HAL_TIM_IC_MspInit
 .text.HAL_TIM_IC_Start_IT
                0x00000000080038e8      0x20c Drivers/STM32F1xx_HAL_Driver/Src/stm32f1xx_hal_tim.o
                0x00000000080038e8                HAL_TIM_IC_Start_IT
 .text.HAL_TIM_IRQHandler
                0x0000000008003af4      0x210 Drivers/STM32F1xx_HAL_Driver/Src/stm32f1xx_hal_tim.o
                0x0000000008003af4                HAL_TIM_IRQHandler
 .text.HAL_TIM_IC_ConfigChannel
                0x0000000008003d04      0x128 Drivers/STM32F1xx_HAL_Driver/Src/stm32f1xx_hal_tim.o
                0x0000000008003d04                HAL_TIM_IC_ConfigChannel
 .text.HAL_TIM_ConfigClockSource
                0x0000000008003e2c      0x16e Drivers/STM32F1xx_HAL_Driver/Src/stm32f1xx_hal_tim.o
                0x0000000008003e2c                HAL_TIM_ConfigClockSource
 .text.HAL_TIM_OC_DelayElapsedCallback
                0x0000000008003f9a       0x12 Drivers/STM32F1xx_HAL_Driver/Src/stm32f1xx_hal_tim.o
                0x0000000008003f9a                HAL_TIM_OC_DelayElapsedCallback
 .text.HAL_TIM_PWM_PulseFinishedCallback
                0x0000000008003fac       0x12 Drivers/STM32F1xx_HAL_Driver/Src/stm32f1xx_hal_tim.o
                0x0000000008003fac                HAL_TIM_PWM_PulseFinishedCallback
 .text.HAL_TIM_TriggerCallback
                0x0000000008003fbe       0x12 Drivers/STM32F1xx_HAL_Driver/Src/stm32f1xx_hal_tim.o
                0x0000000008003fbe                HAL_TIM_TriggerCallback
 .text.TIM_Base_SetConfig
                0x0000000008003fd0       0xc4 Drivers/STM32F1xx_HAL_Driver/Src/stm32f1xx_hal_tim.o
                0x0000000008003fd0                TIM_Base_SetConfig
 .text.TIM_TI1_SetConfig
                0x0000000008004094       0xb4 Drivers/STM32F1xx_HAL_Driver/Src/stm32f1xx_hal_tim.o
                0x0000000008004094                TIM_TI1_SetConfig
 .text.TIM_TI1_ConfigInputStage
                0x0000000008004148       0x5c Drivers/STM32F1xx_HAL_Driver/Src/stm32f1xx_hal_tim.o
 .text.TIM_TI2_SetConfig
                0x00000000080041a4       0x78 Drivers/STM32F1xx_HAL_Driver/Src/stm32f1xx_hal_tim.o
 .text.TIM_TI2_ConfigInputStage
                0x000000000800421c       0x5e Drivers/STM32F1xx_HAL_Driver/Src/stm32f1xx_hal_tim.o
 .text.TIM_TI3_SetConfig
                0x000000000800427a       0x76 Drivers/STM32F1xx_HAL_Driver/Src/stm32f1xx_hal_tim.o
 .text.TIM_TI4_SetConfig
                0x00000000080042f0       0x78 Drivers/STM32F1xx_HAL_Driver/Src/stm32f1xx_hal_tim.o
 .text.TIM_ITRx_SetConfig
                0x0000000008004368       0x34 Drivers/STM32F1xx_HAL_Driver/Src/stm32f1xx_hal_tim.o
 .text.TIM_ETR_SetConfig
                0x000000000800439c       0x3e Drivers/STM32F1xx_HAL_Driver/Src/stm32f1xx_hal_tim.o
                0x000000000800439c                TIM_ETR_SetConfig
 .text.TIM_CCxChannelCmd
                0x00000000080043da       0x48 Drivers/STM32F1xx_HAL_Driver/Src/stm32f1xx_hal_tim.o
                0x00000000080043da                TIM_CCxChannelCmd
 *fill*         0x0000000008004422        0x2 
 .text.HAL_TIMEx_MasterConfigSynchronization
                0x0000000008004424       0xbc Drivers/STM32F1xx_HAL_Driver/Src/stm32f1xx_hal_tim_ex.o
                0x0000000008004424                HAL_TIMEx_MasterConfigSynchronization
 .text.HAL_TIMEx_CommutCallback
                0x00000000080044e0       0x12 Drivers/STM32F1xx_HAL_Driver/Src/stm32f1xx_hal_tim_ex.o
                0x00000000080044e0                HAL_TIMEx_CommutCallback
 .text.HAL_TIMEx_BreakCallback
                0x00000000080044f2       0x12 Drivers/STM32F1xx_HAL_Driver/Src/stm32f1xx_hal_tim_ex.o
                0x00000000080044f2                HAL_TIMEx_BreakCallback
 .text.HAL_UART_Init
                0x0000000008004504       0x9a Drivers/STM32F1xx_HAL_Driver/Src/stm32f1xx_hal_uart.o
                0x0000000008004504                HAL_UART_Init
 *fill*         0x000000000800459e        0x2 
 .text.UART_SetConfig
                0x00000000080045a0      0x11c Drivers/STM32F1xx_HAL_Driver/Src/stm32f1xx_hal_uart.o
 .text.__errno  0x00000000080046bc        0xc /home/lucho/st/stm32cubeide_1.4.0/plugins/com.st.stm32cube.ide.mcu.externaltools.gnu-tools-for-stm32.7-2018-q2-update.linux64_1.4.0.202007081208/tools/bin/../lib/gcc/arm-none-eabi/7.3.1/../../../../arm-none-eabi/lib/thumb/v7-m/libc_nano.a(lib_a-errno.o)
                0x00000000080046bc                __errno
 .text.__libc_init_array
                0x00000000080046c8       0x48 /home/lucho/st/stm32cubeide_1.4.0/plugins/com.st.stm32cube.ide.mcu.externaltools.gnu-tools-for-stm32.7-2018-q2-update.linux64_1.4.0.202007081208/tools/bin/../lib/gcc/arm-none-eabi/7.3.1/../../../../arm-none-eabi/lib/thumb/v7-m/libc_nano.a(lib_a-init.o)
                0x00000000080046c8                __libc_init_array
 .text.memset   0x0000000008004710       0x10 /home/lucho/st/stm32cubeide_1.4.0/plugins/com.st.stm32cube.ide.mcu.externaltools.gnu-tools-for-stm32.7-2018-q2-update.linux64_1.4.0.202007081208/tools/bin/../lib/gcc/arm-none-eabi/7.3.1/../../../../arm-none-eabi/lib/thumb/v7-m/libc_nano.a(lib_a-memset.o)
                0x0000000008004710                memset
 .text.sqrt     0x0000000008004720       0xa8 /home/lucho/st/stm32cubeide_1.4.0/plugins/com.st.stm32cube.ide.mcu.externaltools.gnu-tools-for-stm32.7-2018-q2-update.linux64_1.4.0.202007081208/tools/bin/../lib/gcc/arm-none-eabi/7.3.1/../../../../arm-none-eabi/lib/thumb/v7-m/libm.a(lib_a-w_sqrt.o)
                0x0000000008004720                sqrt
 .text.__ieee754_sqrt
                0x00000000080047c8      0x158 /home/lucho/st/stm32cubeide_1.4.0/plugins/com.st.stm32cube.ide.mcu.externaltools.gnu-tools-for-stm32.7-2018-q2-update.linux64_1.4.0.202007081208/tools/bin/../lib/gcc/arm-none-eabi/7.3.1/../../../../arm-none-eabi/lib/thumb/v7-m/libm.a(lib_a-e_sqrt.o)
                0x00000000080047c8                __ieee754_sqrt
 .text.matherr  0x0000000008004920        0x4 /home/lucho/st/stm32cubeide_1.4.0/plugins/com.st.stm32cube.ide.mcu.externaltools.gnu-tools-for-stm32.7-2018-q2-update.linux64_1.4.0.202007081208/tools/bin/../lib/gcc/arm-none-eabi/7.3.1/../../../../arm-none-eabi/lib/thumb/v7-m/libm.a(lib_a-s_matherr.o)
                0x0000000008004920                matherr
 *(.glue_7)
 .glue_7        0x0000000008004924        0x0 linker stubs
 *(.glue_7t)
 .glue_7t       0x0000000008004924        0x0 linker stubs
 *(.eh_frame)
 .eh_frame      0x0000000008004924        0x0 /home/lucho/st/stm32cubeide_1.4.0/plugins/com.st.stm32cube.ide.mcu.externaltools.gnu-tools-for-stm32.7-2018-q2-update.linux64_1.4.0.202007081208/tools/bin/../lib/gcc/arm-none-eabi/7.3.1/thumb/v7-m/crtbegin.o
 *(.init)
 .init          0x0000000008004924        0x4 /home/lucho/st/stm32cubeide_1.4.0/plugins/com.st.stm32cube.ide.mcu.externaltools.gnu-tools-for-stm32.7-2018-q2-update.linux64_1.4.0.202007081208/tools/bin/../lib/gcc/arm-none-eabi/7.3.1/thumb/v7-m/crti.o
                0x0000000008004924                _init
 .init          0x0000000008004928        0x8 /home/lucho/st/stm32cubeide_1.4.0/plugins/com.st.stm32cube.ide.mcu.externaltools.gnu-tools-for-stm32.7-2018-q2-update.linux64_1.4.0.202007081208/tools/bin/../lib/gcc/arm-none-eabi/7.3.1/thumb/v7-m/crtn.o
 *(.fini)
 .fini          0x0000000008004930        0x4 /home/lucho/st/stm32cubeide_1.4.0/plugins/com.st.stm32cube.ide.mcu.externaltools.gnu-tools-for-stm32.7-2018-q2-update.linux64_1.4.0.202007081208/tools/bin/../lib/gcc/arm-none-eabi/7.3.1/thumb/v7-m/crti.o
                0x0000000008004930                _fini
 .fini          0x0000000008004934        0x8 /home/lucho/st/stm32cubeide_1.4.0/plugins/com.st.stm32cube.ide.mcu.externaltools.gnu-tools-for-stm32.7-2018-q2-update.linux64_1.4.0.202007081208/tools/bin/../lib/gcc/arm-none-eabi/7.3.1/thumb/v7-m/crtn.o
                0x000000000800493c                . = ALIGN (0x4)
                0x000000000800493c                _etext = .

.vfp11_veneer   0x000000000800493c        0x0
 .vfp11_veneer  0x000000000800493c        0x0 linker stubs

.v4_bx          0x000000000800493c        0x0
 .v4_bx         0x000000000800493c        0x0 linker stubs

.iplt           0x000000000800493c        0x0
 .iplt          0x000000000800493c        0x0 /home/lucho/st/stm32cubeide_1.4.0/plugins/com.st.stm32cube.ide.mcu.externaltools.gnu-tools-for-stm32.7-2018-q2-update.linux64_1.4.0.202007081208/tools/bin/../lib/gcc/arm-none-eabi/7.3.1/thumb/v7-m/crtbegin.o

.rodata         0x000000000800493c       0x34
                0x000000000800493c                . = ALIGN (0x4)
 *(.rodata)
 .rodata        0x000000000800493c       0x12 Drivers/STM32F1xx_HAL_Driver/Src/stm32f1xx_hal_rcc.o
 *(.rodata*)
 *fill*         0x000000000800494e        0x2 
 .rodata.AHBPrescTable
                0x0000000008004950       0x10 Core/Src/system_stm32f1xx.o
                0x0000000008004950                AHBPrescTable
 .rodata.APBPrescTable
                0x0000000008004960        0x8 Core/Src/system_stm32f1xx.o
                0x0000000008004960                APBPrescTable
 .rodata.sqrt.str1.1
                0x0000000008004968        0x5 /home/lucho/st/stm32cubeide_1.4.0/plugins/com.st.stm32cube.ide.mcu.externaltools.gnu-tools-for-stm32.7-2018-q2-update.linux64_1.4.0.202007081208/tools/bin/../lib/gcc/arm-none-eabi/7.3.1/../../../../arm-none-eabi/lib/thumb/v7-m/libm.a(lib_a-w_sqrt.o)
                0x0000000008004970                . = ALIGN (0x4)
 *fill*         0x000000000800496d        0x3 

.rel.dyn        0x0000000008004970        0x0
 .rel.iplt      0x0000000008004970        0x0 /home/lucho/st/stm32cubeide_1.4.0/plugins/com.st.stm32cube.ide.mcu.externaltools.gnu-tools-for-stm32.7-2018-q2-update.linux64_1.4.0.202007081208/tools/bin/../lib/gcc/arm-none-eabi/7.3.1/thumb/v7-m/crtbegin.o

.ARM.extab      0x0000000008004970        0x0
                0x0000000008004970                . = ALIGN (0x4)
 *(.ARM.extab* .gnu.linkonce.armextab.*)
                0x0000000008004970                . = ALIGN (0x4)

.ARM            0x0000000008004970        0x0
                0x0000000008004970                . = ALIGN (0x4)
                0x0000000008004970                __exidx_start = .
 *(.ARM.exidx*)
                0x0000000008004970                __exidx_end = .
                0x0000000008004970                . = ALIGN (0x4)

.preinit_array  0x0000000008004970        0x0
                0x0000000008004970                . = ALIGN (0x4)
                0x0000000008004970                PROVIDE (__preinit_array_start = .)
 *(.preinit_array*)
                0x0000000008004970                PROVIDE (__preinit_array_end = .)
                0x0000000008004970                . = ALIGN (0x4)

.init_array     0x0000000008004970        0x4
                0x0000000008004970                . = ALIGN (0x4)
                0x0000000008004970                PROVIDE (__init_array_start = .)
 *(SORT_BY_NAME(.init_array.*))
 *(.init_array*)
 .init_array    0x0000000008004970        0x4 /home/lucho/st/stm32cubeide_1.4.0/plugins/com.st.stm32cube.ide.mcu.externaltools.gnu-tools-for-stm32.7-2018-q2-update.linux64_1.4.0.202007081208/tools/bin/../lib/gcc/arm-none-eabi/7.3.1/thumb/v7-m/crtbegin.o
                0x0000000008004974                PROVIDE (__init_array_end = .)
                0x0000000008004974                . = ALIGN (0x4)

.fini_array     0x0000000008004974        0x4
                0x0000000008004974                . = ALIGN (0x4)
                [!provide]                        PROVIDE (__fini_array_start = .)
 *(SORT_BY_NAME(.fini_array.*))
 *(.fini_array*)
 .fini_array    0x0000000008004974        0x4 /home/lucho/st/stm32cubeide_1.4.0/plugins/com.st.stm32cube.ide.mcu.externaltools.gnu-tools-for-stm32.7-2018-q2-update.linux64_1.4.0.202007081208/tools/bin/../lib/gcc/arm-none-eabi/7.3.1/thumb/v7-m/crtbegin.o
                [!provide]                        PROVIDE (__fini_array_end = .)
                0x0000000008004978                . = ALIGN (0x4)
                0x0000000008004978                _sidata = LOADADDR (.data)

.data           0x0000000020000000       0x74 load address 0x0000000008004978
                0x0000000020000000                . = ALIGN (0x4)
                0x0000000020000000                _sdata = .
 *(.data)
 *(.data*)
 .data.SystemCoreClock
                0x0000000020000000        0x4 Core/Src/system_stm32f1xx.o
                0x0000000020000000                SystemCoreClock
 .data.uwTickPrio
                0x0000000020000004        0x4 Drivers/STM32F1xx_HAL_Driver/Src/stm32f1xx_hal.o
                0x0000000020000004                uwTickPrio
 .data.uwTickFreq
                0x0000000020000008        0x1 Drivers/STM32F1xx_HAL_Driver/Src/stm32f1xx_hal.o
                0x0000000020000008                uwTickFreq
 *fill*         0x0000000020000009        0x3 
 .data._impure_ptr
                0x000000002000000c        0x4 /home/lucho/st/stm32cubeide_1.4.0/plugins/com.st.stm32cube.ide.mcu.externaltools.gnu-tools-for-stm32.7-2018-q2-update.linux64_1.4.0.202007081208/tools/bin/../lib/gcc/arm-none-eabi/7.3.1/../../../../arm-none-eabi/lib/thumb/v7-m/libc_nano.a(lib_a-impure.o)
                0x000000002000000c                _impure_ptr
 .data.impure_data
                0x0000000020000010       0x60 /home/lucho/st/stm32cubeide_1.4.0/plugins/com.st.stm32cube.ide.mcu.externaltools.gnu-tools-for-stm32.7-2018-q2-update.linux64_1.4.0.202007081208/tools/bin/../lib/gcc/arm-none-eabi/7.3.1/../../../../arm-none-eabi/lib/thumb/v7-m/libc_nano.a(lib_a-impure.o)
 .data.__fdlib_version
                0x0000000020000070        0x1 /home/lucho/st/stm32cubeide_1.4.0/plugins/com.st.stm32cube.ide.mcu.externaltools.gnu-tools-for-stm32.7-2018-q2-update.linux64_1.4.0.202007081208/tools/bin/../lib/gcc/arm-none-eabi/7.3.1/../../../../arm-none-eabi/lib/thumb/v7-m/libm.a(lib_a-s_lib_ver.o)
                0x0000000020000070                __fdlib_version
                0x0000000020000074                . = ALIGN (0x4)
 *fill*         0x0000000020000071        0x3 
                0x0000000020000074                _edata = .

.igot.plt       0x0000000020000074        0x0 load address 0x00000000080049ec
 .igot.plt      0x0000000020000074        0x0 /home/lucho/st/stm32cubeide_1.4.0/plugins/com.st.stm32cube.ide.mcu.externaltools.gnu-tools-for-stm32.7-2018-q2-update.linux64_1.4.0.202007081208/tools/bin/../lib/gcc/arm-none-eabi/7.3.1/thumb/v7-m/crtbegin.o
                0x0000000020000074                . = ALIGN (0x4)

.bss            0x0000000020000074      0x814 load address 0x00000000080049ec
                0x0000000020000074                _sbss = .
                0x0000000020000074                __bss_start__ = _sbss
 *(.bss)
 .bss           0x0000000020000074       0x1c /home/lucho/st/stm32cubeide_1.4.0/plugins/com.st.stm32cube.ide.mcu.externaltools.gnu-tools-for-stm32.7-2018-q2-update.linux64_1.4.0.202007081208/tools/bin/../lib/gcc/arm-none-eabi/7.3.1/thumb/v7-m/crtbegin.o
 *(.bss*)
 .bss.acumulaV  0x0000000020000090        0x4 Core/Src/main.o
                0x0000000020000090                acumulaV
 .bss.acumulaA  0x0000000020000094        0x4 Core/Src/main.o
                0x0000000020000094                acumulaA
 .bss.RMS_samplesV
                0x0000000020000098        0x4 Core/Src/main.o
                0x0000000020000098                RMS_samplesV
 .bss.RMS_samplesA
                0x000000002000009c        0x4 Core/Src/main.o
                0x000000002000009c                RMS_samplesA
 .bss.status_adc
                0x00000000200000a0        0x1 Core/Src/main.o
                0x00000000200000a0                status_adc
 *fill*         0x00000000200000a1        0x3 
 .bss.acum_fase
                0x00000000200000a4        0x4 Core/Src/main.o
                0x00000000200000a4                acum_fase
 .bss.cuenta_fase
                0x00000000200000a8        0x1 Core/Src/main.o
                0x00000000200000a8                cuenta_fase
 *fill*         0x00000000200000a9        0x3 
 .bss.valor_fase
                0x00000000200000ac        0x4 Core/Src/main.o
                0x00000000200000ac                valor_fase
 .bss.flag_tim2
                0x00000000200000b0        0x1 Core/Src/main.o
                0x00000000200000b0                flag_tim2
 .bss.flag_protecV
                0x00000000200000b1        0x1 Core/Src/main.o
                0x00000000200000b1                flag_protecV
 .bss.flag_protecA
                0x00000000200000b2        0x1 Core/Src/main.o
                0x00000000200000b2                flag_protecA
 *(COMMON)
 *fill*         0x00000000200000b3        0x1 
 COMMON         0x00000000200000b4       0x74 Core/Src/adc.o
                0x00000000200000b4                hadc1
                0x00000000200000e4                hdma_adc1
 COMMON         0x0000000020000128      0x640 Core/Src/main.o
                0x0000000020000128                muestras
 COMMON         0x0000000020000768       0xd8 Core/Src/tim.o
                0x0000000020000768                htim4
                0x00000000200007b0                htim3
                0x00000000200007f8                htim2
 COMMON         0x0000000020000840       0x44 Core/Src/usart.o
                0x0000000020000840                huart2
 COMMON         0x0000000020000884        0x4 Drivers/STM32F1xx_HAL_Driver/Src/stm32f1xx_hal.o
                0x0000000020000884                uwTick
                0x0000000020000888                . = ALIGN (0x4)
                0x0000000020000888                _ebss = .
                0x0000000020000888                __bss_end__ = _ebss

._user_heap_stack
                0x0000000020000888      0x600 load address 0x00000000080049ec
                0x0000000020000888                . = ALIGN (0x8)
                [!provide]                        PROVIDE (end = .)
                0x0000000020000888                PROVIDE (_end = .)
                0x0000000020000a88                . = (. + _Min_Heap_Size)
 *fill*         0x0000000020000888      0x200 
                0x0000000020000e88                . = (. + _Min_Stack_Size)
 *fill*         0x0000000020000a88      0x400 
                0x0000000020000e88                . = ALIGN (0x8)

/DISCARD/
 libc.a(*)
 libm.a(*)
 libgcc.a(*)

.ARM.attributes
                0x0000000000000000       0x29
 *(.ARM.attributes)
 .ARM.attributes
                0x0000000000000000       0x1d /home/lucho/st/stm32cubeide_1.4.0/plugins/com.st.stm32cube.ide.mcu.externaltools.gnu-tools-for-stm32.7-2018-q2-update.linux64_1.4.0.202007081208/tools/bin/../lib/gcc/arm-none-eabi/7.3.1/thumb/v7-m/crti.o
 .ARM.attributes
                0x000000000000001d       0x2d /home/lucho/st/stm32cubeide_1.4.0/plugins/com.st.stm32cube.ide.mcu.externaltools.gnu-tools-for-stm32.7-2018-q2-update.linux64_1.4.0.202007081208/tools/bin/../lib/gcc/arm-none-eabi/7.3.1/thumb/v7-m/crtbegin.o
 .ARM.attributes
                0x000000000000004a       0x33 Core/Src/adc.o
 .ARM.attributes
                0x000000000000007d       0x33 Core/Src/dma.o
 .ARM.attributes
                0x00000000000000b0       0x33 Core/Src/gpio.o
 .ARM.attributes
                0x00000000000000e3       0x33 Core/Src/lcd_fer.o
 .ARM.attributes
                0x0000000000000116       0x33 Core/Src/main.o
 .ARM.attributes
                0x0000000000000149       0x33 Core/Src/stm32f1xx_hal_msp.o
 .ARM.attributes
                0x000000000000017c       0x33 Core/Src/stm32f1xx_it.o
 .ARM.attributes
                0x00000000000001af       0x33 Core/Src/system_stm32f1xx.o
 .ARM.attributes
                0x00000000000001e2       0x33 Core/Src/tim.o
 .ARM.attributes
                0x0000000000000215       0x33 Core/Src/usart.o
 .ARM.attributes
                0x0000000000000248       0x21 Core/Startup/startup_stm32f103c8tx.o
 .ARM.attributes
                0x0000000000000269       0x33 Drivers/STM32F1xx_HAL_Driver/Src/stm32f1xx_hal.o
 .ARM.attributes
                0x000000000000029c       0x33 Drivers/STM32F1xx_HAL_Driver/Src/stm32f1xx_hal_adc.o
 .ARM.attributes
                0x00000000000002cf       0x33 Drivers/STM32F1xx_HAL_Driver/Src/stm32f1xx_hal_adc_ex.o
 .ARM.attributes
                0x0000000000000302       0x33 Drivers/STM32F1xx_HAL_Driver/Src/stm32f1xx_hal_cortex.o
 .ARM.attributes
                0x0000000000000335       0x33 Drivers/STM32F1xx_HAL_Driver/Src/stm32f1xx_hal_dma.o
 .ARM.attributes
                0x0000000000000368       0x33 Drivers/STM32F1xx_HAL_Driver/Src/stm32f1xx_hal_gpio.o
 .ARM.attributes
                0x000000000000039b       0x33 Drivers/STM32F1xx_HAL_Driver/Src/stm32f1xx_hal_rcc.o
 .ARM.attributes
                0x00000000000003ce       0x33 Drivers/STM32F1xx_HAL_Driver/Src/stm32f1xx_hal_rcc_ex.o
 .ARM.attributes
                0x0000000000000401       0x33 Drivers/STM32F1xx_HAL_Driver/Src/stm32f1xx_hal_tim.o
 .ARM.attributes
                0x0000000000000434       0x33 Drivers/STM32F1xx_HAL_Driver/Src/stm32f1xx_hal_tim_ex.o
 .ARM.attributes
                0x0000000000000467       0x33 Drivers/STM32F1xx_HAL_Driver/Src/stm32f1xx_hal_uart.o
 .ARM.attributes
                0x000000000000049a       0x2d /home/lucho/st/stm32cubeide_1.4.0/plugins/com.st.stm32cube.ide.mcu.externaltools.gnu-tools-for-stm32.7-2018-q2-update.linux64_1.4.0.202007081208/tools/bin/../lib/gcc/arm-none-eabi/7.3.1/../../../../arm-none-eabi/lib/thumb/v7-m/libc_nano.a(lib_a-errno.o)
 .ARM.attributes
                0x00000000000004c7       0x2d /home/lucho/st/stm32cubeide_1.4.0/plugins/com.st.stm32cube.ide.mcu.externaltools.gnu-tools-for-stm32.7-2018-q2-update.linux64_1.4.0.202007081208/tools/bin/../lib/gcc/arm-none-eabi/7.3.1/../../../../arm-none-eabi/lib/thumb/v7-m/libc_nano.a(lib_a-impure.o)
 .ARM.attributes
                0x00000000000004f4       0x2d /home/lucho/st/stm32cubeide_1.4.0/plugins/com.st.stm32cube.ide.mcu.externaltools.gnu-tools-for-stm32.7-2018-q2-update.linux64_1.4.0.202007081208/tools/bin/../lib/gcc/arm-none-eabi/7.3.1/../../../../arm-none-eabi/lib/thumb/v7-m/libc_nano.a(lib_a-init.o)
 .ARM.attributes
                0x0000000000000521       0x2d /home/lucho/st/stm32cubeide_1.4.0/plugins/com.st.stm32cube.ide.mcu.externaltools.gnu-tools-for-stm32.7-2018-q2-update.linux64_1.4.0.202007081208/tools/bin/../lib/gcc/arm-none-eabi/7.3.1/../../../../arm-none-eabi/lib/thumb/v7-m/libc_nano.a(lib_a-memset.o)
 .ARM.attributes
                0x000000000000054e       0x2d /home/lucho/st/stm32cubeide_1.4.0/plugins/com.st.stm32cube.ide.mcu.externaltools.gnu-tools-for-stm32.7-2018-q2-update.linux64_1.4.0.202007081208/tools/bin/../lib/gcc/arm-none-eabi/7.3.1/../../../../arm-none-eabi/lib/thumb/v7-m/libm.a(lib_a-w_sqrt.o)
 .ARM.attributes
                0x000000000000057b       0x2d /home/lucho/st/stm32cubeide_1.4.0/plugins/com.st.stm32cube.ide.mcu.externaltools.gnu-tools-for-stm32.7-2018-q2-update.linux64_1.4.0.202007081208/tools/bin/../lib/gcc/arm-none-eabi/7.3.1/../../../../arm-none-eabi/lib/thumb/v7-m/libm.a(lib_a-e_sqrt.o)
 .ARM.attributes
                0x00000000000005a8       0x2d /home/lucho/st/stm32cubeide_1.4.0/plugins/com.st.stm32cube.ide.mcu.externaltools.gnu-tools-for-stm32.7-2018-q2-update.linux64_1.4.0.202007081208/tools/bin/../lib/gcc/arm-none-eabi/7.3.1/../../../../arm-none-eabi/lib/thumb/v7-m/libm.a(lib_a-s_lib_ver.o)
 .ARM.attributes
                0x00000000000005d5       0x2d /home/lucho/st/stm32cubeide_1.4.0/plugins/com.st.stm32cube.ide.mcu.externaltools.gnu-tools-for-stm32.7-2018-q2-update.linux64_1.4.0.202007081208/tools/bin/../lib/gcc/arm-none-eabi/7.3.1/../../../../arm-none-eabi/lib/thumb/v7-m/libm.a(lib_a-s_matherr.o)
 .ARM.attributes
                0x0000000000000602       0x1d /home/lucho/st/stm32cubeide_1.4.0/plugins/com.st.stm32cube.ide.mcu.externaltools.gnu-tools-for-stm32.7-2018-q2-update.linux64_1.4.0.202007081208/tools/bin/../lib/gcc/arm-none-eabi/7.3.1/thumb/v7-m/libgcc.a(_arm_addsubdf3.o)
 .ARM.attributes
                0x000000000000061f       0x1d /home/lucho/st/stm32cubeide_1.4.0/plugins/com.st.stm32cube.ide.mcu.externaltools.gnu-tools-for-stm32.7-2018-q2-update.linux64_1.4.0.202007081208/tools/bin/../lib/gcc/arm-none-eabi/7.3.1/thumb/v7-m/libgcc.a(_arm_muldivdf3.o)
 .ARM.attributes
                0x000000000000063c       0x1d /home/lucho/st/stm32cubeide_1.4.0/plugins/com.st.stm32cube.ide.mcu.externaltools.gnu-tools-for-stm32.7-2018-q2-update.linux64_1.4.0.202007081208/tools/bin/../lib/gcc/arm-none-eabi/7.3.1/thumb/v7-m/libgcc.a(_arm_cmpdf2.o)
 .ARM.attributes
                0x0000000000000659       0x1d /home/lucho/st/stm32cubeide_1.4.0/plugins/com.st.stm32cube.ide.mcu.externaltools.gnu-tools-for-stm32.7-2018-q2-update.linux64_1.4.0.202007081208/tools/bin/../lib/gcc/arm-none-eabi/7.3.1/thumb/v7-m/libgcc.a(_arm_unorddf2.o)
 .ARM.attributes
                0x0000000000000676       0x1d /home/lucho/st/stm32cubeide_1.4.0/plugins/com.st.stm32cube.ide.mcu.externaltools.gnu-tools-for-stm32.7-2018-q2-update.linux64_1.4.0.202007081208/tools/bin/../lib/gcc/arm-none-eabi/7.3.1/thumb/v7-m/libgcc.a(_arm_fixunsdfsi.o)
 .ARM.attributes
                0x0000000000000693       0x1d /home/lucho/st/stm32cubeide_1.4.0/plugins/com.st.stm32cube.ide.mcu.externaltools.gnu-tools-for-stm32.7-2018-q2-update.linux64_1.4.0.202007081208/tools/bin/../lib/gcc/arm-none-eabi/7.3.1/thumb/v7-m/libgcc.a(_arm_truncdfsf2.o)
 .ARM.attributes
                0x00000000000006b0       0x1d /home/lucho/st/stm32cubeide_1.4.0/plugins/com.st.stm32cube.ide.mcu.externaltools.gnu-tools-for-stm32.7-2018-q2-update.linux64_1.4.0.202007081208/tools/bin/../lib/gcc/arm-none-eabi/7.3.1/thumb/v7-m/crtn.o
OUTPUT(CajaDeCarga_STM32F103C8T6.elf elf32-littlearm)

.debug_info     0x0000000000000000     0xe99b
 .debug_info    0x0000000000000000      0x950 Core/Src/adc.o
 .debug_info    0x0000000000000950      0x378 Core/Src/dma.o
 .debug_info    0x0000000000000cc8      0x379 Core/Src/gpio.o
 .debug_info    0x0000000000001041      0xb0c Core/Src/lcd_fer.o
 .debug_info    0x0000000000001b4d     0x17a3 Core/Src/main.o
 .debug_info    0x00000000000032f0      0x2d6 Core/Src/stm32f1xx_hal_msp.o
 .debug_info    0x00000000000035c6      0x98c Core/Src/stm32f1xx_it.o
 .debug_info    0x0000000000003f52      0x29a Core/Src/system_stm32f1xx.o
 .debug_info    0x00000000000041ec      0xbc0 Core/Src/tim.o
 .debug_info    0x0000000000004dac      0x7cf Core/Src/usart.o
 .debug_info    0x000000000000557b       0x22 Core/Startup/startup_stm32f103c8tx.o
 .debug_info    0x000000000000559d      0x714 Drivers/STM32F1xx_HAL_Driver/Src/stm32f1xx_hal.o
 .debug_info    0x0000000000005cb1      0xc6c Drivers/STM32F1xx_HAL_Driver/Src/stm32f1xx_hal_adc.o
 .debug_info    0x000000000000691d      0xa06 Drivers/STM32F1xx_HAL_Driver/Src/stm32f1xx_hal_adc_ex.o
 .debug_info    0x0000000000007323      0xb51 Drivers/STM32F1xx_HAL_Driver/Src/stm32f1xx_hal_cortex.o
 .debug_info    0x0000000000007e74      0x7b1 Drivers/STM32F1xx_HAL_Driver/Src/stm32f1xx_hal_dma.o
 .debug_info    0x0000000000008625      0x69b Drivers/STM32F1xx_HAL_Driver/Src/stm32f1xx_hal_gpio.o
 .debug_info    0x0000000000008cc0      0x80f Drivers/STM32F1xx_HAL_Driver/Src/stm32f1xx_hal_rcc.o
 .debug_info    0x00000000000094cf      0x444 Drivers/STM32F1xx_HAL_Driver/Src/stm32f1xx_hal_rcc_ex.o
 .debug_info    0x0000000000009913     0x27f1 Drivers/STM32F1xx_HAL_Driver/Src/stm32f1xx_hal_tim.o
 .debug_info    0x000000000000c104     0x13ab Drivers/STM32F1xx_HAL_Driver/Src/stm32f1xx_hal_tim_ex.o
 .debug_info    0x000000000000d4af     0x14ec Drivers/STM32F1xx_HAL_Driver/Src/stm32f1xx_hal_uart.o

.debug_abbrev   0x0000000000000000     0x25f4
 .debug_abbrev  0x0000000000000000      0x1b3 Core/Src/adc.o
 .debug_abbrev  0x00000000000001b3      0x107 Core/Src/dma.o
 .debug_abbrev  0x00000000000002ba      0x134 Core/Src/gpio.o
 .debug_abbrev  0x00000000000003ee      0x1eb Core/Src/lcd_fer.o
 .debug_abbrev  0x00000000000005d9      0x278 Core/Src/main.o
 .debug_abbrev  0x0000000000000851      0x109 Core/Src/stm32f1xx_hal_msp.o
 .debug_abbrev  0x000000000000095a      0x169 Core/Src/stm32f1xx_it.o
 .debug_abbrev  0x0000000000000ac3      0x134 Core/Src/system_stm32f1xx.o
 .debug_abbrev  0x0000000000000bf7      0x1b3 Core/Src/tim.o
 .debug_abbrev  0x0000000000000daa      0x199 Core/Src/usart.o
 .debug_abbrev  0x0000000000000f43       0x12 Core/Startup/startup_stm32f103c8tx.o
 .debug_abbrev  0x0000000000000f55      0x1c7 Drivers/STM32F1xx_HAL_Driver/Src/stm32f1xx_hal.o
 .debug_abbrev  0x000000000000111c      0x1d5 Drivers/STM32F1xx_HAL_Driver/Src/stm32f1xx_hal_adc.o
 .debug_abbrev  0x00000000000012f1      0x1f5 Drivers/STM32F1xx_HAL_Driver/Src/stm32f1xx_hal_adc_ex.o
 .debug_abbrev  0x00000000000014e6      0x2d5 Drivers/STM32F1xx_HAL_Driver/Src/stm32f1xx_hal_cortex.o
 .debug_abbrev  0x00000000000017bb      0x1fe Drivers/STM32F1xx_HAL_Driver/Src/stm32f1xx_hal_dma.o
 .debug_abbrev  0x00000000000019b9      0x1c0 Drivers/STM32F1xx_HAL_Driver/Src/stm32f1xx_hal_gpio.o
 .debug_abbrev  0x0000000000001b79      0x243 Drivers/STM32F1xx_HAL_Driver/Src/stm32f1xx_hal_rcc.o
 .debug_abbrev  0x0000000000001dbc      0x175 Drivers/STM32F1xx_HAL_Driver/Src/stm32f1xx_hal_rcc_ex.o
 .debug_abbrev  0x0000000000001f31      0x230 Drivers/STM32F1xx_HAL_Driver/Src/stm32f1xx_hal_tim.o
 .debug_abbrev  0x0000000000002161      0x236 Drivers/STM32F1xx_HAL_Driver/Src/stm32f1xx_hal_tim_ex.o
 .debug_abbrev  0x0000000000002397      0x25d Drivers/STM32F1xx_HAL_Driver/Src/stm32f1xx_hal_uart.o

.debug_aranges  0x0000000000000000      0xe90
 .debug_aranges
                0x0000000000000000       0x30 Core/Src/adc.o
 .debug_aranges
                0x0000000000000030       0x20 Core/Src/dma.o
 .debug_aranges
                0x0000000000000050       0x20 Core/Src/gpio.o
 .debug_aranges
                0x0000000000000070       0x50 Core/Src/lcd_fer.o
 .debug_aranges
                0x00000000000000c0       0x50 Core/Src/main.o
 .debug_aranges
                0x0000000000000110       0x20 Core/Src/stm32f1xx_hal_msp.o
 .debug_aranges
                0x0000000000000130       0x80 Core/Src/stm32f1xx_it.o
 .debug_aranges
                0x00000000000001b0       0x28 Core/Src/system_stm32f1xx.o
 .debug_aranges
                0x00000000000001d8       0x40 Core/Src/tim.o
 .debug_aranges
                0x0000000000000218       0x30 Core/Src/usart.o
 .debug_aranges
                0x0000000000000248       0x28 Core/Startup/startup_stm32f103c8tx.o
 .debug_aranges
                0x0000000000000270       0xe0 Drivers/STM32F1xx_HAL_Driver/Src/stm32f1xx_hal.o
 .debug_aranges
                0x0000000000000350       0xf0 Drivers/STM32F1xx_HAL_Driver/Src/stm32f1xx_hal_adc.o
 .debug_aranges
                0x0000000000000440       0x80 Drivers/STM32F1xx_HAL_Driver/Src/stm32f1xx_hal_adc_ex.o
 .debug_aranges
                0x00000000000004c0      0x100 Drivers/STM32F1xx_HAL_Driver/Src/stm32f1xx_hal_cortex.o
 .debug_aranges
                0x00000000000005c0       0x80 Drivers/STM32F1xx_HAL_Driver/Src/stm32f1xx_hal_dma.o
 .debug_aranges
                0x0000000000000640       0x58 Drivers/STM32F1xx_HAL_Driver/Src/stm32f1xx_hal_gpio.o
 .debug_aranges
                0x0000000000000698       0x90 Drivers/STM32F1xx_HAL_Driver/Src/stm32f1xx_hal_rcc.o
 .debug_aranges
                0x0000000000000728       0x30 Drivers/STM32F1xx_HAL_Driver/Src/stm32f1xx_hal_rcc_ex.o
 .debug_aranges
                0x0000000000000758      0x3d0 Drivers/STM32F1xx_HAL_Driver/Src/stm32f1xx_hal_tim.o
 .debug_aranges
                0x0000000000000b28      0x168 Drivers/STM32F1xx_HAL_Driver/Src/stm32f1xx_hal_tim_ex.o
 .debug_aranges
                0x0000000000000c90      0x200 Drivers/STM32F1xx_HAL_Driver/Src/stm32f1xx_hal_uart.o

.debug_ranges   0x0000000000000000      0xd68
 .debug_ranges  0x0000000000000000       0x20 Core/Src/adc.o
 .debug_ranges  0x0000000000000020       0x10 Core/Src/dma.o
 .debug_ranges  0x0000000000000030       0x10 Core/Src/gpio.o
 .debug_ranges  0x0000000000000040       0x40 Core/Src/lcd_fer.o
 .debug_ranges  0x0000000000000080       0x40 Core/Src/main.o
 .debug_ranges  0x00000000000000c0       0x10 Core/Src/stm32f1xx_hal_msp.o
 .debug_ranges  0x00000000000000d0       0x70 Core/Src/stm32f1xx_it.o
 .debug_ranges  0x0000000000000140       0x18 Core/Src/system_stm32f1xx.o
 .debug_ranges  0x0000000000000158       0x30 Core/Src/tim.o
 .debug_ranges  0x0000000000000188       0x20 Core/Src/usart.o
 .debug_ranges  0x00000000000001a8       0x20 Core/Startup/startup_stm32f103c8tx.o
 .debug_ranges  0x00000000000001c8       0xd0 Drivers/STM32F1xx_HAL_Driver/Src/stm32f1xx_hal.o
 .debug_ranges  0x0000000000000298       0xe0 Drivers/STM32F1xx_HAL_Driver/Src/stm32f1xx_hal_adc.o
 .debug_ranges  0x0000000000000378       0x70 Drivers/STM32F1xx_HAL_Driver/Src/stm32f1xx_hal_adc_ex.o
 .debug_ranges  0x00000000000003e8       0xf0 Drivers/STM32F1xx_HAL_Driver/Src/stm32f1xx_hal_cortex.o
 .debug_ranges  0x00000000000004d8       0x70 Drivers/STM32F1xx_HAL_Driver/Src/stm32f1xx_hal_dma.o
 .debug_ranges  0x0000000000000548       0x48 Drivers/STM32F1xx_HAL_Driver/Src/stm32f1xx_hal_gpio.o
 .debug_ranges  0x0000000000000590       0x80 Drivers/STM32F1xx_HAL_Driver/Src/stm32f1xx_hal_rcc.o
 .debug_ranges  0x0000000000000610       0x20 Drivers/STM32F1xx_HAL_Driver/Src/stm32f1xx_hal_rcc_ex.o
 .debug_ranges  0x0000000000000630      0x3c0 Drivers/STM32F1xx_HAL_Driver/Src/stm32f1xx_hal_tim.o
 .debug_ranges  0x00000000000009f0      0x158 Drivers/STM32F1xx_HAL_Driver/Src/stm32f1xx_hal_tim_ex.o
 .debug_ranges  0x0000000000000b48      0x220 Drivers/STM32F1xx_HAL_Driver/Src/stm32f1xx_hal_uart.o

.debug_macro    0x0000000000000000    0x193c4
 .debug_macro   0x0000000000000000      0x1d0 Core/Src/adc.o
 .debug_macro   0x00000000000001d0      0xa5a Core/Src/adc.o
 .debug_macro   0x0000000000000c2a      0x227 Core/Src/adc.o
 .debug_macro   0x0000000000000e51       0x2e Core/Src/adc.o
 .debug_macro   0x0000000000000e7f       0x22 Core/Src/adc.o
 .debug_macro   0x0000000000000ea1       0x22 Core/Src/adc.o
 .debug_macro   0x0000000000000ec3       0x8e Core/Src/adc.o
 .debug_macro   0x0000000000000f51       0x51 Core/Src/adc.o
 .debug_macro   0x0000000000000fa2       0xef Core/Src/adc.o
 .debug_macro   0x0000000000001091       0x6a Core/Src/adc.o
 .debug_macro   0x00000000000010fb      0x1df Core/Src/adc.o
 .debug_macro   0x00000000000012da       0x1c Core/Src/adc.o
 .debug_macro   0x00000000000012f6       0x22 Core/Src/adc.o
 .debug_macro   0x0000000000001318       0xc3 Core/Src/adc.o
 .debug_macro   0x00000000000013db      0xd23 Core/Src/adc.o
 .debug_macro   0x00000000000020fe     0xe09e Core/Src/adc.o
 .debug_macro   0x000000000001019c       0x6d Core/Src/adc.o
 .debug_macro   0x0000000000010209     0x3468 Core/Src/adc.o
 .debug_macro   0x0000000000013671      0x174 Core/Src/adc.o
 .debug_macro   0x00000000000137e5       0x5c Core/Src/adc.o
 .debug_macro   0x0000000000013841      0x5be Core/Src/adc.o
 .debug_macro   0x0000000000013dff      0x289 Core/Src/adc.o
 .debug_macro   0x0000000000014088      0x1cb Core/Src/adc.o
 .debug_macro   0x0000000000014253      0x114 Core/Src/adc.o
 .debug_macro   0x0000000000014367      0x1b2 Core/Src/adc.o
 .debug_macro   0x0000000000014519       0x27 Core/Src/adc.o
 .debug_macro   0x0000000000014540      0x136 Core/Src/adc.o
 .debug_macro   0x0000000000014676      0x1bc Core/Src/adc.o
 .debug_macro   0x0000000000014832       0x34 Core/Src/adc.o
 .debug_macro   0x0000000000014866       0x3c Core/Src/adc.o
 .debug_macro   0x00000000000148a2       0x57 Core/Src/adc.o
 .debug_macro   0x00000000000148f9      0x46a Core/Src/adc.o
 .debug_macro   0x0000000000014d63      0x1b5 Core/Src/adc.o
 .debug_macro   0x0000000000014f18       0x88 Core/Src/adc.o
 .debug_macro   0x0000000000014fa0      0x241 Core/Src/adc.o
 .debug_macro   0x00000000000151e1      0x141 Core/Src/adc.o
 .debug_macro   0x0000000000015322      0x8d1 Core/Src/adc.o
 .debug_macro   0x0000000000015bf3      0x279 Core/Src/adc.o
 .debug_macro   0x0000000000015e6c       0x83 Core/Src/adc.o
 .debug_macro   0x0000000000015eef      0x10c Core/Src/adc.o
 .debug_macro   0x0000000000015ffb      0x1d0 Core/Src/dma.o
 .debug_macro   0x00000000000161cb      0x1d0 Core/Src/gpio.o
 .debug_macro   0x000000000001639b      0x32b Core/Src/lcd_fer.o
 .debug_macro   0x00000000000166c6       0x46 Core/Src/lcd_fer.o
 .debug_macro   0x000000000001670c       0x18 Core/Src/lcd_fer.o
 .debug_macro   0x0000000000016724       0x3c Core/Src/lcd_fer.o
 .debug_macro   0x0000000000016760       0x34 Core/Src/lcd_fer.o
 .debug_macro   0x0000000000016794       0x16 Core/Src/lcd_fer.o
 .debug_macro   0x00000000000167aa       0x35 Core/Src/lcd_fer.o
 .debug_macro   0x00000000000167df      0x32a Core/Src/lcd_fer.o
 .debug_macro   0x0000000000016b09       0x10 Core/Src/lcd_fer.o
 .debug_macro   0x0000000000016b19       0x52 Core/Src/lcd_fer.o
 .debug_macro   0x0000000000016b6b       0x1f Core/Src/lcd_fer.o
 .debug_macro   0x0000000000016b8a       0x43 Core/Src/lcd_fer.o
 .debug_macro   0x0000000000016bcd       0x20 Core/Src/lcd_fer.o
 .debug_macro   0x0000000000016bed      0x1a3 Core/Src/lcd_fer.o
 .debug_macro   0x0000000000016d90       0x10 Core/Src/lcd_fer.o
 .debug_macro   0x0000000000016da0       0x1c Core/Src/lcd_fer.o
 .debug_macro   0x0000000000016dbc       0x52 Core/Src/lcd_fer.o
 .debug_macro   0x0000000000016e0e       0x40 Core/Src/lcd_fer.o
 .debug_macro   0x0000000000016e4e       0x10 Core/Src/lcd_fer.o
 .debug_macro   0x0000000000016e5e       0x40 Core/Src/lcd_fer.o
 .debug_macro   0x0000000000016e9e       0xd7 Core/Src/lcd_fer.o
 .debug_macro   0x0000000000016f75       0x1c Core/Src/lcd_fer.o
 .debug_macro   0x0000000000016f91       0x3d Core/Src/lcd_fer.o
 .debug_macro   0x0000000000016fce       0x16 Core/Src/lcd_fer.o
 .debug_macro   0x0000000000016fe4      0x145 Core/Src/lcd_fer.o
 .debug_macro   0x0000000000017129       0x88 Core/Src/lcd_fer.o
 .debug_macro   0x00000000000171b1      0x37a Core/Src/main.o
 .debug_macro   0x000000000001752b      0x1e1 Core/Src/main.o
 .debug_macro   0x000000000001770c       0x1c Core/Src/main.o
 .debug_macro   0x0000000000017728      0x1c6 Core/Src/stm32f1xx_hal_msp.o
 .debug_macro   0x00000000000178ee      0x1d0 Core/Src/stm32f1xx_it.o
 .debug_macro   0x0000000000017abe      0x1b7 Core/Src/system_stm32f1xx.o
 .debug_macro   0x0000000000017c75      0x1d0 Core/Src/tim.o
 .debug_macro   0x0000000000017e45      0x1d0 Core/Src/usart.o
 .debug_macro   0x0000000000018015      0x1db Drivers/STM32F1xx_HAL_Driver/Src/stm32f1xx_hal.o
 .debug_macro   0x00000000000181f0      0x1d4 Drivers/STM32F1xx_HAL_Driver/Src/stm32f1xx_hal_adc.o
 .debug_macro   0x00000000000183c4      0x1c9 Drivers/STM32F1xx_HAL_Driver/Src/stm32f1xx_hal_adc_ex.o
 .debug_macro   0x000000000001858d      0x1b7 Drivers/STM32F1xx_HAL_Driver/Src/stm32f1xx_hal_cortex.o
 .debug_macro   0x0000000000018744      0x1b7 Drivers/STM32F1xx_HAL_Driver/Src/stm32f1xx_hal_dma.o
 .debug_macro   0x00000000000188fb      0x222 Drivers/STM32F1xx_HAL_Driver/Src/stm32f1xx_hal_gpio.o
 .debug_macro   0x0000000000018b1d      0x1c9 Drivers/STM32F1xx_HAL_Driver/Src/stm32f1xx_hal_rcc.o
 .debug_macro   0x0000000000018ce6      0x1b7 Drivers/STM32F1xx_HAL_Driver/Src/stm32f1xx_hal_rcc_ex.o
 .debug_macro   0x0000000000018e9d      0x1b8 Drivers/STM32F1xx_HAL_Driver/Src/stm32f1xx_hal_tim.o
 .debug_macro   0x0000000000019055      0x1b7 Drivers/STM32F1xx_HAL_Driver/Src/stm32f1xx_hal_tim_ex.o
 .debug_macro   0x000000000001920c      0x1b8 Drivers/STM32F1xx_HAL_Driver/Src/stm32f1xx_hal_uart.o

.debug_line     0x0000000000000000     0xd88e
 .debug_line    0x0000000000000000      0x6e6 Core/Src/adc.o
 .debug_line    0x00000000000006e6      0x69b Core/Src/dma.o
 .debug_line    0x0000000000000d81      0x6c1 Core/Src/gpio.o
 .debug_line    0x0000000000001442      0x92d Core/Src/lcd_fer.o
 .debug_line    0x0000000000001d6f      0x9b8 Core/Src/main.o
 .debug_line    0x0000000000002727      0x6a1 Core/Src/stm32f1xx_hal_msp.o
 .debug_line    0x0000000000002dc8      0x78c Core/Src/stm32f1xx_it.o
 .debug_line    0x0000000000003554      0x6c8 Core/Src/system_stm32f1xx.o
 .debug_line    0x0000000000003c1c      0x747 Core/Src/tim.o
 .debug_line    0x0000000000004363      0x6d6 Core/Src/usart.o
 .debug_line    0x0000000000004a39       0x87 Core/Startup/startup_stm32f103c8tx.o
 .debug_line    0x0000000000004ac0      0x87b Drivers/STM32F1xx_HAL_Driver/Src/stm32f1xx_hal.o
 .debug_line    0x000000000000533b      0xbd0 Drivers/STM32F1xx_HAL_Driver/Src/stm32f1xx_hal_adc.o
 .debug_line    0x0000000000005f0b      0xa17 Drivers/STM32F1xx_HAL_Driver/Src/stm32f1xx_hal_adc_ex.o
 .debug_line    0x0000000000006922      0x952 Drivers/STM32F1xx_HAL_Driver/Src/stm32f1xx_hal_cortex.o
 .debug_line    0x0000000000007274      0xae0 Drivers/STM32F1xx_HAL_Driver/Src/stm32f1xx_hal_dma.o
 .debug_line    0x0000000000007d54      0x877 Drivers/STM32F1xx_HAL_Driver/Src/stm32f1xx_hal_gpio.o
 .debug_line    0x00000000000085cb      0x93b Drivers/STM32F1xx_HAL_Driver/Src/stm32f1xx_hal_rcc.o
 .debug_line    0x0000000000008f06      0x759 Drivers/STM32F1xx_HAL_Driver/Src/stm32f1xx_hal_rcc_ex.o
 .debug_line    0x000000000000965f     0x1fd4 Drivers/STM32F1xx_HAL_Driver/Src/stm32f1xx_hal_tim.o
 .debug_line    0x000000000000b633     0x1170 Drivers/STM32F1xx_HAL_Driver/Src/stm32f1xx_hal_tim_ex.o
 .debug_line    0x000000000000c7a3     0x10eb Drivers/STM32F1xx_HAL_Driver/Src/stm32f1xx_hal_uart.o

.debug_str      0x0000000000000000    0x908a6
 .debug_str     0x0000000000000000    0x88436 Core/Src/adc.o
                                      0x88896 (size before relaxing)
 .debug_str     0x0000000000088436       0x27 Core/Src/dma.o
                                      0x8849f (size before relaxing)
 .debug_str     0x000000000008845d       0x46 Core/Src/gpio.o
                                      0x88245 (size before relaxing)
 .debug_str     0x00000000000884a3     0x42ed Core/Src/lcd_fer.o
                                      0x8c4dc (size before relaxing)
 .debug_str     0x000000000008c790     0x1090 Core/Src/main.o
                                      0x8d91b (size before relaxing)
 .debug_str     0x000000000008d820       0x5a Core/Src/stm32f1xx_hal_msp.o
                                      0x881fd (size before relaxing)
 .debug_str     0x000000000008d87a       0xf6 Core/Src/stm32f1xx_it.o
                                      0x88862 (size before relaxing)
 .debug_str     0x000000000008d970       0x52 Core/Src/system_stm32f1xx.o
                                      0x87dab (size before relaxing)
 .debug_str     0x000000000008d9c2      0x13a Core/Src/tim.o
                                      0x88b2a (size before relaxing)
 .debug_str     0x000000000008dafc       0x57 Core/Src/usart.o
                                      0x88635 (size before relaxing)
 .debug_str     0x000000000008db53       0x89 Core/Startup/startup_stm32f103c8tx.o
 .debug_str     0x000000000008dbdc      0x304 Drivers/STM32F1xx_HAL_Driver/Src/stm32f1xx_hal.o
                                      0x8843c (size before relaxing)
 .debug_str     0x000000000008dee0      0x321 Drivers/STM32F1xx_HAL_Driver/Src/stm32f1xx_hal_adc.o
                                      0x8843b (size before relaxing)
 .debug_str     0x000000000008e201      0x2fb Drivers/STM32F1xx_HAL_Driver/Src/stm32f1xx_hal_adc_ex.o
                                      0x883f0 (size before relaxing)
 .debug_str     0x000000000008e4fc      0x300 Drivers/STM32F1xx_HAL_Driver/Src/stm32f1xx_hal_cortex.o
                                      0x88444 (size before relaxing)
 .debug_str     0x000000000008e7fc      0x235 Drivers/STM32F1xx_HAL_Driver/Src/stm32f1xx_hal_dma.o
                                      0x88186 (size before relaxing)
 .debug_str     0x000000000008ea31      0x311 Drivers/STM32F1xx_HAL_Driver/Src/stm32f1xx_hal_gpio.o
                                      0x8816f (size before relaxing)
 .debug_str     0x000000000008ed42      0x24f Drivers/STM32F1xx_HAL_Driver/Src/stm32f1xx_hal_rcc.o
                                      0x881a8 (size before relaxing)
 .debug_str     0x000000000008ef91       0xb9 Drivers/STM32F1xx_HAL_Driver/Src/stm32f1xx_hal_rcc_ex.o
                                      0x87f35 (size before relaxing)
 .debug_str     0x000000000008f04a      0xd7b Drivers/STM32F1xx_HAL_Driver/Src/stm32f1xx_hal_tim.o
                                      0x8917a (size before relaxing)
 .debug_str     0x000000000008fdc5      0x4ee Drivers/STM32F1xx_HAL_Driver/Src/stm32f1xx_hal_tim_ex.o
                                      0x8892b (size before relaxing)
 .debug_str     0x00000000000902b3      0x5f3 Drivers/STM32F1xx_HAL_Driver/Src/stm32f1xx_hal_uart.o
                                      0x8879a (size before relaxing)

.comment        0x0000000000000000       0x7b
 .comment       0x0000000000000000       0x7b Core/Src/adc.o
                                         0x7c (size before relaxing)
 .comment       0x000000000000007b       0x7c Core/Src/dma.o
 .comment       0x000000000000007b       0x7c Core/Src/gpio.o
 .comment       0x000000000000007b       0x7c Core/Src/lcd_fer.o
 .comment       0x000000000000007b       0x7c Core/Src/main.o
 .comment       0x000000000000007b       0x7c Core/Src/stm32f1xx_hal_msp.o
 .comment       0x000000000000007b       0x7c Core/Src/stm32f1xx_it.o
 .comment       0x000000000000007b       0x7c Core/Src/system_stm32f1xx.o
 .comment       0x000000000000007b       0x7c Core/Src/tim.o
 .comment       0x000000000000007b       0x7c Core/Src/usart.o
 .comment       0x000000000000007b       0x7c Drivers/STM32F1xx_HAL_Driver/Src/stm32f1xx_hal.o
 .comment       0x000000000000007b       0x7c Drivers/STM32F1xx_HAL_Driver/Src/stm32f1xx_hal_adc.o
 .comment       0x000000000000007b       0x7c Drivers/STM32F1xx_HAL_Driver/Src/stm32f1xx_hal_adc_ex.o
 .comment       0x000000000000007b       0x7c Drivers/STM32F1xx_HAL_Driver/Src/stm32f1xx_hal_cortex.o
 .comment       0x000000000000007b       0x7c Drivers/STM32F1xx_HAL_Driver/Src/stm32f1xx_hal_dma.o
 .comment       0x000000000000007b       0x7c Drivers/STM32F1xx_HAL_Driver/Src/stm32f1xx_hal_gpio.o
 .comment       0x000000000000007b       0x7c Drivers/STM32F1xx_HAL_Driver/Src/stm32f1xx_hal_rcc.o
 .comment       0x000000000000007b       0x7c Drivers/STM32F1xx_HAL_Driver/Src/stm32f1xx_hal_rcc_ex.o
 .comment       0x000000000000007b       0x7c Drivers/STM32F1xx_HAL_Driver/Src/stm32f1xx_hal_tim.o
 .comment       0x000000000000007b       0x7c Drivers/STM32F1xx_HAL_Driver/Src/stm32f1xx_hal_tim_ex.o
 .comment       0x000000000000007b       0x7c Drivers/STM32F1xx_HAL_Driver/Src/stm32f1xx_hal_uart.o

.debug_frame    0x0000000000000000     0x3dc4
 .debug_frame   0x0000000000000000       0x7c Core/Src/adc.o
 .debug_frame   0x000000000000007c       0x34 Core/Src/dma.o
 .debug_frame   0x00000000000000b0       0x34 Core/Src/gpio.o
 .debug_frame   0x00000000000000e4      0x104 Core/Src/lcd_fer.o
 .debug_frame   0x00000000000001e8      0x114 Core/Src/main.o
 .debug_frame   0x00000000000002fc       0x38 Core/Src/stm32f1xx_hal_msp.o
 .debug_frame   0x0000000000000334      0x17c Core/Src/stm32f1xx_it.o
 .debug_frame   0x00000000000004b0       0x58 Core/Src/system_stm32f1xx.o
 .debug_frame   0x0000000000000508       0xc4 Core/Src/tim.o
 .debug_frame   0x00000000000005cc       0x74 Core/Src/usart.o
 .debug_frame   0x0000000000000640      0x334 Drivers/STM32F1xx_HAL_Driver/Src/stm32f1xx_hal.o
 .debug_frame   0x0000000000000974      0x40c Drivers/STM32F1xx_HAL_Driver/Src/stm32f1xx_hal_adc.o
 .debug_frame   0x0000000000000d80      0x200 Drivers/STM32F1xx_HAL_Driver/Src/stm32f1xx_hal_adc_ex.o
 .debug_frame   0x0000000000000f80      0x428 Drivers/STM32F1xx_HAL_Driver/Src/stm32f1xx_hal_cortex.o
 .debug_frame   0x00000000000013a8      0x208 Drivers/STM32F1xx_HAL_Driver/Src/stm32f1xx_hal_dma.o
 .debug_frame   0x00000000000015b0      0x14c Drivers/STM32F1xx_HAL_Driver/Src/stm32f1xx_hal_gpio.o
 .debug_frame   0x00000000000016fc      0x21c Drivers/STM32F1xx_HAL_Driver/Src/stm32f1xx_hal_rcc.o
 .debug_frame   0x0000000000001918       0x84 Drivers/STM32F1xx_HAL_Driver/Src/stm32f1xx_hal_rcc_ex.o
 .debug_frame   0x000000000000199c     0x11b8 Drivers/STM32F1xx_HAL_Driver/Src/stm32f1xx_hal_tim.o
 .debug_frame   0x0000000000002b54      0x638 Drivers/STM32F1xx_HAL_Driver/Src/stm32f1xx_hal_tim_ex.o
 .debug_frame   0x000000000000318c      0x914 Drivers/STM32F1xx_HAL_Driver/Src/stm32f1xx_hal_uart.o
 .debug_frame   0x0000000000003aa0       0x20 /home/lucho/st/stm32cubeide_1.4.0/plugins/com.st.stm32cube.ide.mcu.externaltools.gnu-tools-for-stm32.7-2018-q2-update.linux64_1.4.0.202007081208/tools/bin/../lib/gcc/arm-none-eabi/7.3.1/../../../../arm-none-eabi/lib/thumb/v7-m/libc_nano.a(lib_a-errno.o)
 .debug_frame   0x0000000000003ac0       0x2c /home/lucho/st/stm32cubeide_1.4.0/plugins/com.st.stm32cube.ide.mcu.externaltools.gnu-tools-for-stm32.7-2018-q2-update.linux64_1.4.0.202007081208/tools/bin/../lib/gcc/arm-none-eabi/7.3.1/../../../../arm-none-eabi/lib/thumb/v7-m/libc_nano.a(lib_a-init.o)
 .debug_frame   0x0000000000003aec       0x20 /home/lucho/st/stm32cubeide_1.4.0/plugins/com.st.stm32cube.ide.mcu.externaltools.gnu-tools-for-stm32.7-2018-q2-update.linux64_1.4.0.202007081208/tools/bin/../lib/gcc/arm-none-eabi/7.3.1/../../../../arm-none-eabi/lib/thumb/v7-m/libc_nano.a(lib_a-memset.o)
 .debug_frame   0x0000000000003b0c       0x40 /home/lucho/st/stm32cubeide_1.4.0/plugins/com.st.stm32cube.ide.mcu.externaltools.gnu-tools-for-stm32.7-2018-q2-update.linux64_1.4.0.202007081208/tools/bin/../lib/gcc/arm-none-eabi/7.3.1/../../../../arm-none-eabi/lib/thumb/v7-m/libm.a(lib_a-w_sqrt.o)
 .debug_frame   0x0000000000003b4c       0x30 /home/lucho/st/stm32cubeide_1.4.0/plugins/com.st.stm32cube.ide.mcu.externaltools.gnu-tools-for-stm32.7-2018-q2-update.linux64_1.4.0.202007081208/tools/bin/../lib/gcc/arm-none-eabi/7.3.1/../../../../arm-none-eabi/lib/thumb/v7-m/libm.a(lib_a-e_sqrt.o)
 .debug_frame   0x0000000000003b7c       0x20 /home/lucho/st/stm32cubeide_1.4.0/plugins/com.st.stm32cube.ide.mcu.externaltools.gnu-tools-for-stm32.7-2018-q2-update.linux64_1.4.0.202007081208/tools/bin/../lib/gcc/arm-none-eabi/7.3.1/../../../../arm-none-eabi/lib/thumb/v7-m/libm.a(lib_a-s_matherr.o)
 .debug_frame   0x0000000000003b9c       0xac /home/lucho/st/stm32cubeide_1.4.0/plugins/com.st.stm32cube.ide.mcu.externaltools.gnu-tools-for-stm32.7-2018-q2-update.linux64_1.4.0.202007081208/tools/bin/../lib/gcc/arm-none-eabi/7.3.1/thumb/v7-m/libgcc.a(_arm_addsubdf3.o)
 .debug_frame   0x0000000000003c48       0x50 /home/lucho/st/stm32cubeide_1.4.0/plugins/com.st.stm32cube.ide.mcu.externaltools.gnu-tools-for-stm32.7-2018-q2-update.linux64_1.4.0.202007081208/tools/bin/../lib/gcc/arm-none-eabi/7.3.1/thumb/v7-m/libgcc.a(_arm_muldivdf3.o)
 .debug_frame   0x0000000000003c98       0xc4 /home/lucho/st/stm32cubeide_1.4.0/plugins/com.st.stm32cube.ide.mcu.externaltools.gnu-tools-for-stm32.7-2018-q2-update.linux64_1.4.0.202007081208/tools/bin/../lib/gcc/arm-none-eabi/7.3.1/thumb/v7-m/libgcc.a(_arm_cmpdf2.o)
 .debug_frame   0x0000000000003d5c       0x20 /home/lucho/st/stm32cubeide_1.4.0/plugins/com.st.stm32cube.ide.mcu.externaltools.gnu-tools-for-stm32.7-2018-q2-update.linux64_1.4.0.202007081208/tools/bin/../lib/gcc/arm-none-eabi/7.3.1/thumb/v7-m/libgcc.a(_arm_unorddf2.o)
 .debug_frame   0x0000000000003d7c       0x24 /home/lucho/st/stm32cubeide_1.4.0/plugins/com.st.stm32cube.ide.mcu.externaltools.gnu-tools-for-stm32.7-2018-q2-update.linux64_1.4.0.202007081208/tools/bin/../lib/gcc/arm-none-eabi/7.3.1/thumb/v7-m/libgcc.a(_arm_fixunsdfsi.o)
 .debug_frame   0x0000000000003da0       0x24 /home/lucho/st/stm32cubeide_1.4.0/plugins/com.st.stm32cube.ide.mcu.externaltools.gnu-tools-for-stm32.7-2018-q2-update.linux64_1.4.0.202007081208/tools/bin/../lib/gcc/arm-none-eabi/7.3.1/thumb/v7-m/libgcc.a(_arm_truncdfsf2.o)
