Archive member included to satisfy reference by file (symbol)

/home/lucho/st/stm32cubeide_1.4.0/plugins/com.st.stm32cube.ide.mcu.externaltools.gnu-tools-for-stm32.7-2018-q2-update.linux64_1.4.0.202007081208/tools/bin/../lib/gcc/arm-none-eabi/7.3.1/../../../../arm-none-eabi/lib/thumb/v7-m/libc_nano.a(lib_a-errno.o)
                              Core/Src/syscalls.o (__errno)
/home/lucho/st/stm32cubeide_1.4.0/plugins/com.st.stm32cube.ide.mcu.externaltools.gnu-tools-for-stm32.7-2018-q2-update.linux64_1.4.0.202007081208/tools/bin/../lib/gcc/arm-none-eabi/7.3.1/../../../../arm-none-eabi/lib/thumb/v7-m/libc_nano.a(lib_a-exit.o)
                              /home/lucho/st/stm32cubeide_1.4.0/plugins/com.st.stm32cube.ide.mcu.externaltools.gnu-tools-for-stm32.7-2018-q2-update.linux64_1.4.0.202007081208/tools/bin/../lib/gcc/arm-none-eabi/7.3.1/../../../../arm-none-eabi/lib/thumb/v7-m/crt0.o (exit)
/home/lucho/st/stm32cubeide_1.4.0/plugins/com.st.stm32cube.ide.mcu.externaltools.gnu-tools-for-stm32.7-2018-q2-update.linux64_1.4.0.202007081208/tools/bin/../lib/gcc/arm-none-eabi/7.3.1/../../../../arm-none-eabi/lib/thumb/v7-m/libc_nano.a(lib_a-impure.o)
                              /home/lucho/st/stm32cubeide_1.4.0/plugins/com.st.stm32cube.ide.mcu.externaltools.gnu-tools-for-stm32.7-2018-q2-update.linux64_1.4.0.202007081208/tools/bin/../lib/gcc/arm-none-eabi/7.3.1/../../../../arm-none-eabi/lib/thumb/v7-m/libc_nano.a(lib_a-exit.o) (_global_impure_ptr)
/home/lucho/st/stm32cubeide_1.4.0/plugins/com.st.stm32cube.ide.mcu.externaltools.gnu-tools-for-stm32.7-2018-q2-update.linux64_1.4.0.202007081208/tools/bin/../lib/gcc/arm-none-eabi/7.3.1/../../../../arm-none-eabi/lib/thumb/v7-m/libc_nano.a(lib_a-init.o)
                              /home/lucho/st/stm32cubeide_1.4.0/plugins/com.st.stm32cube.ide.mcu.externaltools.gnu-tools-for-stm32.7-2018-q2-update.linux64_1.4.0.202007081208/tools/bin/../lib/gcc/arm-none-eabi/7.3.1/../../../../arm-none-eabi/lib/thumb/v7-m/crt0.o (__libc_init_array)
/home/lucho/st/stm32cubeide_1.4.0/plugins/com.st.stm32cube.ide.mcu.externaltools.gnu-tools-for-stm32.7-2018-q2-update.linux64_1.4.0.202007081208/tools/bin/../lib/gcc/arm-none-eabi/7.3.1/../../../../arm-none-eabi/lib/thumb/v7-m/libc_nano.a(lib_a-memset.o)
                              /home/lucho/st/stm32cubeide_1.4.0/plugins/com.st.stm32cube.ide.mcu.externaltools.gnu-tools-for-stm32.7-2018-q2-update.linux64_1.4.0.202007081208/tools/bin/../lib/gcc/arm-none-eabi/7.3.1/../../../../arm-none-eabi/lib/thumb/v7-m/crt0.o (memset)
/home/lucho/st/stm32cubeide_1.4.0/plugins/com.st.stm32cube.ide.mcu.externaltools.gnu-tools-for-stm32.7-2018-q2-update.linux64_1.4.0.202007081208/tools/bin/../lib/gcc/arm-none-eabi/7.3.1/../../../../arm-none-eabi/lib/thumb/v7-m/libm.a(lib_a-w_sqrt.o)
                              Core/Src/main.o (sqrt)
/home/lucho/st/stm32cubeide_1.4.0/plugins/com.st.stm32cube.ide.mcu.externaltools.gnu-tools-for-stm32.7-2018-q2-update.linux64_1.4.0.202007081208/tools/bin/../lib/gcc/arm-none-eabi/7.3.1/../../../../arm-none-eabi/lib/thumb/v7-m/libm.a(lib_a-e_sqrt.o)
                              /home/lucho/st/stm32cubeide_1.4.0/plugins/com.st.stm32cube.ide.mcu.externaltools.gnu-tools-for-stm32.7-2018-q2-update.linux64_1.4.0.202007081208/tools/bin/../lib/gcc/arm-none-eabi/7.3.1/../../../../arm-none-eabi/lib/thumb/v7-m/libm.a(lib_a-w_sqrt.o) (__ieee754_sqrt)
/home/lucho/st/stm32cubeide_1.4.0/plugins/com.st.stm32cube.ide.mcu.externaltools.gnu-tools-for-stm32.7-2018-q2-update.linux64_1.4.0.202007081208/tools/bin/../lib/gcc/arm-none-eabi/7.3.1/../../../../arm-none-eabi/lib/thumb/v7-m/libm.a(lib_a-s_lib_ver.o)
                              /home/lucho/st/stm32cubeide_1.4.0/plugins/com.st.stm32cube.ide.mcu.externaltools.gnu-tools-for-stm32.7-2018-q2-update.linux64_1.4.0.202007081208/tools/bin/../lib/gcc/arm-none-eabi/7.3.1/../../../../arm-none-eabi/lib/thumb/v7-m/libm.a(lib_a-w_sqrt.o) (__fdlib_version)
/home/lucho/st/stm32cubeide_1.4.0/plugins/com.st.stm32cube.ide.mcu.externaltools.gnu-tools-for-stm32.7-2018-q2-update.linux64_1.4.0.202007081208/tools/bin/../lib/gcc/arm-none-eabi/7.3.1/../../../../arm-none-eabi/lib/thumb/v7-m/libm.a(lib_a-s_matherr.o)
                              /home/lucho/st/stm32cubeide_1.4.0/plugins/com.st.stm32cube.ide.mcu.externaltools.gnu-tools-for-stm32.7-2018-q2-update.linux64_1.4.0.202007081208/tools/bin/../lib/gcc/arm-none-eabi/7.3.1/../../../../arm-none-eabi/lib/thumb/v7-m/libm.a(lib_a-w_sqrt.o) (matherr)
/home/lucho/st/stm32cubeide_1.4.0/plugins/com.st.stm32cube.ide.mcu.externaltools.gnu-tools-for-stm32.7-2018-q2-update.linux64_1.4.0.202007081208/tools/bin/../lib/gcc/arm-none-eabi/7.3.1/thumb/v7-m/libgcc.a(_arm_addsubdf3.o)
                              /home/lucho/st/stm32cubeide_1.4.0/plugins/com.st.stm32cube.ide.mcu.externaltools.gnu-tools-for-stm32.7-2018-q2-update.linux64_1.4.0.202007081208/tools/bin/../lib/gcc/arm-none-eabi/7.3.1/../../../../arm-none-eabi/lib/thumb/v7-m/libm.a(lib_a-e_sqrt.o) (__aeabi_dsub)
[...]
Memory Configuration

Name             Origin             Length             Attributes
RAM              0x0000000020000000 0x0000000000005000 xrw
FLASH            0x0000000008000000 0x0000000000010000 xr
*default*        0x0000000000000000 0xffffffffffffffff

Linker script and memory map

LOAD /home/lucho/st/stm32cubeide_1.4.0/plugins/com.st.stm32cube.ide.mcu.externaltools.gnu-tools-for-stm32.7-2018-q2-update.linux64_1.4.0.202007081208/tools/bin/../lib/gcc/arm-none-eabi/7.3.1/thumb/v7-m/crti.o
LOAD /home/lucho/st/stm32cubeide_1.4.0/plugins/com.st.stm32cube.ide.mcu.externaltools.gnu-tools-for-stm32.7-2018-q2-update.linux64_1.4.0.202007081208/tools/bin/../lib/gcc/arm-none-eabi/7.3.1/thumb/v7-m/crtbegin.o
LOAD /home/lucho/st/stm32cubeide_1.4.0/plugins/com.st.stm32cube.ide.mcu.externaltools.gnu-tools-for-stm32.7-2018-q2-update.linux64_1.4.0.202007081208/tools/bin/../lib/gcc/arm-none-eabi/7.3.1/../../../../arm-none-eabi/lib/thumb/v7-m/crt0.o
LOAD Core/Src/adc.o
LOAD Core/Src/dma.o
LOAD Core/Src/gpio.o
LOAD Core/Src/lcd_fer.o
LOAD Core/Src/main.o
LOAD Core/Src/stm32f1xx_hal_msp.o
LOAD Core/Src/stm32f1xx_it.o
LOAD Core/Src/syscalls.o
LOAD Core/Src/sysmem.o
LOAD Core/Src/system_stm32f1xx.o
LOAD Core/Src/tim.o
LOAD Core/Startup/startup_stm32f103c8tx.o
LOAD Drivers/STM32F1xx_HAL_Driver/Src/stm32f1xx_hal.o
LOAD Drivers/STM32F1xx_HAL_Driver/Src/stm32f1xx_hal_adc.o
LOAD Drivers/STM32F1xx_HAL_Driver/Src/stm32f1xx_hal_adc_ex.o
LOAD Drivers/STM32F1xx_HAL_Driver/Src/stm32f1xx_hal_cortex.o
LOAD Drivers/STM32F1xx_HAL_Driver/Src/stm32f1xx_hal_dma.o
LOAD Drivers/STM32F1xx_HAL_Driver/Src/stm32f1xx_hal_exti.o
LOAD Drivers/STM32F1xx_HAL_Driver/Src/stm32f1xx_hal_flash.o
LOAD Drivers/STM32F1xx_HAL_Driver/Src/stm32f1xx_hal_flash_ex.o
LOAD Drivers/STM32F1xx_HAL_Driver/Src/stm32f1xx_hal_gpio.o
LOAD Drivers/STM32F1xx_HAL_Driver/Src/stm32f1xx_hal_gpio_ex.o
LOAD Drivers/STM32F1xx_HAL_Driver/Src/stm32f1xx_hal_pwr.o
LOAD Drivers/STM32F1xx_HAL_Driver/Src/stm32f1xx_hal_rcc.o
LOAD Drivers/STM32F1xx_HAL_Driver/Src/stm32f1xx_hal_rcc_ex.o
LOAD Drivers/STM32F1xx_HAL_Driver/Src/stm32f1xx_hal_tim.o
LOAD Drivers/STM32F1xx_HAL_Driver/Src/stm32f1xx_hal_tim_ex.o
START GROUP
LOAD /home/lucho/st/stm32cubeide_1.4.0/plugins/com.st.stm32cube.ide.mcu.externaltools.gnu-tools-for-stm32.7-2018-q2-update.linux64_1.4.0.202007081208/tools/bin/../lib/gcc/arm-none-eabi/7.3.1/../../../../arm-none-eabi/lib/thumb/v7-m/libc_nano.a
LOAD /home/lucho/st/stm32cubeide_1.4.0/plugins/com.st.stm32cube.ide.mcu.externaltools.gnu-tools-for-stm32.7-2018-q2-update.linux64_1.4.0.202007081208/tools/bin/../lib/gcc/arm-none-eabi/7.3.1/../../../../arm-none-eabi/lib/thumb/v7-m/libm.a
END GROUP
START GROUP
LOAD /home/lucho/st/stm32cubeide_1.4.0/plugins/com.st.stm32cube.ide.mcu.externaltools.gnu-tools-for-stm32.7-2018-q2-update.linux64_1.4.0.202007081208/tools/bin/../lib/gcc/arm-none-eabi/7.3.1/thumb/v7-m/libgcc.a
LOAD /home/lucho/st/stm32cubeide_1.4.0/plugins/com.st.stm32cube.ide.mcu.externaltools.gnu-tools-for-stm32.7-2018-q2-update.linux64_1.4.0.202007081208/tools/bin/../lib/gcc/arm-none-eabi/7.3.1/../../../../arm-none-eabi/lib/thumb/v7-m/libc_nano.a
END GROUP
START GROUP
LOAD /home/lucho/st/stm32cubeide_1.4.0/plugins/com.st.stm32cube.ide.mcu.externaltools.gnu-tools-for-stm32.7-2018-q2-update.linux64_1.4.0.202007081208/tools/bin/../lib/gcc/arm-none-eabi/7.3.1/thumb/v7-m/libgcc.a
LOAD /home/lucho/st/stm32cubeide_1.4.0/plugins/com.st.stm32cube.ide.mcu.externaltools.gnu-tools-for-stm32.7-2018-q2-update.linux64_1.4.0.202007081208/tools/bin/../lib/gcc/arm-none-eabi/7.3.1/../../../../arm-none-eabi/lib/thumb/v7-m/libc_nano.a
LOAD /home/lucho/st/stm32cubeide_1.4.0/plugins/com.st.stm32cube.ide.mcu.externaltools.gnu-tools-for-stm32.7-2018-q2-update.linux64_1.4.0.202007081208/tools/bin/../lib/gcc/arm-none-eabi/7.3.1/../../../../arm-none-eabi/lib/thumb/v7-m/libnosys.a
END GROUP
START GROUP
LOAD /home/lucho/st/stm32cubeide_1.4.0/plugins/com.st.stm32cube.ide.mcu.externaltools.gnu-tools-for-stm32.7-2018-q2-update.linux64_1.4.0.202007081208/tools/bin/../lib/gcc/arm-none-eabi/7.3.1/thumb/v7-m/libgcc.a
LOAD /home/lucho/st/stm32cubeide_1.4.0/plugins/com.st.stm32cube.ide.mcu.externaltools.gnu-tools-for-stm32.7-2018-q2-update.linux64_1.4.0.202007081208/tools/bin/../lib/gcc/arm-none-eabi/7.3.1/../../../../arm-none-eabi/lib/thumb/v7-m/libc_nano.a
LOAD /home/lucho/st/stm32cubeide_1.4.0/plugins/com.st.stm32cube.ide.mcu.externaltools.gnu-tools-for-stm32.7-2018-q2-update.linux64_1.4.0.202007081208/tools/bin/../lib/gcc/arm-none-eabi/7.3.1/../../../../arm-none-eabi/lib/thumb/v7-m/libnosys.a
END GROUP
LOAD /home/lucho/st/stm32cubeide_1.4.0/plugins/com.st.stm32cube.ide.mcu.externaltools.gnu-tools-for-stm32.7-2018-q2-update.linux64_1.4.0.202007081208/tools/bin/../lib/gcc/arm-none-eabi/7.3.1/thumb/v7-m/crtend.o
LOAD /home/lucho/st/stm32cubeide_1.4.0/plugins/com.st.stm32cube.ide.mcu.externaltools.gnu-tools-for-stm32.7-2018-q2-update.linux64_1.4.0.202007081208/tools/bin/../lib/gcc/arm-none-eabi/7.3.1/thumb/v7-m/crtn.o
                0x0000000020005000                _estack = (ORIGIN (RAM) + LENGTH (RAM))
                0x0000000000000200                _Min_Heap_Size = 0x200
                0x0000000000000400                _Min_Stack_Size = 0x400

.isr_vector     0x0000000008000000      0x10c
                0x0000000008000000                . = ALIGN (0x4)
 *(.isr_vector)
 .isr_vector    0x0000000008000000      0x10c Core/Startup/startup_stm32f103c8tx.o
                0x0000000008000000                g_pfnVectors
                0x000000000800010c                . = ALIGN (0x4)

.text           0x000000000800010c     0x4598
                0x000000000800010c                . = ALIGN (0x4)
 *(.text)
 .text          0x000000000800010c       0x40 /home/lucho/st/stm32cubeide_1.4.0/plugins/com.st.stm32cube.ide.mcu.externaltools.gnu-tools-for-stm32.7-2018-q2-update.linux64_1.4.0.202007081208/tools/bin/../lib/gcc/arm-none-eabi/7.3.1/thumb/v7-m/crtbegin.o
 .text          0x000000000800014c      0x378 /home/lucho/st/stm32cubeide_1.4.0/plugins/com.st.stm32cube.ide.mcu.externaltools.gnu-tools-for-stm32.7-2018-q2-update.linux64_1.4.0.202007081208/tools/bin/../lib/gcc/arm-none-eabi/7.3.1/thumb/v7-m/libgcc.a(_arm_addsubdf3.o)
                0x000000000800014c                __aeabi_drsub
                0x0000000008000154                __aeabi_dsub
                0x0000000008000154                __subdf3
                0x0000000008000158                __adddf3
                0x0000000008000158                __aeabi_dadd
                0x00000000080003d0                __aeabi_ui2d
                0x00000000080003d0                __floatunsidf
                0x00000000080003f0                __floatsidf
                0x00000000080003f0                __aeabi_i2d
                0x0000000008000414                __extendsfdf2
                0x0000000008000414                __aeabi_f2d
                0x0000000008000458                __aeabi_ul2d
                0x0000000008000458                __floatundidf
                0x0000000008000468                __floatdidf
                0x0000000008000468                __aeabi_l2d
 .text          0x00000000080004c4      0x424 /home/lucho/st/stm32cubeide_1.4.0/plugins/com.st.stm32cube.ide.mcu.externaltools.gnu-tools-for-stm32.7-2018-q2-update.linux64_1.4.0.202007081208/tools/bin/../lib/gcc/arm-none-eabi/7.3.1/thumb/v7-m/libgcc.a(_arm_muldivdf3.o)
                0x00000000080004c4                __aeabi_dmul
                0x00000000080004c4                __muldf3
                0x0000000008000718                __aeabi_ddiv
                0x0000000008000718                __divdf3
 .text          0x00000000080008e8      0x110 /home/lucho/st/stm32cubeide_1.4.0/plugins/com.st.stm32cube.ide.mcu.externaltools.gnu-tools-for-stm32.7-2018-q2-update.linux64_1.4.0.202007081208/tools/bin/../lib/gcc/arm-none-eabi/7.3.1/thumb/v7-m/libgcc.a(_arm_cmpdf2.o)
                0x00000000080008e8                __gtdf2
                0x00000000080008e8                __gedf2
                0x00000000080008f0                __ltdf2
                0x00000000080008f0                __ledf2
                0x00000000080008f8                __cmpdf2
                0x00000000080008f8                __eqdf2
                0x00000000080008f8                __nedf2
                0x0000000008000974                __aeabi_cdrcmple
                0x0000000008000984                __aeabi_cdcmple
                0x0000000008000984                __aeabi_cdcmpeq
                0x0000000008000994                __aeabi_dcmpeq
                0x00000000080009a8                __aeabi_dcmplt
                0x00000000080009bc                __aeabi_dcmple
                0x00000000080009d0                __aeabi_dcmpge
                0x00000000080009e4                __aeabi_dcmpgt
 .text          0x00000000080009f8       0x2c /home/lucho/st/stm32cubeide_1.4.0/plugins/com.st.stm32cube.ide.mcu.externaltools.gnu-tools-for-stm32.7-2018-q2-update.linux64_1.4.0.202007081208/tools/bin/../lib/gcc/arm-none-eabi/7.3.1/thumb/v7-m/libgcc.a(_arm_unorddf2.o)
                0x00000000080009f8                __aeabi_dcmpun
                0x00000000080009f8                __unorddf2
 .text          0x0000000008000a24       0x40 /home/lucho/st/stm32cubeide_1.4.0/plugins/com.st.stm32cube.ide.mcu.externaltools.gnu-tools-for-stm32.7-2018-q2-update.linux64_1.4.0.202007081208/tools/bin/../lib/gcc/arm-none-eabi/7.3.1/thumb/v7-m/libgcc.a(_arm_fixunsdfsi.o)
                0x0000000008000a24                __fixunsdfsi
                0x0000000008000a24                __aeabi_d2uiz
 *(.text*)
 .text.MX_ADC1_Init
                0x0000000008000a64       0x9c Core/Src/adc.o
                0x0000000008000a64                MX_ADC1_Init
 .text.HAL_ADC_MspInit
                0x0000000008000b00       0xe0 Core/Src/adc.o
                0x0000000008000b00                HAL_ADC_MspInit
 .text.MX_DMA_Init
                0x0000000008000be0       0x3c Core/Src/dma.o
                0x0000000008000be0                MX_DMA_Init
 .text.MX_GPIO_Init
                0x0000000008000c1c      0x158 Core/Src/gpio.o
                0x0000000008000c1c                MX_GPIO_Init
 .text.LCD_Init
                0x0000000008000d74       0x78 Core/Src/lcd_fer.o
                0x0000000008000d74                LCD_Init
 .text.LCD_SendNibble
                0x0000000008000dec       0xcc Core/Src/lcd_fer.o
                0x0000000008000dec                LCD_SendNibble
 .text.LCD_SendInstruction
                0x0000000008000eb8       0x40 Core/Src/lcd_fer.o
                0x0000000008000eb8                LCD_SendInstruction
 .text.LCD_SendByte
                0x0000000008000ef8       0x26 Core/Src/lcd_fer.o
                0x0000000008000ef8                LCD_SendByte
 *fill*         0x0000000008000f1e        0x2 
 .text.main     0x0000000008000f20      0x3e4 Core/Src/main.o
                0x0000000008000f20                main
 .text.SystemClock_Config
                0x0000000008001304       0xb6 Core/Src/main.o
                0x0000000008001304                SystemClock_Config
 *fill*         0x00000000080013ba        0x2 
 .text.HAL_ADC_ConvHalfCpltCallback
                0x00000000080013bc       0x1c Core/Src/main.o
                0x00000000080013bc                HAL_ADC_ConvHalfCpltCallback
 .text.HAL_ADC_ConvCpltCallback
                0x00000000080013d8       0x1c Core/Src/main.o
                0x00000000080013d8                HAL_ADC_ConvCpltCallback
 .text.HAL_TIM_IC_CaptureCallback
                0x00000000080013f4       0xd0 Core/Src/main.o
                0x00000000080013f4                HAL_TIM_IC_CaptureCallback
 .text.HAL_TIM_PeriodElapsedCallback
                0x00000000080014c4       0x28 Core/Src/main.o
                0x00000000080014c4                HAL_TIM_PeriodElapsedCallback
 .text.Error_Handler
                0x00000000080014ec        0xc Core/Src/main.o
                0x00000000080014ec                Error_Handler
 .text.HAL_MspInit
                0x00000000080014f8       0x64 Core/Src/stm32f1xx_hal_msp.o
                0x00000000080014f8                HAL_MspInit
 .text.NMI_Handler
                0x000000000800155c        0xc Core/Src/stm32f1xx_it.o
                0x000000000800155c                NMI_Handler
 .text.HardFault_Handler
                0x0000000008001568        0x6 Core/Src/stm32f1xx_it.o
                0x0000000008001568                HardFault_Handler
 .text.MemManage_Handler
                0x000000000800156e        0x6 Core/Src/stm32f1xx_it.o
                0x000000000800156e                MemManage_Handler
 .text.BusFault_Handler
                0x0000000008001574        0x6 Core/Src/stm32f1xx_it.o
                0x0000000008001574                BusFault_Handler
 .text.UsageFault_Handler
                0x000000000800157a        0x6 Core/Src/stm32f1xx_it.o
                0x000000000800157a                UsageFault_Handler
 .text.SVC_Handler
                0x0000000008001580        0xc Core/Src/stm32f1xx_it.o
                0x0000000008001580                SVC_Handler
 .text.DebugMon_Handler
                0x000000000800158c        0xc Core/Src/stm32f1xx_it.o
                0x000000000800158c                DebugMon_Handler
 .text.PendSV_Handler
                0x0000000008001598        0xc Core/Src/stm32f1xx_it.o
                0x0000000008001598                PendSV_Handler
 .text.SysTick_Handler
                0x00000000080015a4        0xc Core/Src/stm32f1xx_it.o
                0x00000000080015a4                SysTick_Handler
 .text.DMA1_Channel1_IRQHandler
                0x00000000080015b0       0x14 Core/Src/stm32f1xx_it.o
                0x00000000080015b0                DMA1_Channel1_IRQHandler
 .text.ADC1_2_IRQHandler
                0x00000000080015c4       0x14 Core/Src/stm32f1xx_it.o
                0x00000000080015c4                ADC1_2_IRQHandler
 .text.TIM2_IRQHandler
                0x00000000080015d8       0x14 Core/Src/stm32f1xx_it.o
                0x00000000080015d8                TIM2_IRQHandler
 .text.TIM4_IRQHandler
                0x00000000080015ec       0x14 Core/Src/stm32f1xx_it.o
                0x00000000080015ec                TIM4_IRQHandler
 .text.SystemInit
                0x0000000008001600        0xc Core/Src/system_stm32f1xx.o
                0x0000000008001600                SystemInit
 .text.MX_TIM2_Init
                0x000000000800160c       0x9c Core/Src/tim.o
                0x000000000800160c                MX_TIM2_Init
 .text.MX_TIM3_Init
                0x00000000080016a8       0x98 Core/Src/tim.o
                0x00000000080016a8                MX_TIM3_Init
 .text.MX_TIM4_Init
                0x0000000008001740      0x13c Core/Src/tim.o
                0x0000000008001740                MX_TIM4_Init
 .text.HAL_TIM_Base_MspInit
                0x000000000800187c       0xec Core/Src/tim.o
                0x000000000800187c                HAL_TIM_Base_MspInit
 .text.Reset_Handler
                0x0000000008001968       0x48 Core/Startup/startup_stm32f103c8tx.o
                0x0000000008001968                Reset_Handler
 .text.Default_Handler
                0x00000000080019b0        0x2 Core/Startup/startup_stm32f103c8tx.o
                0x00000000080019b0                RTC_Alarm_IRQHandler
                0x00000000080019b0                EXTI2_IRQHandler
                0x00000000080019b0                TIM1_CC_IRQHandler
                0x00000000080019b0                PVD_IRQHandler
                0x00000000080019b0                EXTI3_IRQHandler
                0x00000000080019b0                EXTI0_IRQHandler
                0x00000000080019b0                I2C2_EV_IRQHandler
                0x00000000080019b0                SPI1_IRQHandler
                0x00000000080019b0                TAMPER_IRQHandler
                0x00000000080019b0                DMA1_Channel4_IRQHandler
                0x00000000080019b0                USART3_IRQHandler
                0x00000000080019b0                RTC_IRQHandler
                0x00000000080019b0                DMA1_Channel7_IRQHandler
                0x00000000080019b0                CAN1_RX1_IRQHandler
                0x00000000080019b0                I2C1_EV_IRQHandler
                0x00000000080019b0                DMA1_Channel6_IRQHandler
                0x00000000080019b0                TIM3_IRQHandler
                0x00000000080019b0                RCC_IRQHandler
                0x00000000080019b0                TIM1_TRG_COM_IRQHandler
                0x00000000080019b0                Default_Handler
                0x00000000080019b0                EXTI15_10_IRQHandler
                0x00000000080019b0                EXTI9_5_IRQHandler
                0x00000000080019b0                SPI2_IRQHandler
                0x00000000080019b0                DMA1_Channel5_IRQHandler
                0x00000000080019b0                EXTI4_IRQHandler
                0x00000000080019b0                USB_LP_CAN1_RX0_IRQHandler
                0x00000000080019b0                USB_HP_CAN1_TX_IRQHandler
                0x00000000080019b0                DMA1_Channel3_IRQHandler
                0x00000000080019b0                TIM1_UP_IRQHandler
                0x00000000080019b0                WWDG_IRQHandler
                0x00000000080019b0                TIM1_BRK_IRQHandler
                0x00000000080019b0                EXTI1_IRQHandler
                0x00000000080019b0                USART2_IRQHandler
                0x00000000080019b0                I2C2_ER_IRQHandler
                0x00000000080019b0                DMA1_Channel2_IRQHandler
                0x00000000080019b0                CAN1_SCE_IRQHandler
                0x00000000080019b0                FLASH_IRQHandler
                0x00000000080019b0                USART1_IRQHandler
                0x00000000080019b0                I2C1_ER_IRQHandler
                0x00000000080019b0                USBWakeUp_IRQHandler
 *fill*         0x00000000080019b2        0x2 
 .text.HAL_Init
                0x00000000080019b4       0x2c Drivers/STM32F1xx_HAL_Driver/Src/stm32f1xx_hal.o
                0x00000000080019b4                HAL_Init
 .text.HAL_InitTick
                0x00000000080019e0       0x60 Drivers/STM32F1xx_HAL_Driver/Src/stm32f1xx_hal.o
                0x00000000080019e0                HAL_InitTick
 .text.HAL_IncTick
                0x0000000008001a40       0x24 Drivers/STM32F1xx_HAL_Driver/Src/stm32f1xx_hal.o
                0x0000000008001a40                HAL_IncTick
 .text.HAL_GetTick
                0x0000000008001a64       0x14 Drivers/STM32F1xx_HAL_Driver/Src/stm32f1xx_hal.o
                0x0000000008001a64                HAL_GetTick
 .text.HAL_Delay
                0x0000000008001a78       0x44 Drivers/STM32F1xx_HAL_Driver/Src/stm32f1xx_hal.o
                0x0000000008001a78                HAL_Delay
 .text.HAL_ADC_Init
                0x0000000008001abc      0x1b0 Drivers/STM32F1xx_HAL_Driver/Src/stm32f1xx_hal_adc.o
                0x0000000008001abc                HAL_ADC_Init
 .text.HAL_ADC_Start_DMA
                0x0000000008001c6c      0x1bc Drivers/STM32F1xx_HAL_Driver/Src/stm32f1xx_hal_adc.o
                0x0000000008001c6c                HAL_ADC_Start_DMA
 .text.HAL_ADC_IRQHandler
                0x0000000008001e28      0x186 Drivers/STM32F1xx_HAL_Driver/Src/stm32f1xx_hal_adc.o
                0x0000000008001e28                HAL_ADC_IRQHandler
 .text.HAL_ADC_LevelOutOfWindowCallback
                0x0000000008001fae       0x12 Drivers/STM32F1xx_HAL_Driver/Src/stm32f1xx_hal_adc.o
                0x0000000008001fae                HAL_ADC_LevelOutOfWindowCallback
 .text.HAL_ADC_ErrorCallback
                0x0000000008001fc0       0x12 Drivers/STM32F1xx_HAL_Driver/Src/stm32f1xx_hal_adc.o
                0x0000000008001fc0                HAL_ADC_ErrorCallback
 *fill*         0x0000000008001fd2        0x2 
 .text.HAL_ADC_ConfigChannel
                0x0000000008001fd4      0x1f0 Drivers/STM32F1xx_HAL_Driver/Src/stm32f1xx_hal_adc.o
                0x0000000008001fd4                HAL_ADC_ConfigChannel
 .text.ADC_Enable
                0x00000000080021c4       0xb4 Drivers/STM32F1xx_HAL_Driver/Src/stm32f1xx_hal_adc.o
                0x00000000080021c4                ADC_Enable
 .text.ADC_ConversionStop_Disable
                0x0000000008002278       0x82 Drivers/STM32F1xx_HAL_Driver/Src/stm32f1xx_hal_adc.o
                0x0000000008002278                ADC_ConversionStop_Disable
 .text.ADC_DMAConvCplt
                0x00000000080022fa       0x7c Drivers/STM32F1xx_HAL_Driver/Src/stm32f1xx_hal_adc.o
                0x00000000080022fa                ADC_DMAConvCplt
 .text.ADC_DMAHalfConvCplt
                0x0000000008002376       0x1c Drivers/STM32F1xx_HAL_Driver/Src/stm32f1xx_hal_adc.o
                0x0000000008002376                ADC_DMAHalfConvCplt
 .text.ADC_DMAError
                0x0000000008002392       0x34 Drivers/STM32F1xx_HAL_Driver/Src/stm32f1xx_hal_adc.o
                0x0000000008002392                ADC_DMAError
 .text.HAL_ADCEx_InjectedConvCpltCallback
                0x00000000080023c6       0x12 Drivers/STM32F1xx_HAL_Driver/Src/stm32f1xx_hal_adc_ex.o
                0x00000000080023c6                HAL_ADCEx_InjectedConvCpltCallback
 .text.__NVIC_SetPriorityGrouping
                0x00000000080023d8       0x48 Drivers/STM32F1xx_HAL_Driver/Src/stm32f1xx_hal_cortex.o
 .text.__NVIC_GetPriorityGrouping
                0x0000000008002420       0x1c Drivers/STM32F1xx_HAL_Driver/Src/stm32f1xx_hal_cortex.o
 .text.__NVIC_EnableIRQ
                0x000000000800243c       0x38 Drivers/STM32F1xx_HAL_Driver/Src/stm32f1xx_hal_cortex.o
 .text.__NVIC_SetPriority
                0x0000000008002474       0x54 Drivers/STM32F1xx_HAL_Driver/Src/stm32f1xx_hal_cortex.o
 .text.NVIC_EncodePriority
                0x00000000080024c8       0x64 Drivers/STM32F1xx_HAL_Driver/Src/stm32f1xx_hal_cortex.o
 .text.SysTick_Config
                0x000000000800252c       0x44 Drivers/STM32F1xx_HAL_Driver/Src/stm32f1xx_hal_cortex.o
 .text.HAL_NVIC_SetPriorityGrouping
                0x0000000008002570       0x16 Drivers/STM32F1xx_HAL_Driver/Src/stm32f1xx_hal_cortex.o
                0x0000000008002570                HAL_NVIC_SetPriorityGrouping
 .text.HAL_NVIC_SetPriority
                0x0000000008002586       0x38 Drivers/STM32F1xx_HAL_Driver/Src/stm32f1xx_hal_cortex.o
                0x0000000008002586                HAL_NVIC_SetPriority
 .text.HAL_NVIC_EnableIRQ
                0x00000000080025be       0x1c Drivers/STM32F1xx_HAL_Driver/Src/stm32f1xx_hal_cortex.o
                0x00000000080025be                HAL_NVIC_EnableIRQ
 .text.HAL_SYSTICK_Config
                0x00000000080025da       0x18 Drivers/STM32F1xx_HAL_Driver/Src/stm32f1xx_hal_cortex.o
                0x00000000080025da                HAL_SYSTICK_Config
 *fill*         0x00000000080025f2        0x2 
 .text.HAL_DMA_Init
                0x00000000080025f4       0xb4 Drivers/STM32F1xx_HAL_Driver/Src/stm32f1xx_hal_dma.o
                0x00000000080025f4                HAL_DMA_Init
 .text.HAL_DMA_Start_IT
                0x00000000080026a8       0xbe Drivers/STM32F1xx_HAL_Driver/Src/stm32f1xx_hal_dma.o
                0x00000000080026a8                HAL_DMA_Start_IT
 *fill*         0x0000000008002766        0x2 
 .text.HAL_DMA_IRQHandler
                0x0000000008002768      0x20c Drivers/STM32F1xx_HAL_Driver/Src/stm32f1xx_hal_dma.o
                0x0000000008002768                HAL_DMA_IRQHandler
 .text.DMA_SetConfig
                0x0000000008002974       0x5a Drivers/STM32F1xx_HAL_Driver/Src/stm32f1xx_hal_dma.o
 *fill*         0x00000000080029ce        0x2 
 .text.HAL_GPIO_Init
                0x00000000080029d0      0x2b4 Drivers/STM32F1xx_HAL_Driver/Src/stm32f1xx_hal_gpio.o
                0x00000000080029d0                HAL_GPIO_Init
 .text.HAL_GPIO_ReadPin
                0x0000000008002c84       0x2e Drivers/STM32F1xx_HAL_Driver/Src/stm32f1xx_hal_gpio.o
                0x0000000008002c84                HAL_GPIO_ReadPin
 .text.HAL_GPIO_WritePin
                0x0000000008002cb2       0x30 Drivers/STM32F1xx_HAL_Driver/Src/stm32f1xx_hal_gpio.o
                0x0000000008002cb2                HAL_GPIO_WritePin
 *fill*         0x0000000008002ce2        0x2 
 .text.HAL_RCC_OscConfig
                0x0000000008002ce4      0x500 Drivers/STM32F1xx_HAL_Driver/Src/stm32f1xx_hal_rcc.o
                0x0000000008002ce4                HAL_RCC_OscConfig
 .text.HAL_RCC_ClockConfig
                0x00000000080031e4      0x1d4 Drivers/STM32F1xx_HAL_Driver/Src/stm32f1xx_hal_rcc.o
                0x00000000080031e4                HAL_RCC_ClockConfig
 .text.HAL_RCC_GetSysClockFreq
                0x00000000080033b8       0xc4 Drivers/STM32F1xx_HAL_Driver/Src/stm32f1xx_hal_rcc.o
                0x00000000080033b8                HAL_RCC_GetSysClockFreq
 .text.RCC_Delay
                0x000000000800347c       0x3c Drivers/STM32F1xx_HAL_Driver/Src/stm32f1xx_hal_rcc.o
 .text.HAL_RCCEx_PeriphCLKConfig
                0x00000000080034b8      0x16c Drivers/STM32F1xx_HAL_Driver/Src/stm32f1xx_hal_rcc_ex.o
                0x00000000080034b8                HAL_RCCEx_PeriphCLKConfig
 .text.HAL_TIM_Base_Init
                0x0000000008003624       0x9e Drivers/STM32F1xx_HAL_Driver/Src/stm32f1xx_hal_tim.o
                0x0000000008003624                HAL_TIM_Base_Init
 *fill*         0x00000000080036c2        0x2 
 .text.HAL_TIM_Base_Start
                0x00000000080036c4       0x94 Drivers/STM32F1xx_HAL_Driver/Src/stm32f1xx_hal_tim.o
                0x00000000080036c4                HAL_TIM_Base_Start
 .text.HAL_TIM_IC_Init
                0x0000000008003758       0x9e Drivers/STM32F1xx_HAL_Driver/Src/stm32f1xx_hal_tim.o
                0x0000000008003758                HAL_TIM_IC_Init
 .text.HAL_TIM_IC_MspInit
                0x00000000080037f6       0x12 Drivers/STM32F1xx_HAL_Driver/Src/stm32f1xx_hal_tim.o
                0x00000000080037f6                HAL_TIM_IC_MspInit
 .text.HAL_TIM_IC_Start_IT
                0x0000000008003808      0x20c Drivers/STM32F1xx_HAL_Driver/Src/stm32f1xx_hal_tim.o
                0x0000000008003808                HAL_TIM_IC_Start_IT
 .text.HAL_TIM_IRQHandler
                0x0000000008003a14      0x210 Drivers/STM32F1xx_HAL_Driver/Src/stm32f1xx_hal_tim.o
                0x0000000008003a14                HAL_TIM_IRQHandler
 .text.HAL_TIM_IC_ConfigChannel
                0x0000000008003c24      0x128 Drivers/STM32F1xx_HAL_Driver/Src/stm32f1xx_hal_tim.o
                0x0000000008003c24                HAL_TIM_IC_ConfigChannel
 .text.HAL_TIM_ConfigClockSource
                0x0000000008003d4c      0x16e Drivers/STM32F1xx_HAL_Driver/Src/stm32f1xx_hal_tim.o
                0x0000000008003d4c                HAL_TIM_ConfigClockSource
 .text.HAL_TIM_OC_DelayElapsedCallback
                0x0000000008003eba       0x12 Drivers/STM32F1xx_HAL_Driver/Src/stm32f1xx_hal_tim.o
                0x0000000008003eba                HAL_TIM_OC_DelayElapsedCallback
 .text.HAL_TIM_PWM_PulseFinishedCallback
                0x0000000008003ecc       0x12 Drivers/STM32F1xx_HAL_Driver/Src/stm32f1xx_hal_tim.o
                0x0000000008003ecc                HAL_TIM_PWM_PulseFinishedCallback
 .text.HAL_TIM_TriggerCallback
                0x0000000008003ede       0x12 Drivers/STM32F1xx_HAL_Driver/Src/stm32f1xx_hal_tim.o
                0x0000000008003ede                HAL_TIM_TriggerCallback
 .text.TIM_Base_SetConfig
                0x0000000008003ef0       0xc4 Drivers/STM32F1xx_HAL_Driver/Src/stm32f1xx_hal_tim.o
                0x0000000008003ef0                TIM_Base_SetConfig
 .text.TIM_TI1_SetConfig
                0x0000000008003fb4       0xb4 Drivers/STM32F1xx_HAL_Driver/Src/stm32f1xx_hal_tim.o
                0x0000000008003fb4                TIM_TI1_SetConfig
 .text.TIM_TI1_ConfigInputStage
                0x0000000008004068       0x5c Drivers/STM32F1xx_HAL_Driver/Src/stm32f1xx_hal_tim.o
 .text.TIM_TI2_SetConfig
                0x00000000080040c4       0x78 Drivers/STM32F1xx_HAL_Driver/Src/stm32f1xx_hal_tim.o
 .text.TIM_TI2_ConfigInputStage
                0x000000000800413c       0x5e Drivers/STM32F1xx_HAL_Driver/Src/stm32f1xx_hal_tim.o
 .text.TIM_TI3_SetConfig
                0x000000000800419a       0x76 Drivers/STM32F1xx_HAL_Driver/Src/stm32f1xx_hal_tim.o
 .text.TIM_TI4_SetConfig
                0x0000000008004210       0x78 Drivers/STM32F1xx_HAL_Driver/Src/stm32f1xx_hal_tim.o
 .text.TIM_ITRx_SetConfig
                0x0000000008004288       0x34 Drivers/STM32F1xx_HAL_Driver/Src/stm32f1xx_hal_tim.o
 .text.TIM_ETR_SetConfig
                0x00000000080042bc       0x3e Drivers/STM32F1xx_HAL_Driver/Src/stm32f1xx_hal_tim.o
                0x00000000080042bc                TIM_ETR_SetConfig
 .text.TIM_CCxChannelCmd
                0x00000000080042fa       0x48 Drivers/STM32F1xx_HAL_Driver/Src/stm32f1xx_hal_tim.o
                0x00000000080042fa                TIM_CCxChannelCmd
 *fill*         0x0000000008004342        0x2 
 .text.HAL_TIMEx_MasterConfigSynchronization
                0x0000000008004344       0xbc Drivers/STM32F1xx_HAL_Driver/Src/stm32f1xx_hal_tim_ex.o
                0x0000000008004344                HAL_TIMEx_MasterConfigSynchronization
 .text.HAL_TIMEx_CommutCallback
                0x0000000008004400       0x12 Drivers/STM32F1xx_HAL_Driver/Src/stm32f1xx_hal_tim_ex.o
                0x0000000008004400                HAL_TIMEx_CommutCallback
 .text.HAL_TIMEx_BreakCallback
                0x0000000008004412       0x12 Drivers/STM32F1xx_HAL_Driver/Src/stm32f1xx_hal_tim_ex.o
                0x0000000008004412                HAL_TIMEx_BreakCallback
 .text.__errno  0x0000000008004424        0xc /home/lucho/st/stm32cubeide_1.4.0/plugins/com.st.stm32cube.ide.mcu.externaltools.gnu-tools-for-stm32.7-2018-q2-update.linux64_1.4.0.202007081208/tools/bin/../lib/gcc/arm-none-eabi/7.3.1/../../../../arm-none-eabi/lib/thumb/v7-m/libc_nano.a(lib_a-errno.o)
                0x0000000008004424                __errno
 .text.__libc_init_array
                0x0000000008004430       0x48 /home/lucho/st/stm32cubeide_1.4.0/plugins/com.st.stm32cube.ide.mcu.externaltools.gnu-tools-for-stm32.7-2018-q2-update.linux64_1.4.0.202007081208/tools/bin/../lib/gcc/arm-none-eabi/7.3.1/../../../../arm-none-eabi/lib/thumb/v7-m/libc_nano.a(lib_a-init.o)
                0x0000000008004430                __libc_init_array
 .text.memset   0x0000000008004478       0x10 /home/lucho/st/stm32cubeide_1.4.0/plugins/com.st.stm32cube.ide.mcu.externaltools.gnu-tools-for-stm32.7-2018-q2-update.linux64_1.4.0.202007081208/tools/bin/../lib/gcc/arm-none-eabi/7.3.1/../../../../arm-none-eabi/lib/thumb/v7-m/libc_nano.a(lib_a-memset.o)
                0x0000000008004478                memset
 .text.sqrt     0x0000000008004488       0xa8 /home/lucho/st/stm32cubeide_1.4.0/plugins/com.st.stm32cube.ide.mcu.externaltools.gnu-tools-for-stm32.7-2018-q2-update.linux64_1.4.0.202007081208/tools/bin/../lib/gcc/arm-none-eabi/7.3.1/../../../../arm-none-eabi/lib/thumb/v7-m/libm.a(lib_a-w_sqrt.o)
                0x0000000008004488                sqrt
 .text.__ieee754_sqrt
                0x0000000008004530      0x158 /home/lucho/st/stm32cubeide_1.4.0/plugins/com.st.stm32cube.ide.mcu.externaltools.gnu-tools-for-stm32.7-2018-q2-update.linux64_1.4.0.202007081208/tools/bin/../lib/gcc/arm-none-eabi/7.3.1/../../../../arm-none-eabi/lib/thumb/v7-m/libm.a(lib_a-e_sqrt.o)
                0x0000000008004530                __ieee754_sqrt
 .text.matherr  0x0000000008004688        0x4 /home/lucho/st/stm32cubeide_1.4.0/plugins/com.st.stm32cube.ide.mcu.externaltools.gnu-tools-for-stm32.7-2018-q2-update.linux64_1.4.0.202007081208/tools/bin/../lib/gcc/arm-none-eabi/7.3.1/../../../../arm-none-eabi/lib/thumb/v7-m/libm.a(lib_a-s_matherr.o)
                0x0000000008004688                matherr
 *(.glue_7)
 .glue_7        0x000000000800468c        0x0 linker stubs
 *(.glue_7t)
 .glue_7t       0x000000000800468c        0x0 linker stubs
 *(.eh_frame)
 .eh_frame      0x000000000800468c        0x0 /home/lucho/st/stm32cubeide_1.4.0/plugins/com.st.stm32cube.ide.mcu.externaltools.gnu-tools-for-stm32.7-2018-q2-update.linux64_1.4.0.202007081208/tools/bin/../lib/gcc/arm-none-eabi/7.3.1/thumb/v7-m/crtbegin.o
 *(.init)
 .init          0x000000000800468c        0x4 /home/lucho/st/stm32cubeide_1.4.0/plugins/com.st.stm32cube.ide.mcu.externaltools.gnu-tools-for-stm32.7-2018-q2-update.linux64_1.4.0.202007081208/tools/bin/../lib/gcc/arm-none-eabi/7.3.1/thumb/v7-m/crti.o
                0x000000000800468c                _init
 .init          0x0000000008004690        0x8 /home/lucho/st/stm32cubeide_1.4.0/plugins/com.st.stm32cube.ide.mcu.externaltools.gnu-tools-for-stm32.7-2018-q2-update.linux64_1.4.0.202007081208/tools/bin/../lib/gcc/arm-none-eabi/7.3.1/thumb/v7-m/crtn.o
 *(.fini)
 .fini          0x0000000008004698        0x4 /home/lucho/st/stm32cubeide_1.4.0/plugins/com.st.stm32cube.ide.mcu.externaltools.gnu-tools-for-stm32.7-2018-q2-update.linux64_1.4.0.202007081208/tools/bin/../lib/gcc/arm-none-eabi/7.3.1/thumb/v7-m/crti.o
                0x0000000008004698                _fini
 .fini          0x000000000800469c        0x8 /home/lucho/st/stm32cubeide_1.4.0/plugins/com.st.stm32cube.ide.mcu.externaltools.gnu-tools-for-stm32.7-2018-q2-update.linux64_1.4.0.202007081208/tools/bin/../lib/gcc/arm-none-eabi/7.3.1/thumb/v7-m/crtn.o
                0x00000000080046a4                . = ALIGN (0x4)
                0x00000000080046a4                _etext = .

.vfp11_veneer   0x00000000080046a4        0x0
 .vfp11_veneer  0x00000000080046a4        0x0 linker stubs

.v4_bx          0x00000000080046a4        0x0
 .v4_bx         0x00000000080046a4        0x0 linker stubs

.iplt           0x00000000080046a4        0x0
 .iplt          0x00000000080046a4        0x0 /home/lucho/st/stm32cubeide_1.4.0/plugins/com.st.stm32cube.ide.mcu.externaltools.gnu-tools-for-stm32.7-2018-q2-update.linux64_1.4.0.202007081208/tools/bin/../lib/gcc/arm-none-eabi/7.3.1/thumb/v7-m/crtbegin.o

.rodata         0x00000000080046a4       0x2c
                0x00000000080046a4                . = ALIGN (0x4)
 *(.rodata)
 .rodata        0x00000000080046a4       0x12 Drivers/STM32F1xx_HAL_Driver/Src/stm32f1xx_hal_rcc.o
 *(.rodata*)
 *fill*         0x00000000080046b6        0x2 
 .rodata.AHBPrescTable
                0x00000000080046b8       0x10 Core/Src/system_stm32f1xx.o
                0x00000000080046b8                AHBPrescTable
 .rodata.sqrt.str1.1
                0x00000000080046c8        0x5 /home/lucho/st/stm32cubeide_1.4.0/plugins/com.st.stm32cube.ide.mcu.externaltools.gnu-tools-for-stm32.7-2018-q2-update.linux64_1.4.0.202007081208/tools/bin/../lib/gcc/arm-none-eabi/7.3.1/../../../../arm-none-eabi/lib/thumb/v7-m/libm.a(lib_a-w_sqrt.o)
                0x00000000080046d0                . = ALIGN (0x4)
 *fill*         0x00000000080046cd        0x3 

.rel.dyn        0x00000000080046d0        0x0
 .rel.iplt      0x00000000080046d0        0x0 /home/lucho/st/stm32cubeide_1.4.0/plugins/com.st.stm32cube.ide.mcu.externaltools.gnu-tools-for-stm32.7-2018-q2-update.linux64_1.4.0.202007081208/tools/bin/../lib/gcc/arm-none-eabi/7.3.1/thumb/v7-m/crtbegin.o

.ARM.extab      0x00000000080046d0        0x0
                0x00000000080046d0                . = ALIGN (0x4)
 *(.ARM.extab* .gnu.linkonce.armextab.*)
                0x00000000080046d0                . = ALIGN (0x4)

.ARM            0x00000000080046d0        0x0
                0x00000000080046d0                . = ALIGN (0x4)
                0x00000000080046d0                __exidx_start = .
 *(.ARM.exidx*)
                0x00000000080046d0                __exidx_end = .
                0x00000000080046d0                . = ALIGN (0x4)

.preinit_array  0x00000000080046d0        0x0
                0x00000000080046d0                . = ALIGN (0x4)
                0x00000000080046d0                PROVIDE (__preinit_array_start = .)
 *(.preinit_array*)
                0x00000000080046d0                PROVIDE (__preinit_array_end = .)
                0x00000000080046d0                . = ALIGN (0x4)

.init_array     0x00000000080046d0        0x4
                0x00000000080046d0                . = ALIGN (0x4)
                0x00000000080046d0                PROVIDE (__init_array_start = .)
 *(SORT_BY_NAME(.init_array.*))
 *(.init_array*)
 .init_array    0x00000000080046d0        0x4 /home/lucho/st/stm32cubeide_1.4.0/plugins/com.st.stm32cube.ide.mcu.externaltools.gnu-tools-for-stm32.7-2018-q2-update.linux64_1.4.0.202007081208/tools/bin/../lib/gcc/arm-none-eabi/7.3.1/thumb/v7-m/crtbegin.o
                0x00000000080046d4                PROVIDE (__init_array_end = .)
                0x00000000080046d4                . = ALIGN (0x4)

.fini_array     0x00000000080046d4        0x4
                0x00000000080046d4                . = ALIGN (0x4)
                [!provide]                        PROVIDE (__fini_array_start = .)
 *(SORT_BY_NAME(.fini_array.*))
 *(.fini_array*)
 .fini_array    0x00000000080046d4        0x4 /home/lucho/st/stm32cubeide_1.4.0/plugins/com.st.stm32cube.ide.mcu.externaltools.gnu-tools-for-stm32.7-2018-q2-update.linux64_1.4.0.202007081208/tools/bin/../lib/gcc/arm-none-eabi/7.3.1/thumb/v7-m/crtbegin.o
                [!provide]                        PROVIDE (__fini_array_end = .)
                0x00000000080046d8                . = ALIGN (0x4)
                0x00000000080046d8                _sidata = LOADADDR (.data)

.data           0x0000000020000000       0x74 load address 0x00000000080046d8
                0x0000000020000000                . = ALIGN (0x4)
                0x0000000020000000                _sdata = .
 *(.data)
 *(.data*)
 .data.SystemCoreClock
                0x0000000020000000        0x4 Core/Src/system_stm32f1xx.o
                0x0000000020000000                SystemCoreClock
 .data.uwTickPrio
                0x0000000020000004        0x4 Drivers/STM32F1xx_HAL_Driver/Src/stm32f1xx_hal.o
                0x0000000020000004                uwTickPrio
 .data.uwTickFreq
                0x0000000020000008        0x1 Drivers/STM32F1xx_HAL_Driver/Src/stm32f1xx_hal.o
                0x0000000020000008                uwTickFreq
 *fill*         0x0000000020000009        0x3 
 .data._impure_ptr
                0x000000002000000c        0x4 /home/lucho/st/stm32cubeide_1.4.0/plugins/com.st.stm32cube.ide.mcu.externaltools.gnu-tools-for-stm32.7-2018-q2-update.linux64_1.4.0.202007081208/tools/bin/../lib/gcc/arm-none-eabi/7.3.1/../../../../arm-none-eabi/lib/thumb/v7-m/libc_nano.a(lib_a-impure.o)
                0x000000002000000c                _impure_ptr
 .data.impure_data
                0x0000000020000010       0x60 /home/lucho/st/stm32cubeide_1.4.0/plugins/com.st.stm32cube.ide.mcu.externaltools.gnu-tools-for-stm32.7-2018-q2-update.linux64_1.4.0.202007081208/tools/bin/../lib/gcc/arm-none-eabi/7.3.1/../../../../arm-none-eabi/lib/thumb/v7-m/libc_nano.a(lib_a-impure.o)
 .data.__fdlib_version
                0x0000000020000070        0x1 /home/lucho/st/stm32cubeide_1.4.0/plugins/com.st.stm32cube.ide.mcu.externaltools.gnu-tools-for-stm32.7-2018-q2-update.linux64_1.4.0.202007081208/tools/bin/../lib/gcc/arm-none-eabi/7.3.1/../../../../arm-none-eabi/lib/thumb/v7-m/libm.a(lib_a-s_lib_ver.o)
                0x0000000020000070                __fdlib_version
                0x0000000020000074                . = ALIGN (0x4)
 *fill*         0x0000000020000071        0x3 
                0x0000000020000074                _edata = .

.igot.plt       0x0000000020000074        0x0 load address 0x000000000800474c
 .igot.plt      0x0000000020000074        0x0 /home/lucho/st/stm32cubeide_1.4.0/plugins/com.st.stm32cube.ide.mcu.externaltools.gnu-tools-for-stm32.7-2018-q2-update.linux64_1.4.0.202007081208/tools/bin/../lib/gcc/arm-none-eabi/7.3.1/thumb/v7-m/crtbegin.o
                0x0000000020000074                . = ALIGN (0x4)

.bss            0x0000000020000074      0x7d8 load address 0x000000000800474c
                0x0000000020000074                _sbss = .
                0x0000000020000074                __bss_start__ = _sbss
 *(.bss)
 .bss           0x0000000020000074       0x1c /home/lucho/st/stm32cubeide_1.4.0/plugins/com.st.stm32cube.ide.mcu.externaltools.gnu-tools-for-stm32.7-2018-q2-update.linux64_1.4.0.202007081208/tools/bin/../lib/gcc/arm-none-eabi/7.3.1/thumb/v7-m/crtbegin.o
 *(.bss*)
 .bss.acumulaV  0x0000000020000090        0x4 Core/Src/main.o
                0x0000000020000090                acumulaV
 .bss.acumulaA  0x0000000020000094        0x4 Core/Src/main.o
                0x0000000020000094                acumulaA
 .bss.RMS_samplesV
                0x0000000020000098        0x4 Core/Src/main.o
                0x0000000020000098                RMS_samplesV
 .bss.RMS_samplesA
                0x000000002000009c        0x4 Core/Src/main.o
                0x000000002000009c                RMS_samplesA
 .bss.status_adc
                0x00000000200000a0        0x1 Core/Src/main.o
                0x00000000200000a0                status_adc
 .bss.status_fase
                0x00000000200000a1        0x1 Core/Src/main.o
                0x00000000200000a1                status_fase
 .bss.flag_faseNegativa
                0x00000000200000a2        0x1 Core/Src/main.o
                0x00000000200000a2                flag_faseNegativa
 *fill*         0x00000000200000a3        0x1 
 .bss.acum_fase
                0x00000000200000a4        0x4 Core/Src/main.o
                0x00000000200000a4                acum_fase
 .bss.cuenta_fase
                0x00000000200000a8        0x1 Core/Src/main.o
                0x00000000200000a8                cuenta_fase
 *fill*         0x00000000200000a9        0x3 
 .bss.valor_fase
                0x00000000200000ac        0x4 Core/Src/main.o
                0x00000000200000ac                valor_fase
 .bss.ventana_inicio
                0x00000000200000b0        0x4 Core/Src/main.o
                0x00000000200000b0                ventana_inicio
 .bss.ventana_fin
                0x00000000200000b4        0x4 Core/Src/main.o
                0x00000000200000b4                ventana_fin
 .bss.flag_tim2
                0x00000000200000b8        0x1 Core/Src/main.o
                0x00000000200000b8                flag_tim2
 .bss.flag_protecV
                0x00000000200000b9        0x1 Core/Src/main.o
                0x00000000200000b9                flag_protecV
 .bss.flag_protecA
                0x00000000200000ba        0x1 Core/Src/main.o
                0x00000000200000ba                flag_protecA
 *(COMMON)
 *fill*         0x00000000200000bb        0x1 
 COMMON         0x00000000200000bc       0x74 Core/Src/adc.o
                0x00000000200000bc                hadc1
                0x00000000200000ec                hdma_adc1
 COMMON         0x0000000020000130      0x640 Core/Src/main.o
                0x0000000020000130                muestras
 COMMON         0x0000000020000770       0xd8 Core/Src/tim.o
                0x0000000020000770                htim4
                0x00000000200007b8                htim3
                0x0000000020000800                htim2
 COMMON         0x0000000020000848        0x4 Drivers/STM32F1xx_HAL_Driver/Src/stm32f1xx_hal.o
                0x0000000020000848                uwTick
                0x000000002000084c                . = ALIGN (0x4)
                0x000000002000084c                _ebss = .
                0x000000002000084c                __bss_end__ = _ebss

._user_heap_stack
                0x000000002000084c      0x604 load address 0x000000000800474c
                0x0000000020000850                . = ALIGN (0x8)
 *fill*         0x000000002000084c        0x4 
                [!provide]                        PROVIDE (end = .)
                0x0000000020000850                PROVIDE (_end = .)
                0x0000000020000a50                . = (. + _Min_Heap_Size)
 *fill*         0x0000000020000850      0x200 
                0x0000000020000e50                . = (. + _Min_Stack_Size)
 *fill*         0x0000000020000a50      0x400 
                0x0000000020000e50                . = ALIGN (0x8)

/DISCARD/
 libc.a(*)
 libm.a(*)
 libgcc.a(*)

.ARM.attributes
                0x0000000000000000       0x29
 *(.ARM.attributes)
 .ARM.attributes
                0x0000000000000000       0x1d /home/lucho/st/stm32cubeide_1.4.0/plugins/com.st.stm32cube.ide.mcu.externaltools.gnu-tools-for-stm32.7-2018-q2-update.linux64_1.4.0.202007081208/tools/bin/../lib/gcc/arm-none-eabi/7.3.1/thumb/v7-m/crti.o
 .ARM.attributes
                0x000000000000001d       0x2d /home/lucho/st/stm32cubeide_1.4.0/plugins/com.st.stm32cube.ide.mcu.externaltools.gnu-tools-for-stm32.7-2018-q2-update.linux64_1.4.0.202007081208/tools/bin/../lib/gcc/arm-none-eabi/7.3.1/thumb/v7-m/crtbegin.o
 .ARM.attributes
                0x000000000000004a       0x33 Core/Src/adc.o
 .ARM.attributes
                0x000000000000007d       0x33 Core/Src/dma.o
 .ARM.attributes
                0x00000000000000b0       0x33 Core/Src/gpio.o
 .ARM.attributes
                0x00000000000000e3       0x33 Core/Src/lcd_fer.o
 .ARM.attributes
                0x0000000000000116       0x33 Core/Src/main.o
 .ARM.attributes
                0x0000000000000149       0x33 Core/Src/stm32f1xx_hal_msp.o
 .ARM.attributes
                0x000000000000017c       0x33 Core/Src/stm32f1xx_it.o
 .ARM.attributes
                0x00000000000001af       0x33 Core/Src/system_stm32f1xx.o
 .ARM.attributes
                0x00000000000001e2       0x33 Core/Src/tim.o
 .ARM.attributes
                0x0000000000000215       0x21 Core/Startup/startup_stm32f103c8tx.o
 .ARM.attributes
                0x0000000000000236       0x33 Drivers/STM32F1xx_HAL_Driver/Src/stm32f1xx_hal.o
 .ARM.attributes
                0x0000000000000269       0x33 Drivers/STM32F1xx_HAL_Driver/Src/stm32f1xx_hal_adc.o
 .ARM.attributes
                0x000000000000029c       0x33 Drivers/STM32F1xx_HAL_Driver/Src/stm32f1xx_hal_adc_ex.o
 .ARM.attributes
                0x00000000000002cf       0x33 Drivers/STM32F1xx_HAL_Driver/Src/stm32f1xx_hal_cortex.o
 .ARM.attributes
                0x0000000000000302       0x33 Drivers/STM32F1xx_HAL_Driver/Src/stm32f1xx_hal_dma.o
 .ARM.attributes
                0x0000000000000335       0x33 Drivers/STM32F1xx_HAL_Driver/Src/stm32f1xx_hal_gpio.o
 .ARM.attributes
                0x0000000000000368       0x33 Drivers/STM32F1xx_HAL_Driver/Src/stm32f1xx_hal_rcc.o
 .ARM.attributes
                0x000000000000039b       0x33 Drivers/STM32F1xx_HAL_Driver/Src/stm32f1xx_hal_rcc_ex.o
 .ARM.attributes
                0x00000000000003ce       0x33 Drivers/STM32F1xx_HAL_Driver/Src/stm32f1xx_hal_tim.o
 .ARM.attributes
                0x0000000000000401       0x33 Drivers/STM32F1xx_HAL_Driver/Src/stm32f1xx_hal_tim_ex.o
 .ARM.attributes
                0x0000000000000434       0x2d /home/lucho/st/stm32cubeide_1.4.0/plugins/com.st.stm32cube.ide.mcu.externaltools.gnu-tools-for-stm32.7-2018-q2-update.linux64_1.4.0.202007081208/tools/bin/../lib/gcc/arm-none-eabi/7.3.1/../../../../arm-none-eabi/lib/thumb/v7-m/libc_nano.a(lib_a-errno.o)
 .ARM.attributes
                0x0000000000000461       0x2d /home/lucho/st/stm32cubeide_1.4.0/plugins/com.st.stm32cube.ide.mcu.externaltools.gnu-tools-for-stm32.7-2018-q2-update.linux64_1.4.0.202007081208/tools/bin/../lib/gcc/arm-none-eabi/7.3.1/../../../../arm-none-eabi/lib/thumb/v7-m/libc_nano.a(lib_a-impure.o)
 .ARM.attributes
                0x000000000000048e       0x2d /home/lucho/st/stm32cubeide_1.4.0/plugins/com.st.stm32cube.ide.mcu.externaltools.gnu-tools-for-stm32.7-2018-q2-update.linux64_1.4.0.202007081208/tools/bin/../lib/gcc/arm-none-eabi/7.3.1/../../../../arm-none-eabi/lib/thumb/v7-m/libc_nano.a(lib_a-init.o)
 .ARM.attributes
                0x00000000000004bb       0x2d /home/lucho/st/stm32cubeide_1.4.0/plugins/com.st.stm32cube.ide.mcu.externaltools.gnu-tools-for-stm32.7-2018-q2-update.linux64_1.4.0.202007081208/tools/bin/../lib/gcc/arm-none-eabi/7.3.1/../../../../arm-none-eabi/lib/thumb/v7-m/libc_nano.a(lib_a-memset.o)
 .ARM.attributes
                0x00000000000004e8       0x2d /home/lucho/st/stm32cubeide_1.4.0/plugins/com.st.stm32cube.ide.mcu.externaltools.gnu-tools-for-stm32.7-2018-q2-update.linux64_1.4.0.202007081208/tools/bin/../lib/gcc/arm-none-eabi/7.3.1/../../../../arm-none-eabi/lib/thumb/v7-m/libm.a(lib_a-w_sqrt.o)
 .ARM.attributes
                0x0000000000000515       0x2d /home/lucho/st/stm32cubeide_1.4.0/plugins/com.st.stm32cube.ide.mcu.externaltools.gnu-tools-for-stm32.7-2018-q2-update.linux64_1.4.0.202007081208/tools/bin/../lib/gcc/arm-none-eabi/7.3.1/../../../../arm-none-eabi/lib/thumb/v7-m/libm.a(lib_a-e_sqrt.o)
 .ARM.attributes
                0x0000000000000542       0x2d /home/lucho/st/stm32cubeide_1.4.0/plugins/com.st.stm32cube.ide.mcu.externaltools.gnu-tools-for-stm32.7-2018-q2-update.linux64_1.4.0.202007081208/tools/bin/../lib/gcc/arm-none-eabi/7.3.1/../../../../arm-none-eabi/lib/thumb/v7-m/libm.a(lib_a-s_lib_ver.o)
 .ARM.attributes
                0x000000000000056f       0x2d /home/lucho/st/stm32cubeide_1.4.0/plugins/com.st.stm32cube.ide.mcu.externaltools.gnu-tools-for-stm32.7-2018-q2-update.linux64_1.4.0.202007081208/tools/bin/../lib/gcc/arm-none-eabi/7.3.1/../../../../arm-none-eabi/lib/thumb/v7-m/libm.a(lib_a-s_matherr.o)
 .ARM.attributes
                0x000000000000059c       0x1d /home/lucho/st/stm32cubeide_1.4.0/plugins/com.st.stm32cube.ide.mcu.externaltools.gnu-tools-for-stm32.7-2018-q2-update.linux64_1.4.0.202007081208/tools/bin/../lib/gcc/arm-none-eabi/7.3.1/thumb/v7-m/libgcc.a(_arm_addsubdf3.o)
 .ARM.attributes
                0x00000000000005b9       0x1d /home/lucho/st/stm32cubeide_1.4.0/plugins/com.st.stm32cube.ide.mcu.externaltools.gnu-tools-for-stm32.7-2018-q2-update.linux64_1.4.0.202007081208/tools/bin/../lib/gcc/arm-none-eabi/7.3.1/thumb/v7-m/libgcc.a(_arm_muldivdf3.o)
 .ARM.attributes
                0x00000000000005d6       0x1d /home/lucho/st/stm32cubeide_1.4.0/plugins/com.st.stm32cube.ide.mcu.externaltools.gnu-tools-for-stm32.7-2018-q2-update.linux64_1.4.0.202007081208/tools/bin/../lib/gcc/arm-none-eabi/7.3.1/thumb/v7-m/libgcc.a(_arm_cmpdf2.o)
 .ARM.attributes
                0x00000000000005f3       0x1d /home/lucho/st/stm32cubeide_1.4.0/plugins/com.st.stm32cube.ide.mcu.externaltools.gnu-tools-for-stm32.7-2018-q2-update.linux64_1.4.0.202007081208/tools/bin/../lib/gcc/arm-none-eabi/7.3.1/thumb/v7-m/libgcc.a(_arm_unorddf2.o)
 .ARM.attributes
                0x0000000000000610       0x1d /home/lucho/st/stm32cubeide_1.4.0/plugins/com.st.stm32cube.ide.mcu.externaltools.gnu-tools-for-stm32.7-2018-q2-update.linux64_1.4.0.202007081208/tools/bin/../lib/gcc/arm-none-eabi/7.3.1/thumb/v7-m/libgcc.a(_arm_fixunsdfsi.o)
 .ARM.attributes
                0x000000000000062d       0x1d /home/lucho/st/stm32cubeide_1.4.0/plugins/com.st.stm32cube.ide.mcu.externaltools.gnu-tools-for-stm32.7-2018-q2-update.linux64_1.4.0.202007081208/tools/bin/../lib/gcc/arm-none-eabi/7.3.1/thumb/v7-m/crtn.o
OUTPUT(CajaDeCarga_STM32F103C8T6.elf elf32-littlearm)

.debug_info     0x0000000000000000     0xcad4
 .debug_info    0x0000000000000000      0x950 Core/Src/adc.o
 .debug_info    0x0000000000000950      0x378 Core/Src/dma.o
 .debug_info    0x0000000000000cc8      0x379 Core/Src/gpio.o
 .debug_info    0x0000000000001041      0xb0c Core/Src/lcd_fer.o
 .debug_info    0x0000000000001b4d     0x1597 Core/Src/main.o
 .debug_info    0x00000000000030e4      0x2d6 Core/Src/stm32f1xx_hal_msp.o
 .debug_info    0x00000000000033ba      0x98c Core/Src/stm32f1xx_it.o
 .debug_info    0x0000000000003d46      0x29a Core/Src/system_stm32f1xx.o
 .debug_info    0x0000000000003fe0      0xbc0 Core/Src/tim.o
 .debug_info    0x0000000000004ba0       0x22 Core/Startup/startup_stm32f103c8tx.o
 .debug_info    0x0000000000004bc2      0x714 Drivers/STM32F1xx_HAL_Driver/Src/stm32f1xx_hal.o
 .debug_info    0x00000000000052d6      0xc6c Drivers/STM32F1xx_HAL_Driver/Src/stm32f1xx_hal_adc.o
 .debug_info    0x0000000000005f42      0xa06 Drivers/STM32F1xx_HAL_Driver/Src/stm32f1xx_hal_adc_ex.o
 .debug_info    0x0000000000006948      0xb51 Drivers/STM32F1xx_HAL_Driver/Src/stm32f1xx_hal_cortex.o
 .debug_info    0x0000000000007499      0x7b1 Drivers/STM32F1xx_HAL_Driver/Src/stm32f1xx_hal_dma.o
 .debug_info    0x0000000000007c4a      0x69b Drivers/STM32F1xx_HAL_Driver/Src/stm32f1xx_hal_gpio.o
 .debug_info    0x00000000000082e5      0x80f Drivers/STM32F1xx_HAL_Driver/Src/stm32f1xx_hal_rcc.o
 .debug_info    0x0000000000008af4      0x444 Drivers/STM32F1xx_HAL_Driver/Src/stm32f1xx_hal_rcc_ex.o
 .debug_info    0x0000000000008f38     0x27f1 Drivers/STM32F1xx_HAL_Driver/Src/stm32f1xx_hal_tim.o
 .debug_info    0x000000000000b729     0x13ab Drivers/STM32F1xx_HAL_Driver/Src/stm32f1xx_hal_tim_ex.o

.debug_abbrev   0x0000000000000000     0x21fe
 .debug_abbrev  0x0000000000000000      0x1b3 Core/Src/adc.o
 .debug_abbrev  0x00000000000001b3      0x107 Core/Src/dma.o
 .debug_abbrev  0x00000000000002ba      0x134 Core/Src/gpio.o
 .debug_abbrev  0x00000000000003ee      0x1eb Core/Src/lcd_fer.o
 .debug_abbrev  0x00000000000005d9      0x278 Core/Src/main.o
 .debug_abbrev  0x0000000000000851      0x109 Core/Src/stm32f1xx_hal_msp.o
 .debug_abbrev  0x000000000000095a      0x169 Core/Src/stm32f1xx_it.o
 .debug_abbrev  0x0000000000000ac3      0x134 Core/Src/system_stm32f1xx.o
 .debug_abbrev  0x0000000000000bf7      0x1b3 Core/Src/tim.o
 .debug_abbrev  0x0000000000000daa       0x12 Core/Startup/startup_stm32f103c8tx.o
 .debug_abbrev  0x0000000000000dbc      0x1c7 Drivers/STM32F1xx_HAL_Driver/Src/stm32f1xx_hal.o
 .debug_abbrev  0x0000000000000f83      0x1d5 Drivers/STM32F1xx_HAL_Driver/Src/stm32f1xx_hal_adc.o
 .debug_abbrev  0x0000000000001158      0x1f5 Drivers/STM32F1xx_HAL_Driver/Src/stm32f1xx_hal_adc_ex.o
 .debug_abbrev  0x000000000000134d      0x2d5 Drivers/STM32F1xx_HAL_Driver/Src/stm32f1xx_hal_cortex.o
 .debug_abbrev  0x0000000000001622      0x1fe Drivers/STM32F1xx_HAL_Driver/Src/stm32f1xx_hal_dma.o
 .debug_abbrev  0x0000000000001820      0x1c0 Drivers/STM32F1xx_HAL_Driver/Src/stm32f1xx_hal_gpio.o
 .debug_abbrev  0x00000000000019e0      0x243 Drivers/STM32F1xx_HAL_Driver/Src/stm32f1xx_hal_rcc.o
 .debug_abbrev  0x0000000000001c23      0x175 Drivers/STM32F1xx_HAL_Driver/Src/stm32f1xx_hal_rcc_ex.o
 .debug_abbrev  0x0000000000001d98      0x230 Drivers/STM32F1xx_HAL_Driver/Src/stm32f1xx_hal_tim.o
 .debug_abbrev  0x0000000000001fc8      0x236 Drivers/STM32F1xx_HAL_Driver/Src/stm32f1xx_hal_tim_ex.o

.debug_aranges  0x0000000000000000      0xc60
 .debug_aranges
                0x0000000000000000       0x30 Core/Src/adc.o
 .debug_aranges
                0x0000000000000030       0x20 Core/Src/dma.o
 .debug_aranges
                0x0000000000000050       0x20 Core/Src/gpio.o
 .debug_aranges
                0x0000000000000070       0x50 Core/Src/lcd_fer.o
 .debug_aranges
                0x00000000000000c0       0x50 Core/Src/main.o
 .debug_aranges
                0x0000000000000110       0x20 Core/Src/stm32f1xx_hal_msp.o
 .debug_aranges
                0x0000000000000130       0x80 Core/Src/stm32f1xx_it.o
 .debug_aranges
                0x00000000000001b0       0x28 Core/Src/system_stm32f1xx.o
 .debug_aranges
                0x00000000000001d8       0x40 Core/Src/tim.o
 .debug_aranges
                0x0000000000000218       0x28 Core/Startup/startup_stm32f103c8tx.o
 .debug_aranges
                0x0000000000000240       0xe0 Drivers/STM32F1xx_HAL_Driver/Src/stm32f1xx_hal.o
 .debug_aranges
                0x0000000000000320       0xf0 Drivers/STM32F1xx_HAL_Driver/Src/stm32f1xx_hal_adc.o
 .debug_aranges
                0x0000000000000410       0x80 Drivers/STM32F1xx_HAL_Driver/Src/stm32f1xx_hal_adc_ex.o
 .debug_aranges
                0x0000000000000490      0x100 Drivers/STM32F1xx_HAL_Driver/Src/stm32f1xx_hal_cortex.o
 .debug_aranges
                0x0000000000000590       0x80 Drivers/STM32F1xx_HAL_Driver/Src/stm32f1xx_hal_dma.o
 .debug_aranges
                0x0000000000000610       0x58 Drivers/STM32F1xx_HAL_Driver/Src/stm32f1xx_hal_gpio.o
 .debug_aranges
                0x0000000000000668       0x90 Drivers/STM32F1xx_HAL_Driver/Src/stm32f1xx_hal_rcc.o
 .debug_aranges
                0x00000000000006f8       0x30 Drivers/STM32F1xx_HAL_Driver/Src/stm32f1xx_hal_rcc_ex.o
 .debug_aranges
                0x0000000000000728      0x3d0 Drivers/STM32F1xx_HAL_Driver/Src/stm32f1xx_hal_tim.o
 .debug_aranges
                0x0000000000000af8      0x168 Drivers/STM32F1xx_HAL_Driver/Src/stm32f1xx_hal_tim_ex.o

.debug_ranges   0x0000000000000000      0xb28
 .debug_ranges  0x0000000000000000       0x20 Core/Src/adc.o
 .debug_ranges  0x0000000000000020       0x10 Core/Src/dma.o
 .debug_ranges  0x0000000000000030       0x10 Core/Src/gpio.o
 .debug_ranges  0x0000000000000040       0x40 Core/Src/lcd_fer.o
 .debug_ranges  0x0000000000000080       0x40 Core/Src/main.o
 .debug_ranges  0x00000000000000c0       0x10 Core/Src/stm32f1xx_hal_msp.o
 .debug_ranges  0x00000000000000d0       0x70 Core/Src/stm32f1xx_it.o
 .debug_ranges  0x0000000000000140       0x18 Core/Src/system_stm32f1xx.o
 .debug_ranges  0x0000000000000158       0x30 Core/Src/tim.o
 .debug_ranges  0x0000000000000188       0x20 Core/Startup/startup_stm32f103c8tx.o
 .debug_ranges  0x00000000000001a8       0xd0 Drivers/STM32F1xx_HAL_Driver/Src/stm32f1xx_hal.o
 .debug_ranges  0x0000000000000278       0xe0 Drivers/STM32F1xx_HAL_Driver/Src/stm32f1xx_hal_adc.o
 .debug_ranges  0x0000000000000358       0x70 Drivers/STM32F1xx_HAL_Driver/Src/stm32f1xx_hal_adc_ex.o
 .debug_ranges  0x00000000000003c8       0xf0 Drivers/STM32F1xx_HAL_Driver/Src/stm32f1xx_hal_cortex.o
 .debug_ranges  0x00000000000004b8       0x70 Drivers/STM32F1xx_HAL_Driver/Src/stm32f1xx_hal_dma.o
 .debug_ranges  0x0000000000000528       0x48 Drivers/STM32F1xx_HAL_Driver/Src/stm32f1xx_hal_gpio.o
 .debug_ranges  0x0000000000000570       0x80 Drivers/STM32F1xx_HAL_Driver/Src/stm32f1xx_hal_rcc.o
 .debug_ranges  0x00000000000005f0       0x20 Drivers/STM32F1xx_HAL_Driver/Src/stm32f1xx_hal_rcc_ex.o
 .debug_ranges  0x0000000000000610      0x3c0 Drivers/STM32F1xx_HAL_Driver/Src/stm32f1xx_hal_tim.o
 .debug_ranges  0x00000000000009d0      0x158 Drivers/STM32F1xx_HAL_Driver/Src/stm32f1xx_hal_tim_ex.o

.debug_macro    0x0000000000000000    0x18cad
 .debug_macro   0x0000000000000000      0x1c6 Core/Src/adc.o
 .debug_macro   0x00000000000001c6      0xa5a Core/Src/adc.o
 .debug_macro   0x0000000000000c20      0x221 Core/Src/adc.o
 .debug_macro   0x0000000000000e41       0x2e Core/Src/adc.o
 .debug_macro   0x0000000000000e6f       0x22 Core/Src/adc.o
 .debug_macro   0x0000000000000e91       0x22 Core/Src/adc.o
 .debug_macro   0x0000000000000eb3       0x8e Core/Src/adc.o
 .debug_macro   0x0000000000000f41       0x51 Core/Src/adc.o
 .debug_macro   0x0000000000000f92       0xef Core/Src/adc.o
 .debug_macro   0x0000000000001081       0x6a Core/Src/adc.o
 .debug_macro   0x00000000000010eb      0x1df Core/Src/adc.o
 .debug_macro   0x00000000000012ca       0x1c Core/Src/adc.o
 .debug_macro   0x00000000000012e6       0x22 Core/Src/adc.o
 .debug_macro   0x0000000000001308       0xc3 Core/Src/adc.o
 .debug_macro   0x00000000000013cb      0xd23 Core/Src/adc.o
 .debug_macro   0x00000000000020ee     0xe09e Core/Src/adc.o
 .debug_macro   0x000000000001018c       0x6d Core/Src/adc.o
 .debug_macro   0x00000000000101f9     0x3468 Core/Src/adc.o
 .debug_macro   0x0000000000013661      0x174 Core/Src/adc.o
 .debug_macro   0x00000000000137d5       0x5c Core/Src/adc.o
 .debug_macro   0x0000000000013831      0x5be Core/Src/adc.o
 .debug_macro   0x0000000000013def      0x289 Core/Src/adc.o
 .debug_macro   0x0000000000014078      0x1cb Core/Src/adc.o
 .debug_macro   0x0000000000014243      0x114 Core/Src/adc.o
 .debug_macro   0x0000000000014357      0x1b2 Core/Src/adc.o
 .debug_macro   0x0000000000014509       0x27 Core/Src/adc.o
 .debug_macro   0x0000000000014530      0x136 Core/Src/adc.o
 .debug_macro   0x0000000000014666      0x1bc Core/Src/adc.o
 .debug_macro   0x0000000000014822       0x34 Core/Src/adc.o
 .debug_macro   0x0000000000014856       0x3c Core/Src/adc.o
 .debug_macro   0x0000000000014892       0x57 Core/Src/adc.o
 .debug_macro   0x00000000000148e9      0x46a Core/Src/adc.o
 .debug_macro   0x0000000000014d53      0x1b5 Core/Src/adc.o
 .debug_macro   0x0000000000014f08       0x88 Core/Src/adc.o
 .debug_macro   0x0000000000014f90      0x241 Core/Src/adc.o
 .debug_macro   0x00000000000151d1      0x141 Core/Src/adc.o
 .debug_macro   0x0000000000015312      0x8d1 Core/Src/adc.o
 .debug_macro   0x0000000000015be3       0x83 Core/Src/adc.o
 .debug_macro   0x0000000000015c66       0xc4 Core/Src/adc.o
 .debug_macro   0x0000000000015d2a      0x1c6 Core/Src/dma.o
 .debug_macro   0x0000000000015ef0      0x1c6 Core/Src/gpio.o
 .debug_macro   0x00000000000160b6      0x321 Core/Src/lcd_fer.o
 .debug_macro   0x00000000000163d7       0x46 Core/Src/lcd_fer.o
 .debug_macro   0x000000000001641d       0x18 Core/Src/lcd_fer.o
 .debug_macro   0x0000000000016435       0x3c Core/Src/lcd_fer.o
 .debug_macro   0x0000000000016471       0x34 Core/Src/lcd_fer.o
 .debug_macro   0x00000000000164a5       0x16 Core/Src/lcd_fer.o
 .debug_macro   0x00000000000164bb       0x35 Core/Src/lcd_fer.o
 .debug_macro   0x00000000000164f0      0x32a Core/Src/lcd_fer.o
 .debug_macro   0x000000000001681a       0x10 Core/Src/lcd_fer.o
 .debug_macro   0x000000000001682a       0x52 Core/Src/lcd_fer.o
 .debug_macro   0x000000000001687c       0x1f Core/Src/lcd_fer.o
 .debug_macro   0x000000000001689b       0x43 Core/Src/lcd_fer.o
 .debug_macro   0x00000000000168de       0x20 Core/Src/lcd_fer.o
 .debug_macro   0x00000000000168fe      0x1a3 Core/Src/lcd_fer.o
 .debug_macro   0x0000000000016aa1       0x10 Core/Src/lcd_fer.o
 .debug_macro   0x0000000000016ab1       0x1c Core/Src/lcd_fer.o
 .debug_macro   0x0000000000016acd       0x52 Core/Src/lcd_fer.o
 .debug_macro   0x0000000000016b1f       0x40 Core/Src/lcd_fer.o
 .debug_macro   0x0000000000016b5f       0x10 Core/Src/lcd_fer.o
 .debug_macro   0x0000000000016b6f       0x40 Core/Src/lcd_fer.o
 .debug_macro   0x0000000000016baf       0xd7 Core/Src/lcd_fer.o
 .debug_macro   0x0000000000016c86       0x1c Core/Src/lcd_fer.o
 .debug_macro   0x0000000000016ca2       0x3d Core/Src/lcd_fer.o
 .debug_macro   0x0000000000016cdf       0x16 Core/Src/lcd_fer.o
 .debug_macro   0x0000000000016cf5      0x145 Core/Src/lcd_fer.o
 .debug_macro   0x0000000000016e3a       0x88 Core/Src/lcd_fer.o
 .debug_macro   0x0000000000016ec2      0x366 Core/Src/main.o
 .debug_macro   0x0000000000017228      0x1e1 Core/Src/main.o
 .debug_macro   0x0000000000017409       0x1c Core/Src/main.o
 .debug_macro   0x0000000000017425      0x1bc Core/Src/stm32f1xx_hal_msp.o
 .debug_macro   0x00000000000175e1      0x1c6 Core/Src/stm32f1xx_it.o
 .debug_macro   0x00000000000177a7      0x1ad Core/Src/system_stm32f1xx.o
 .debug_macro   0x0000000000017954      0x1c6 Core/Src/tim.o
 .debug_macro   0x0000000000017b1a      0x1d1 Drivers/STM32F1xx_HAL_Driver/Src/stm32f1xx_hal.o
 .debug_macro   0x0000000000017ceb      0x1ca Drivers/STM32F1xx_HAL_Driver/Src/stm32f1xx_hal_adc.o
 .debug_macro   0x0000000000017eb5      0x1bf Drivers/STM32F1xx_HAL_Driver/Src/stm32f1xx_hal_adc_ex.o
 .debug_macro   0x0000000000018074      0x1ad Drivers/STM32F1xx_HAL_Driver/Src/stm32f1xx_hal_cortex.o
 .debug_macro   0x0000000000018221      0x1ad Drivers/STM32F1xx_HAL_Driver/Src/stm32f1xx_hal_dma.o
 .debug_macro   0x00000000000183ce      0x218 Drivers/STM32F1xx_HAL_Driver/Src/stm32f1xx_hal_gpio.o
 .debug_macro   0x00000000000185e6      0x1bf Drivers/STM32F1xx_HAL_Driver/Src/stm32f1xx_hal_rcc.o
 .debug_macro   0x00000000000187a5      0x1ad Drivers/STM32F1xx_HAL_Driver/Src/stm32f1xx_hal_rcc_ex.o
 .debug_macro   0x0000000000018952      0x1ae Drivers/STM32F1xx_HAL_Driver/Src/stm32f1xx_hal_tim.o
 .debug_macro   0x0000000000018b00      0x1ad Drivers/STM32F1xx_HAL_Driver/Src/stm32f1xx_hal_tim_ex.o

.debug_line     0x0000000000000000     0xbf14
 .debug_line    0x0000000000000000      0x6ce Core/Src/adc.o
 .debug_line    0x00000000000006ce      0x683 Core/Src/dma.o
 .debug_line    0x0000000000000d51      0x6a5 Core/Src/gpio.o
 .debug_line    0x00000000000013f6      0x915 Core/Src/lcd_fer.o
 .debug_line    0x0000000000001d0b      0x9aa Core/Src/main.o
 .debug_line    0x00000000000026b5      0x689 Core/Src/stm32f1xx_hal_msp.o
 .debug_line    0x0000000000002d3e      0x774 Core/Src/stm32f1xx_it.o
 .debug_line    0x00000000000034b2      0x6b0 Core/Src/system_stm32f1xx.o
 .debug_line    0x0000000000003b62      0x738 Core/Src/tim.o
 .debug_line    0x000000000000429a       0x87 Core/Startup/startup_stm32f103c8tx.o
 .debug_line    0x0000000000004321      0x863 Drivers/STM32F1xx_HAL_Driver/Src/stm32f1xx_hal.o
 .debug_line    0x0000000000004b84      0xbb8 Drivers/STM32F1xx_HAL_Driver/Src/stm32f1xx_hal_adc.o
 .debug_line    0x000000000000573c      0x9ff Drivers/STM32F1xx_HAL_Driver/Src/stm32f1xx_hal_adc_ex.o
 .debug_line    0x000000000000613b      0x93a Drivers/STM32F1xx_HAL_Driver/Src/stm32f1xx_hal_cortex.o
 .debug_line    0x0000000000006a75      0xac8 Drivers/STM32F1xx_HAL_Driver/Src/stm32f1xx_hal_dma.o
 .debug_line    0x000000000000753d      0x85f Drivers/STM32F1xx_HAL_Driver/Src/stm32f1xx_hal_gpio.o
 .debug_line    0x0000000000007d9c      0x923 Drivers/STM32F1xx_HAL_Driver/Src/stm32f1xx_hal_rcc.o
 .debug_line    0x00000000000086bf      0x741 Drivers/STM32F1xx_HAL_Driver/Src/stm32f1xx_hal_rcc_ex.o
 .debug_line    0x0000000000008e00     0x1fbc Drivers/STM32F1xx_HAL_Driver/Src/stm32f1xx_hal_tim.o
 .debug_line    0x000000000000adbc     0x1158 Drivers/STM32F1xx_HAL_Driver/Src/stm32f1xx_hal_tim_ex.o

.debug_str      0x0000000000000000    0x8e371
 .debug_str     0x0000000000000000    0x8671a Core/Src/adc.o
                                      0x86b7a (size before relaxing)
 .debug_str     0x000000000008671a       0x27 Core/Src/dma.o
                                      0x86783 (size before relaxing)
 .debug_str     0x0000000000086741       0x46 Core/Src/gpio.o
                                      0x86529 (size before relaxing)
 .debug_str     0x0000000000086787     0x42f3 Core/Src/lcd_fer.o
                                      0x8a7c0 (size before relaxing)
 .debug_str     0x000000000008aa7a      0xf06 Core/Src/main.o
                                      0x8ba62 (size before relaxing)
 .debug_str     0x000000000008b980       0x5a Core/Src/stm32f1xx_hal_msp.o
                                      0x864e1 (size before relaxing)
 .debug_str     0x000000000008b9da       0xf6 Core/Src/stm32f1xx_it.o
                                      0x86b46 (size before relaxing)
 .debug_str     0x000000000008bad0       0x52 Core/Src/system_stm32f1xx.o
                                      0x861db (size before relaxing)
 .debug_str     0x000000000008bb22      0x13a Core/Src/tim.o
                                      0x86e0e (size before relaxing)
 .debug_str     0x000000000008bc5c       0x36 Core/Startup/startup_stm32f103c8tx.o
                                         0x79 (size before relaxing)
 .debug_str     0x000000000008bc92      0x304 Drivers/STM32F1xx_HAL_Driver/Src/stm32f1xx_hal.o
                                      0x8686c (size before relaxing)
 .debug_str     0x000000000008bf96      0x329 Drivers/STM32F1xx_HAL_Driver/Src/stm32f1xx_hal_adc.o
                                      0x8686b (size before relaxing)
 .debug_str     0x000000000008c2bf      0x2fb Drivers/STM32F1xx_HAL_Driver/Src/stm32f1xx_hal_adc_ex.o
                                      0x86820 (size before relaxing)
 .debug_str     0x000000000008c5ba      0x300 Drivers/STM32F1xx_HAL_Driver/Src/stm32f1xx_hal_cortex.o
                                      0x86874 (size before relaxing)
 .debug_str     0x000000000008c8ba      0x235 Drivers/STM32F1xx_HAL_Driver/Src/stm32f1xx_hal_dma.o
                                      0x865b6 (size before relaxing)
 .debug_str     0x000000000008caef      0x311 Drivers/STM32F1xx_HAL_Driver/Src/stm32f1xx_hal_gpio.o
                                      0x8659f (size before relaxing)
 .debug_str     0x000000000008ce00      0x24f Drivers/STM32F1xx_HAL_Driver/Src/stm32f1xx_hal_rcc.o
                                      0x865d8 (size before relaxing)
 .debug_str     0x000000000008d04f       0xb9 Drivers/STM32F1xx_HAL_Driver/Src/stm32f1xx_hal_rcc_ex.o
                                      0x86365 (size before relaxing)
 .debug_str     0x000000000008d108      0xd7b Drivers/STM32F1xx_HAL_Driver/Src/stm32f1xx_hal_tim.o
                                      0x875aa (size before relaxing)
 .debug_str     0x000000000008de83      0x4ee Drivers/STM32F1xx_HAL_Driver/Src/stm32f1xx_hal_tim_ex.o
                                      0x86d5b (size before relaxing)

.comment        0x0000000000000000       0x7b
 .comment       0x0000000000000000       0x7b Core/Src/adc.o
                                         0x7c (size before relaxing)
 .comment       0x000000000000007b       0x7c Core/Src/dma.o
 .comment       0x000000000000007b       0x7c Core/Src/gpio.o
 .comment       0x000000000000007b       0x7c Core/Src/lcd_fer.o
 .comment       0x000000000000007b       0x7c Core/Src/main.o
 .comment       0x000000000000007b       0x7c Core/Src/stm32f1xx_hal_msp.o
 .comment       0x000000000000007b       0x7c Core/Src/stm32f1xx_it.o
 .comment       0x000000000000007b       0x7c Core/Src/system_stm32f1xx.o
 .comment       0x000000000000007b       0x7c Core/Src/tim.o
 .comment       0x000000000000007b       0x7c Drivers/STM32F1xx_HAL_Driver/Src/stm32f1xx_hal.o
 .comment       0x000000000000007b       0x7c Drivers/STM32F1xx_HAL_Driver/Src/stm32f1xx_hal_adc.o
 .comment       0x000000000000007b       0x7c Drivers/STM32F1xx_HAL_Driver/Src/stm32f1xx_hal_adc_ex.o
 .comment       0x000000000000007b       0x7c Drivers/STM32F1xx_HAL_Driver/Src/stm32f1xx_hal_cortex.o
 .comment       0x000000000000007b       0x7c Drivers/STM32F1xx_HAL_Driver/Src/stm32f1xx_hal_dma.o
 .comment       0x000000000000007b       0x7c Drivers/STM32F1xx_HAL_Driver/Src/stm32f1xx_hal_gpio.o
 .comment       0x000000000000007b       0x7c Drivers/STM32F1xx_HAL_Driver/Src/stm32f1xx_hal_rcc.o
 .comment       0x000000000000007b       0x7c Drivers/STM32F1xx_HAL_Driver/Src/stm32f1xx_hal_rcc_ex.o
 .comment       0x000000000000007b       0x7c Drivers/STM32F1xx_HAL_Driver/Src/stm32f1xx_hal_tim.o
 .comment       0x000000000000007b       0x7c Drivers/STM32F1xx_HAL_Driver/Src/stm32f1xx_hal_tim_ex.o

.debug_frame    0x0000000000000000     0x3418
 .debug_frame   0x0000000000000000       0x7c Core/Src/adc.o
 .debug_frame   0x000000000000007c       0x34 Core/Src/dma.o
 .debug_frame   0x00000000000000b0       0x34 Core/Src/gpio.o
 .debug_frame   0x00000000000000e4      0x104 Core/Src/lcd_fer.o
 .debug_frame   0x00000000000001e8      0x114 Core/Src/main.o
 .debug_frame   0x00000000000002fc       0x38 Core/Src/stm32f1xx_hal_msp.o
 .debug_frame   0x0000000000000334      0x17c Core/Src/stm32f1xx_it.o
 .debug_frame   0x00000000000004b0       0x58 Core/Src/system_stm32f1xx.o
 .debug_frame   0x0000000000000508       0xc4 Core/Src/tim.o
 .debug_frame   0x00000000000005cc      0x334 Drivers/STM32F1xx_HAL_Driver/Src/stm32f1xx_hal.o
 .debug_frame   0x0000000000000900      0x40c Drivers/STM32F1xx_HAL_Driver/Src/stm32f1xx_hal_adc.o
 .debug_frame   0x0000000000000d0c      0x200 Drivers/STM32F1xx_HAL_Driver/Src/stm32f1xx_hal_adc_ex.o
 .debug_frame   0x0000000000000f0c      0x428 Drivers/STM32F1xx_HAL_Driver/Src/stm32f1xx_hal_cortex.o
 .debug_frame   0x0000000000001334      0x208 Drivers/STM32F1xx_HAL_Driver/Src/stm32f1xx_hal_dma.o
 .debug_frame   0x000000000000153c      0x14c Drivers/STM32F1xx_HAL_Driver/Src/stm32f1xx_hal_gpio.o
 .debug_frame   0x0000000000001688      0x21c Drivers/STM32F1xx_HAL_Driver/Src/stm32f1xx_hal_rcc.o
 .debug_frame   0x00000000000018a4       0x84 Drivers/STM32F1xx_HAL_Driver/Src/stm32f1xx_hal_rcc_ex.o
 .debug_frame   0x0000000000001928     0x11b8 Drivers/STM32F1xx_HAL_Driver/Src/stm32f1xx_hal_tim.o
 .debug_frame   0x0000000000002ae0      0x638 Drivers/STM32F1xx_HAL_Driver/Src/stm32f1xx_hal_tim_ex.o
 .debug_frame   0x0000000000003118       0x20 /home/lucho/st/stm32cubeide_1.4.0/plugins/com.st.stm32cube.ide.mcu.externaltools.gnu-tools-for-stm32.7-2018-q2-update.linux64_1.4.0.202007081208/tools/bin/../lib/gcc/arm-none-eabi/7.3.1/../../../../arm-none-eabi/lib/thumb/v7-m/libc_nano.a(lib_a-errno.o)
 .debug_frame   0x0000000000003138       0x2c /home/lucho/st/stm32cubeide_1.4.0/plugins/com.st.stm32cube.ide.mcu.externaltools.gnu-tools-for-stm32.7-2018-q2-update.linux64_1.4.0.202007081208/tools/bin/../lib/gcc/arm-none-eabi/7.3.1/../../../../arm-none-eabi/lib/thumb/v7-m/libc_nano.a(lib_a-init.o)
 .debug_frame   0x0000000000003164       0x20 /home/lucho/st/stm32cubeide_1.4.0/plugins/com.st.stm32cube.ide.mcu.externaltools.gnu-tools-for-stm32.7-2018-q2-update.linux64_1.4.0.202007081208/tools/bin/../lib/gcc/arm-none-eabi/7.3.1/../../../../arm-none-eabi/lib/thumb/v7-m/libc_nano.a(lib_a-memset.o)
 .debug_frame   0x0000000000003184       0x40 /home/lucho/st/stm32cubeide_1.4.0/plugins/com.st.stm32cube.ide.mcu.externaltools.gnu-tools-for-stm32.7-2018-q2-update.linux64_1.4.0.202007081208/tools/bin/../lib/gcc/arm-none-eabi/7.3.1/../../../../arm-none-eabi/lib/thumb/v7-m/libm.a(lib_a-w_sqrt.o)
 .debug_frame   0x00000000000031c4       0x30 /home/lucho/st/stm32cubeide_1.4.0/plugins/com.st.stm32cube.ide.mcu.externaltools.gnu-tools-for-stm32.7-2018-q2-update.linux64_1.4.0.202007081208/tools/bin/../lib/gcc/arm-none-eabi/7.3.1/../../../../arm-none-eabi/lib/thumb/v7-m/libm.a(lib_a-e_sqrt.o)
 .debug_frame   0x00000000000031f4       0x20 /home/lucho/st/stm32cubeide_1.4.0/plugins/com.st.stm32cube.ide.mcu.externaltools.gnu-tools-for-stm32.7-2018-q2-update.linux64_1.4.0.202007081208/tools/bin/../lib/gcc/arm-none-eabi/7.3.1/../../../../arm-none-eabi/lib/thumb/v7-m/libm.a(lib_a-s_matherr.o)
 .debug_frame   0x0000000000003214       0xac /home/lucho/st/stm32cubeide_1.4.0/plugins/com.st.stm32cube.ide.mcu.externaltools.gnu-tools-for-stm32.7-2018-q2-update.linux64_1.4.0.202007081208/tools/bin/../lib/gcc/arm-none-eabi/7.3.1/thumb/v7-m/libgcc.a(_arm_addsubdf3.o)
 .debug_frame   0x00000000000032c0       0x50 /home/lucho/st/stm32cubeide_1.4.0/plugins/com.st.stm32cube.ide.mcu.externaltools.gnu-tools-for-stm32.7-2018-q2-update.linux64_1.4.0.202007081208/tools/bin/../lib/gcc/arm-none-eabi/7.3.1/thumb/v7-m/libgcc.a(_arm_muldivdf3.o)
 .debug_frame   0x0000000000003310       0xc4 /home/lucho/st/stm32cubeide_1.4.0/plugins/com.st.stm32cube.ide.mcu.externaltools.gnu-tools-for-stm32.7-2018-q2-update.linux64_1.4.0.202007081208/tools/bin/../lib/gcc/arm-none-eabi/7.3.1/thumb/v7-m/libgcc.a(_arm_cmpdf2.o)
 .debug_frame   0x00000000000033d4       0x20 /home/lucho/st/stm32cubeide_1.4.0/plugins/com.st.stm32cube.ide.mcu.externaltools.gnu-tools-for-stm32.7-2018-q2-update.linux64_1.4.0.202007081208/tools/bin/../lib/gcc/arm-none-eabi/7.3.1/thumb/v7-m/libgcc.a(_arm_unorddf2.o)
 .debug_frame   0x00000000000033f4       0x24 /home/lucho/st/stm32cubeide_1.4.0/plugins/com.st.stm32cube.ide.mcu.externaltools.gnu-tools-for-stm32.7-2018-q2-update.linux64_1.4.0.202007081208/tools/bin/../lib/gcc/arm-none-eabi/7.3.1/thumb/v7-m/libgcc.a(_arm_fixunsdfsi.o)
