main.c:177:5:main	24	static
main.c:405:6:SystemClock_Config	88	static
main.c:447:6:valor_mediciones	4	static
main.c:499:6:imprimePantalla	16	static
main.c:571:6:protecciones	16	static
main.c:998:7:update_entradas	8	static
main.c:1007:6:check_entradas	4	static
main.c:1042:7:update_proteccion	8	static
main.c:1051:6:check_proteccion	4	static
main.c:1085:6:HAL_TIM_PeriodElapsedCallback	16	static
main.c:1092:6:HAL_ADC_ConvHalfCpltCallback	16	static
main.c:1096:6:HAL_ADC_ConvCpltCallback	16	static
main.c:1102:6:HAL_TIM_IC_CaptureCallback	16	static
main.c:1132:6:Error_Handler	4	static
