main.c:178:5:main	24	static
main.c:406:6:SystemClock_Config	88	static
main.c:448:6:valor_mediciones	4	static
main.c:500:6:imprimePantalla	16	static
main.c:572:6:protecciones	16	static
main.c:995:7:update_entradas	8	static
main.c:1004:6:check_entradas	4	static
main.c:1039:7:update_proteccion	8	static
main.c:1048:6:check_proteccion	4	static
main.c:1082:6:HAL_TIM_PeriodElapsedCallback	16	static
main.c:1089:6:HAL_ADC_ConvHalfCpltCallback	16	static
main.c:1093:6:HAL_ADC_ConvCpltCallback	16	static
main.c:1099:6:HAL_TIM_IC_CaptureCallback	16	static
main.c:1129:6:Error_Handler	4	static
